s . CommonRomance.VInfin Prelude.False => peser
s . CommonRomance.VInfin Prelude.True => peser
s . CommonRomance.VFin (CommonRomance.VPres CommonRomance.Indic) ParamX.Sg ParamX.P1 => pèse
s . CommonRomance.VFin (CommonRomance.VPres CommonRomance.Indic) ParamX.Sg ParamX.P2 => pèses
s . CommonRomance.VFin (CommonRomance.VPres CommonRomance.Indic) ParamX.Sg ParamX.P3 => pèse
s . CommonRomance.VFin (CommonRomance.VPres CommonRomance.Indic) ParamX.Pl ParamX.P1 => pesons
s . CommonRomance.VFin (CommonRomance.VPres CommonRomance.Indic) ParamX.Pl ParamX.P2 => pesez
s . CommonRomance.VFin (CommonRomance.VPres CommonRomance.Indic) ParamX.Pl ParamX.P3 => pèsent
s . CommonRomance.VFin (CommonRomance.VPres CommonRomance.Conjunct) ParamX.Sg ParamX.P1 => pèse
s . CommonRomance.VFin (CommonRomance.VPres CommonRomance.Conjunct) ParamX.Sg ParamX.P2 => pèses
s . CommonRomance.VFin (CommonRomance.VPres CommonRomance.Conjunct) ParamX.Sg ParamX.P3 => pèse
s . CommonRomance.VFin (CommonRomance.VPres CommonRomance.Conjunct) ParamX.Pl ParamX.P1 => pesions
s . CommonRomance.VFin (CommonRomance.VPres CommonRomance.Conjunct) ParamX.Pl ParamX.P2 => pesiez
s . CommonRomance.VFin (CommonRomance.VPres CommonRomance.Conjunct) ParamX.Pl ParamX.P3 => pèsent
s . CommonRomance.VFin (CommonRomance.VImperf CommonRomance.Indic) ParamX.Sg ParamX.P1 => pesais
s . CommonRomance.VFin (CommonRomance.VImperf CommonRomance.Indic) ParamX.Sg ParamX.P2 => pesais
s . CommonRomance.VFin (CommonRomance.VImperf CommonRomance.Indic) ParamX.Sg ParamX.P3 => pesait
s . CommonRomance.VFin (CommonRomance.VImperf CommonRomance.Indic) ParamX.Pl ParamX.P1 => pesions
s . CommonRomance.VFin (CommonRomance.VImperf CommonRomance.Indic) ParamX.Pl ParamX.P2 => pesiez
s . CommonRomance.VFin (CommonRomance.VImperf CommonRomance.Indic) ParamX.Pl ParamX.P3 => pesaient
s . CommonRomance.VFin (CommonRomance.VImperf CommonRomance.Conjunct) ParamX.Sg ParamX.P1 => pesasse
s . CommonRomance.VFin (CommonRomance.VImperf CommonRomance.Conjunct) ParamX.Sg ParamX.P2 => pesasses
s . CommonRomance.VFin (CommonRomance.VImperf CommonRomance.Conjunct) ParamX.Sg ParamX.P3 => pesât
s . CommonRomance.VFin (CommonRomance.VImperf CommonRomance.Conjunct) ParamX.Pl ParamX.P1 => pesassions
s . CommonRomance.VFin (CommonRomance.VImperf CommonRomance.Conjunct) ParamX.Pl ParamX.P2 => pesassiez
s . CommonRomance.VFin (CommonRomance.VImperf CommonRomance.Conjunct) ParamX.Pl ParamX.P3 => pesassent
s . CommonRomance.VFin CommonRomance.VPasse ParamX.Sg ParamX.P1 => pesai
s . CommonRomance.VFin CommonRomance.VPasse ParamX.Sg ParamX.P2 => pesas
s . CommonRomance.VFin CommonRomance.VPasse ParamX.Sg ParamX.P3 => pesa
s . CommonRomance.VFin CommonRomance.VPasse ParamX.Pl ParamX.P1 => pesâmes
s . CommonRomance.VFin CommonRomance.VPasse ParamX.Pl ParamX.P2 => pesâtes
s . CommonRomance.VFin CommonRomance.VPasse ParamX.Pl ParamX.P3 => pesèrent
s . CommonRomance.VFin CommonRomance.VFut ParamX.Sg ParamX.P1 => peserai
s . CommonRomance.VFin CommonRomance.VFut ParamX.Sg ParamX.P2 => peseras
s . CommonRomance.VFin CommonRomance.VFut ParamX.Sg ParamX.P3 => pesera
s . CommonRomance.VFin CommonRomance.VFut ParamX.Pl ParamX.P1 => peserons
s . CommonRomance.VFin CommonRomance.VFut ParamX.Pl ParamX.P2 => peserez
s . CommonRomance.VFin CommonRomance.VFut ParamX.Pl ParamX.P3 => peseront
s . CommonRomance.VFin CommonRomance.VCondit ParamX.Sg ParamX.P1 => peserais
s . CommonRomance.VFin CommonRomance.VCondit ParamX.Sg ParamX.P2 => peserais
s . CommonRomance.VFin CommonRomance.VCondit ParamX.Sg ParamX.P3 => peserait
s . CommonRomance.VFin CommonRomance.VCondit ParamX.Pl ParamX.P1 => peserions
s . CommonRomance.VFin CommonRomance.VCondit ParamX.Pl ParamX.P2 => peseriez
s . CommonRomance.VFin CommonRomance.VCondit ParamX.Pl ParamX.P3 => peseraient
s . CommonRomance.VImper CommonRomance.SgP2 => pèse
s . CommonRomance.VImper CommonRomance.PlP1 => pesons
s . CommonRomance.VImper CommonRomance.PlP2 => pesez
s . CommonRomance.VPart CommonRomance.Masc ParamX.Sg => pesé
s . CommonRomance.VPart CommonRomance.Masc ParamX.Pl => pesés
s . CommonRomance.VPart CommonRomance.Fem ParamX.Sg => pesée
s . CommonRomance.VPart CommonRomance.Fem ParamX.Pl => pesées
s . CommonRomance.VGer => pesant
