s . CommonRomance.VInfin Prelude.False => créer
s . CommonRomance.VInfin Prelude.True => créer
s . CommonRomance.VFin (CommonRomance.VPres CommonRomance.Indic) ParamX.Sg ParamX.P1 => crée
s . CommonRomance.VFin (CommonRomance.VPres CommonRomance.Indic) ParamX.Sg ParamX.P2 => crées
s . CommonRomance.VFin (CommonRomance.VPres CommonRomance.Indic) ParamX.Sg ParamX.P3 => crée
s . CommonRomance.VFin (CommonRomance.VPres CommonRomance.Indic) ParamX.Pl ParamX.P1 => créons
s . CommonRomance.VFin (CommonRomance.VPres CommonRomance.Indic) ParamX.Pl ParamX.P2 => créez
s . CommonRomance.VFin (CommonRomance.VPres CommonRomance.Indic) ParamX.Pl ParamX.P3 => créent
s . CommonRomance.VFin (CommonRomance.VPres CommonRomance.Conjunct) ParamX.Sg ParamX.P1 => crée
s . CommonRomance.VFin (CommonRomance.VPres CommonRomance.Conjunct) ParamX.Sg ParamX.P2 => crées
s . CommonRomance.VFin (CommonRomance.VPres CommonRomance.Conjunct) ParamX.Sg ParamX.P3 => crée
s . CommonRomance.VFin (CommonRomance.VPres CommonRomance.Conjunct) ParamX.Pl ParamX.P1 => créions
s . CommonRomance.VFin (CommonRomance.VPres CommonRomance.Conjunct) ParamX.Pl ParamX.P2 => créiez
s . CommonRomance.VFin (CommonRomance.VPres CommonRomance.Conjunct) ParamX.Pl ParamX.P3 => créent
s . CommonRomance.VFin (CommonRomance.VImperf CommonRomance.Indic) ParamX.Sg ParamX.P1 => créais
s . CommonRomance.VFin (CommonRomance.VImperf CommonRomance.Indic) ParamX.Sg ParamX.P2 => créais
s . CommonRomance.VFin (CommonRomance.VImperf CommonRomance.Indic) ParamX.Sg ParamX.P3 => créait
s . CommonRomance.VFin (CommonRomance.VImperf CommonRomance.Indic) ParamX.Pl ParamX.P1 => créions
s . CommonRomance.VFin (CommonRomance.VImperf CommonRomance.Indic) ParamX.Pl ParamX.P2 => créiez
s . CommonRomance.VFin (CommonRomance.VImperf CommonRomance.Indic) ParamX.Pl ParamX.P3 => créaient
s . CommonRomance.VFin (CommonRomance.VImperf CommonRomance.Conjunct) ParamX.Sg ParamX.P1 => créasse
s . CommonRomance.VFin (CommonRomance.VImperf CommonRomance.Conjunct) ParamX.Sg ParamX.P2 => créasses
s . CommonRomance.VFin (CommonRomance.VImperf CommonRomance.Conjunct) ParamX.Sg ParamX.P3 => créât
s . CommonRomance.VFin (CommonRomance.VImperf CommonRomance.Conjunct) ParamX.Pl ParamX.P1 => créassions
s . CommonRomance.VFin (CommonRomance.VImperf CommonRomance.Conjunct) ParamX.Pl ParamX.P2 => créassiez
s . CommonRomance.VFin (CommonRomance.VImperf CommonRomance.Conjunct) ParamX.Pl ParamX.P3 => créassent
s . CommonRomance.VFin CommonRomance.VPasse ParamX.Sg ParamX.P1 => créai
s . CommonRomance.VFin CommonRomance.VPasse ParamX.Sg ParamX.P2 => créas
s . CommonRomance.VFin CommonRomance.VPasse ParamX.Sg ParamX.P3 => créa
s . CommonRomance.VFin CommonRomance.VPasse ParamX.Pl ParamX.P1 => créâmes
s . CommonRomance.VFin CommonRomance.VPasse ParamX.Pl ParamX.P2 => créâtes
s . CommonRomance.VFin CommonRomance.VPasse ParamX.Pl ParamX.P3 => créèrent
s . CommonRomance.VFin CommonRomance.VFut ParamX.Sg ParamX.P1 => créerai
s . CommonRomance.VFin CommonRomance.VFut ParamX.Sg ParamX.P2 => créeras
s . CommonRomance.VFin CommonRomance.VFut ParamX.Sg ParamX.P3 => créera
s . CommonRomance.VFin CommonRomance.VFut ParamX.Pl ParamX.P1 => créerons
s . CommonRomance.VFin CommonRomance.VFut ParamX.Pl ParamX.P2 => créerez
s . CommonRomance.VFin CommonRomance.VFut ParamX.Pl ParamX.P3 => créeront
s . CommonRomance.VFin CommonRomance.VCondit ParamX.Sg ParamX.P1 => créerais
s . CommonRomance.VFin CommonRomance.VCondit ParamX.Sg ParamX.P2 => créerais
s . CommonRomance.VFin CommonRomance.VCondit ParamX.Sg ParamX.P3 => créerait
s . CommonRomance.VFin CommonRomance.VCondit ParamX.Pl ParamX.P1 => créerions
s . CommonRomance.VFin CommonRomance.VCondit ParamX.Pl ParamX.P2 => créeriez
s . CommonRomance.VFin CommonRomance.VCondit ParamX.Pl ParamX.P3 => créeraient
s . CommonRomance.VImper CommonRomance.SgP2 => crée
s . CommonRomance.VImper CommonRomance.PlP1 => créons
s . CommonRomance.VImper CommonRomance.PlP2 => créez
s . CommonRomance.VPart CommonRomance.Masc ParamX.Sg => créé
s . CommonRomance.VPart CommonRomance.Masc ParamX.Pl => créés
s . CommonRomance.VPart CommonRomance.Fem ParamX.Sg => créée
s . CommonRomance.VPart CommonRomance.Fem ParamX.Pl => créées
s . CommonRomance.VGer => créant
