s . CommonRomance.VInfin Prelude.False => payer
s . CommonRomance.VInfin Prelude.True => payer
s . CommonRomance.VFin (CommonRomance.VPres CommonRomance.Indic) ParamX.Sg ParamX.P1 => paie
s . CommonRomance.VFin (CommonRomance.VPres CommonRomance.Indic) ParamX.Sg ParamX.P2 => paies
s . CommonRomance.VFin (CommonRomance.VPres CommonRomance.Indic) ParamX.Sg ParamX.P3 => paie
s . CommonRomance.VFin (CommonRomance.VPres CommonRomance.Indic) ParamX.Pl ParamX.P1 => payons
s . CommonRomance.VFin (CommonRomance.VPres CommonRomance.Indic) ParamX.Pl ParamX.P2 => payez
s . CommonRomance.VFin (CommonRomance.VPres CommonRomance.Indic) ParamX.Pl ParamX.P3 => paient
s . CommonRomance.VFin (CommonRomance.VPres CommonRomance.Conjunct) ParamX.Sg ParamX.P1 => paie
s . CommonRomance.VFin (CommonRomance.VPres CommonRomance.Conjunct) ParamX.Sg ParamX.P2 => paies
s . CommonRomance.VFin (CommonRomance.VPres CommonRomance.Conjunct) ParamX.Sg ParamX.P3 => paie
s . CommonRomance.VFin (CommonRomance.VPres CommonRomance.Conjunct) ParamX.Pl ParamX.P1 => payions
s . CommonRomance.VFin (CommonRomance.VPres CommonRomance.Conjunct) ParamX.Pl ParamX.P2 => payiez
s . CommonRomance.VFin (CommonRomance.VPres CommonRomance.Conjunct) ParamX.Pl ParamX.P3 => paient
s . CommonRomance.VFin (CommonRomance.VImperf CommonRomance.Indic) ParamX.Sg ParamX.P1 => payais
s . CommonRomance.VFin (CommonRomance.VImperf CommonRomance.Indic) ParamX.Sg ParamX.P2 => payais
s . CommonRomance.VFin (CommonRomance.VImperf CommonRomance.Indic) ParamX.Sg ParamX.P3 => payait
s . CommonRomance.VFin (CommonRomance.VImperf CommonRomance.Indic) ParamX.Pl ParamX.P1 => payions
s . CommonRomance.VFin (CommonRomance.VImperf CommonRomance.Indic) ParamX.Pl ParamX.P2 => payiez
s . CommonRomance.VFin (CommonRomance.VImperf CommonRomance.Indic) ParamX.Pl ParamX.P3 => payaient
s . CommonRomance.VFin (CommonRomance.VImperf CommonRomance.Conjunct) ParamX.Sg ParamX.P1 => payasse
s . CommonRomance.VFin (CommonRomance.VImperf CommonRomance.Conjunct) ParamX.Sg ParamX.P2 => payasses
s . CommonRomance.VFin (CommonRomance.VImperf CommonRomance.Conjunct) ParamX.Sg ParamX.P3 => payât
s . CommonRomance.VFin (CommonRomance.VImperf CommonRomance.Conjunct) ParamX.Pl ParamX.P1 => payassions
s . CommonRomance.VFin (CommonRomance.VImperf CommonRomance.Conjunct) ParamX.Pl ParamX.P2 => payassiez
s . CommonRomance.VFin (CommonRomance.VImperf CommonRomance.Conjunct) ParamX.Pl ParamX.P3 => payassent
s . CommonRomance.VFin CommonRomance.VPasse ParamX.Sg ParamX.P1 => payai
s . CommonRomance.VFin CommonRomance.VPasse ParamX.Sg ParamX.P2 => payas
s . CommonRomance.VFin CommonRomance.VPasse ParamX.Sg ParamX.P3 => paya
s . CommonRomance.VFin CommonRomance.VPasse ParamX.Pl ParamX.P1 => payâmes
s . CommonRomance.VFin CommonRomance.VPasse ParamX.Pl ParamX.P2 => payâtes
s . CommonRomance.VFin CommonRomance.VPasse ParamX.Pl ParamX.P3 => payèrent
s . CommonRomance.VFin CommonRomance.VFut ParamX.Sg ParamX.P1 => paierai
s . CommonRomance.VFin CommonRomance.VFut ParamX.Sg ParamX.P2 => paieras
s . CommonRomance.VFin CommonRomance.VFut ParamX.Sg ParamX.P3 => paiera
s . CommonRomance.VFin CommonRomance.VFut ParamX.Pl ParamX.P1 => paierons
s . CommonRomance.VFin CommonRomance.VFut ParamX.Pl ParamX.P2 => paierez
s . CommonRomance.VFin CommonRomance.VFut ParamX.Pl ParamX.P3 => paieront
s . CommonRomance.VFin CommonRomance.VCondit ParamX.Sg ParamX.P1 => paierais
s . CommonRomance.VFin CommonRomance.VCondit ParamX.Sg ParamX.P2 => paierais
s . CommonRomance.VFin CommonRomance.VCondit ParamX.Sg ParamX.P3 => paierait
s . CommonRomance.VFin CommonRomance.VCondit ParamX.Pl ParamX.P1 => paierions
s . CommonRomance.VFin CommonRomance.VCondit ParamX.Pl ParamX.P2 => paieriez
s . CommonRomance.VFin CommonRomance.VCondit ParamX.Pl ParamX.P3 => paieraient
s . CommonRomance.VImper CommonRomance.SgP2 => paie
s . CommonRomance.VImper CommonRomance.PlP1 => payons
s . CommonRomance.VImper CommonRomance.PlP2 => payez
s . CommonRomance.VPart CommonRomance.Masc ParamX.Sg => payé
s . CommonRomance.VPart CommonRomance.Masc ParamX.Pl => payés
s . CommonRomance.VPart CommonRomance.Fem ParamX.Sg => payée
s . CommonRomance.VPart CommonRomance.Fem ParamX.Pl => payées
s . CommonRomance.VGer => payant
