s . CommonRomance.VInfin Prelude.False => envoyer
s . CommonRomance.VInfin Prelude.True => envoyer
s . CommonRomance.VFin (CommonRomance.VPres CommonRomance.Indic) ParamX.Sg ParamX.P1 => envoie
s . CommonRomance.VFin (CommonRomance.VPres CommonRomance.Indic) ParamX.Sg ParamX.P2 => envoies
s . CommonRomance.VFin (CommonRomance.VPres CommonRomance.Indic) ParamX.Sg ParamX.P3 => envoie
s . CommonRomance.VFin (CommonRomance.VPres CommonRomance.Indic) ParamX.Pl ParamX.P1 => envoyons
s . CommonRomance.VFin (CommonRomance.VPres CommonRomance.Indic) ParamX.Pl ParamX.P2 => envoyez
s . CommonRomance.VFin (CommonRomance.VPres CommonRomance.Indic) ParamX.Pl ParamX.P3 => envoient
s . CommonRomance.VFin (CommonRomance.VPres CommonRomance.Conjunct) ParamX.Sg ParamX.P1 => envoie
s . CommonRomance.VFin (CommonRomance.VPres CommonRomance.Conjunct) ParamX.Sg ParamX.P2 => envoies
s . CommonRomance.VFin (CommonRomance.VPres CommonRomance.Conjunct) ParamX.Sg ParamX.P3 => envoie
s . CommonRomance.VFin (CommonRomance.VPres CommonRomance.Conjunct) ParamX.Pl ParamX.P1 => envoyions
s . CommonRomance.VFin (CommonRomance.VPres CommonRomance.Conjunct) ParamX.Pl ParamX.P2 => envoyiez
s . CommonRomance.VFin (CommonRomance.VPres CommonRomance.Conjunct) ParamX.Pl ParamX.P3 => envoient
s . CommonRomance.VFin (CommonRomance.VImperf CommonRomance.Indic) ParamX.Sg ParamX.P1 => envoyais
s . CommonRomance.VFin (CommonRomance.VImperf CommonRomance.Indic) ParamX.Sg ParamX.P2 => envoyais
s . CommonRomance.VFin (CommonRomance.VImperf CommonRomance.Indic) ParamX.Sg ParamX.P3 => envoyait
s . CommonRomance.VFin (CommonRomance.VImperf CommonRomance.Indic) ParamX.Pl ParamX.P1 => envoyions
s . CommonRomance.VFin (CommonRomance.VImperf CommonRomance.Indic) ParamX.Pl ParamX.P2 => envoyiez
s . CommonRomance.VFin (CommonRomance.VImperf CommonRomance.Indic) ParamX.Pl ParamX.P3 => envoyaient
s . CommonRomance.VFin (CommonRomance.VImperf CommonRomance.Conjunct) ParamX.Sg ParamX.P1 => envoyasse
s . CommonRomance.VFin (CommonRomance.VImperf CommonRomance.Conjunct) ParamX.Sg ParamX.P2 => envoyasses
s . CommonRomance.VFin (CommonRomance.VImperf CommonRomance.Conjunct) ParamX.Sg ParamX.P3 => envoyât
s . CommonRomance.VFin (CommonRomance.VImperf CommonRomance.Conjunct) ParamX.Pl ParamX.P1 => envoyassions
s . CommonRomance.VFin (CommonRomance.VImperf CommonRomance.Conjunct) ParamX.Pl ParamX.P2 => envoyassiez
s . CommonRomance.VFin (CommonRomance.VImperf CommonRomance.Conjunct) ParamX.Pl ParamX.P3 => envoyassent
s . CommonRomance.VFin CommonRomance.VPasse ParamX.Sg ParamX.P1 => envoyai
s . CommonRomance.VFin CommonRomance.VPasse ParamX.Sg ParamX.P2 => envoyas
s . CommonRomance.VFin CommonRomance.VPasse ParamX.Sg ParamX.P3 => envoya
s . CommonRomance.VFin CommonRomance.VPasse ParamX.Pl ParamX.P1 => envoyâmes
s . CommonRomance.VFin CommonRomance.VPasse ParamX.Pl ParamX.P2 => envoyâtes
s . CommonRomance.VFin CommonRomance.VPasse ParamX.Pl ParamX.P3 => envoyèrent
s . CommonRomance.VFin CommonRomance.VFut ParamX.Sg ParamX.P1 => enverrai
s . CommonRomance.VFin CommonRomance.VFut ParamX.Sg ParamX.P2 => enverras
s . CommonRomance.VFin CommonRomance.VFut ParamX.Sg ParamX.P3 => enverra
s . CommonRomance.VFin CommonRomance.VFut ParamX.Pl ParamX.P1 => enverrons
s . CommonRomance.VFin CommonRomance.VFut ParamX.Pl ParamX.P2 => enverrez
s . CommonRomance.VFin CommonRomance.VFut ParamX.Pl ParamX.P3 => enverront
s . CommonRomance.VFin CommonRomance.VCondit ParamX.Sg ParamX.P1 => enverrais
s . CommonRomance.VFin CommonRomance.VCondit ParamX.Sg ParamX.P2 => enverrais
s . CommonRomance.VFin CommonRomance.VCondit ParamX.Sg ParamX.P3 => enverrait
s . CommonRomance.VFin CommonRomance.VCondit ParamX.Pl ParamX.P1 => enverrions
s . CommonRomance.VFin CommonRomance.VCondit ParamX.Pl ParamX.P2 => enverriez
s . CommonRomance.VFin CommonRomance.VCondit ParamX.Pl ParamX.P3 => enverraient
s . CommonRomance.VImper CommonRomance.SgP2 => envoie
s . CommonRomance.VImper CommonRomance.PlP1 => envoyons
s . CommonRomance.VImper CommonRomance.PlP2 => envoyez
s . CommonRomance.VPart CommonRomance.Masc ParamX.Sg => envoyé
s . CommonRomance.VPart CommonRomance.Masc ParamX.Pl => envoyés
s . CommonRomance.VPart CommonRomance.Fem ParamX.Sg => envoyée
s . CommonRomance.VPart CommonRomance.Fem ParamX.Pl => envoyées
s . CommonRomance.VGer => envoyant
