s . CommonRomance.VInfin Prelude.False => haïr
s . CommonRomance.VInfin Prelude.True => haïr
s . CommonRomance.VFin (CommonRomance.VPres CommonRomance.Indic) ParamX.Sg ParamX.P1 => hais
s . CommonRomance.VFin (CommonRomance.VPres CommonRomance.Indic) ParamX.Sg ParamX.P2 => hais
s . CommonRomance.VFin (CommonRomance.VPres CommonRomance.Indic) ParamX.Sg ParamX.P3 => hait
s . CommonRomance.VFin (CommonRomance.VPres CommonRomance.Indic) ParamX.Pl ParamX.P1 => haïssons
s . CommonRomance.VFin (CommonRomance.VPres CommonRomance.Indic) ParamX.Pl ParamX.P2 => haïssez
s . CommonRomance.VFin (CommonRomance.VPres CommonRomance.Indic) ParamX.Pl ParamX.P3 => haïssent
s . CommonRomance.VFin (CommonRomance.VPres CommonRomance.Conjunct) ParamX.Sg ParamX.P1 => haïsse
s . CommonRomance.VFin (CommonRomance.VPres CommonRomance.Conjunct) ParamX.Sg ParamX.P2 => haïsses
s . CommonRomance.VFin (CommonRomance.VPres CommonRomance.Conjunct) ParamX.Sg ParamX.P3 => haïsse
s . CommonRomance.VFin (CommonRomance.VPres CommonRomance.Conjunct) ParamX.Pl ParamX.P1 => haïssions
s . CommonRomance.VFin (CommonRomance.VPres CommonRomance.Conjunct) ParamX.Pl ParamX.P2 => haïssiez
s . CommonRomance.VFin (CommonRomance.VPres CommonRomance.Conjunct) ParamX.Pl ParamX.P3 => haïssent
s . CommonRomance.VFin (CommonRomance.VImperf CommonRomance.Indic) ParamX.Sg ParamX.P1 => haïssais
s . CommonRomance.VFin (CommonRomance.VImperf CommonRomance.Indic) ParamX.Sg ParamX.P2 => haïssais
s . CommonRomance.VFin (CommonRomance.VImperf CommonRomance.Indic) ParamX.Sg ParamX.P3 => haïssait
s . CommonRomance.VFin (CommonRomance.VImperf CommonRomance.Indic) ParamX.Pl ParamX.P1 => haïssions
s . CommonRomance.VFin (CommonRomance.VImperf CommonRomance.Indic) ParamX.Pl ParamX.P2 => haïssiez
s . CommonRomance.VFin (CommonRomance.VImperf CommonRomance.Indic) ParamX.Pl ParamX.P3 => haïssaient
s . CommonRomance.VFin (CommonRomance.VImperf CommonRomance.Conjunct) ParamX.Sg ParamX.P1 => haïsse
s . CommonRomance.VFin (CommonRomance.VImperf CommonRomance.Conjunct) ParamX.Sg ParamX.P2 => haïsses
s . CommonRomance.VFin (CommonRomance.VImperf CommonRomance.Conjunct) ParamX.Sg ParamX.P3 => haït
s . CommonRomance.VFin (CommonRomance.VImperf CommonRomance.Conjunct) ParamX.Pl ParamX.P1 => haïssions
s . CommonRomance.VFin (CommonRomance.VImperf CommonRomance.Conjunct) ParamX.Pl ParamX.P2 => haïssiez
s . CommonRomance.VFin (CommonRomance.VImperf CommonRomance.Conjunct) ParamX.Pl ParamX.P3 => haïssent
s . CommonRomance.VFin CommonRomance.VPasse ParamX.Sg ParamX.P1 => haïs
s . CommonRomance.VFin CommonRomance.VPasse ParamX.Sg ParamX.P2 => haïs
s . CommonRomance.VFin CommonRomance.VPasse ParamX.Sg ParamX.P3 => haït
s . CommonRomance.VFin CommonRomance.VPasse ParamX.Pl ParamX.P1 => haïmes
s . CommonRomance.VFin CommonRomance.VPasse ParamX.Pl ParamX.P2 => haïtes
s . CommonRomance.VFin CommonRomance.VPasse ParamX.Pl ParamX.P3 => haïrent
s . CommonRomance.VFin CommonRomance.VFut ParamX.Sg ParamX.P1 => haïrai
s . CommonRomance.VFin CommonRomance.VFut ParamX.Sg ParamX.P2 => haïras
s . CommonRomance.VFin CommonRomance.VFut ParamX.Sg ParamX.P3 => haïra
s . CommonRomance.VFin CommonRomance.VFut ParamX.Pl ParamX.P1 => haïrons
s . CommonRomance.VFin CommonRomance.VFut ParamX.Pl ParamX.P2 => haïrez
s . CommonRomance.VFin CommonRomance.VFut ParamX.Pl ParamX.P3 => haïront
s . CommonRomance.VFin CommonRomance.VCondit ParamX.Sg ParamX.P1 => haïrais
s . CommonRomance.VFin CommonRomance.VCondit ParamX.Sg ParamX.P2 => haïrais
s . CommonRomance.VFin CommonRomance.VCondit ParamX.Sg ParamX.P3 => haïrait
s . CommonRomance.VFin CommonRomance.VCondit ParamX.Pl ParamX.P1 => haïrions
s . CommonRomance.VFin CommonRomance.VCondit ParamX.Pl ParamX.P2 => haïriez
s . CommonRomance.VFin CommonRomance.VCondit ParamX.Pl ParamX.P3 => haïraient
s . CommonRomance.VImper CommonRomance.SgP2 => hais
s . CommonRomance.VImper CommonRomance.PlP1 => haïssons
s . CommonRomance.VImper CommonRomance.PlP2 => haïssez
s . CommonRomance.VPart CommonRomance.Masc ParamX.Sg => haï
s . CommonRomance.VPart CommonRomance.Masc ParamX.Pl => haïs
s . CommonRomance.VPart CommonRomance.Fem ParamX.Sg => haïe
s . CommonRomance.VPart CommonRomance.Fem ParamX.Pl => haïes
s . CommonRomance.VGer => haïssant
