s . CommonRomance.VInfin Prelude.False => tenir
s . CommonRomance.VInfin Prelude.True => tenir
s . CommonRomance.VFin (CommonRomance.VPres CommonRomance.Indic) ParamX.Sg ParamX.P1 => tiens
s . CommonRomance.VFin (CommonRomance.VPres CommonRomance.Indic) ParamX.Sg ParamX.P2 => tiens
s . CommonRomance.VFin (CommonRomance.VPres CommonRomance.Indic) ParamX.Sg ParamX.P3 => tient
s . CommonRomance.VFin (CommonRomance.VPres CommonRomance.Indic) ParamX.Pl ParamX.P1 => tenons
s . CommonRomance.VFin (CommonRomance.VPres CommonRomance.Indic) ParamX.Pl ParamX.P2 => tenez
s . CommonRomance.VFin (CommonRomance.VPres CommonRomance.Indic) ParamX.Pl ParamX.P3 => tiennent
s . CommonRomance.VFin (CommonRomance.VPres CommonRomance.Conjunct) ParamX.Sg ParamX.P1 => tienne
s . CommonRomance.VFin (CommonRomance.VPres CommonRomance.Conjunct) ParamX.Sg ParamX.P2 => tiennes
s . CommonRomance.VFin (CommonRomance.VPres CommonRomance.Conjunct) ParamX.Sg ParamX.P3 => tienne
s . CommonRomance.VFin (CommonRomance.VPres CommonRomance.Conjunct) ParamX.Pl ParamX.P1 => tenions
s . CommonRomance.VFin (CommonRomance.VPres CommonRomance.Conjunct) ParamX.Pl ParamX.P2 => teniez
s . CommonRomance.VFin (CommonRomance.VPres CommonRomance.Conjunct) ParamX.Pl ParamX.P3 => tiennent
s . CommonRomance.VFin (CommonRomance.VImperf CommonRomance.Indic) ParamX.Sg ParamX.P1 => tenais
s . CommonRomance.VFin (CommonRomance.VImperf CommonRomance.Indic) ParamX.Sg ParamX.P2 => tenais
s . CommonRomance.VFin (CommonRomance.VImperf CommonRomance.Indic) ParamX.Sg ParamX.P3 => tenait
s . CommonRomance.VFin (CommonRomance.VImperf CommonRomance.Indic) ParamX.Pl ParamX.P1 => tenions
s . CommonRomance.VFin (CommonRomance.VImperf CommonRomance.Indic) ParamX.Pl ParamX.P2 => teniez
s . CommonRomance.VFin (CommonRomance.VImperf CommonRomance.Indic) ParamX.Pl ParamX.P3 => tenaient
s . CommonRomance.VFin (CommonRomance.VImperf CommonRomance.Conjunct) ParamX.Sg ParamX.P1 => tinsse
s . CommonRomance.VFin (CommonRomance.VImperf CommonRomance.Conjunct) ParamX.Sg ParamX.P2 => tinsses
s . CommonRomance.VFin (CommonRomance.VImperf CommonRomance.Conjunct) ParamX.Sg ParamX.P3 => tÃ®nt
s . CommonRomance.VFin (CommonRomance.VImperf CommonRomance.Conjunct) ParamX.Pl ParamX.P1 => tinssions
s . CommonRomance.VFin (CommonRomance.VImperf CommonRomance.Conjunct) ParamX.Pl ParamX.P2 => tinssiez
s . CommonRomance.VFin (CommonRomance.VImperf CommonRomance.Conjunct) ParamX.Pl ParamX.P3 => tinssent
s . CommonRomance.VFin CommonRomance.VPasse ParamX.Sg ParamX.P1 => tins
s . CommonRomance.VFin CommonRomance.VPasse ParamX.Sg ParamX.P2 => tins
s . CommonRomance.VFin CommonRomance.VPasse ParamX.Sg ParamX.P3 => tint
s . CommonRomance.VFin CommonRomance.VPasse ParamX.Pl ParamX.P1 => tÃ®nmes
s . CommonRomance.VFin CommonRomance.VPasse ParamX.Pl ParamX.P2 => tÃ®ntes
s . CommonRomance.VFin CommonRomance.VPasse ParamX.Pl ParamX.P3 => tinrent
s . CommonRomance.VFin CommonRomance.VFut ParamX.Sg ParamX.P1 => tiendrai
s . CommonRomance.VFin CommonRomance.VFut ParamX.Sg ParamX.P2 => tiendras
s . CommonRomance.VFin CommonRomance.VFut ParamX.Sg ParamX.P3 => tiendra
s . CommonRomance.VFin CommonRomance.VFut ParamX.Pl ParamX.P1 => tiendrons
s . CommonRomance.VFin CommonRomance.VFut ParamX.Pl ParamX.P2 => tiendrez
s . CommonRomance.VFin CommonRomance.VFut ParamX.Pl ParamX.P3 => tiendront
s . CommonRomance.VFin CommonRomance.VCondit ParamX.Sg ParamX.P1 => tiendrais
s . CommonRomance.VFin CommonRomance.VCondit ParamX.Sg ParamX.P2 => tiendrais
s . CommonRomance.VFin CommonRomance.VCondit ParamX.Sg ParamX.P3 => tiendrait
s . CommonRomance.VFin CommonRomance.VCondit ParamX.Pl ParamX.P1 => tiendrions
s . CommonRomance.VFin CommonRomance.VCondit ParamX.Pl ParamX.P2 => tiendriez
s . CommonRomance.VFin CommonRomance.VCondit ParamX.Pl ParamX.P3 => tiendraient
s . CommonRomance.VImper CommonRomance.SgP2 => tiens
s . CommonRomance.VImper CommonRomance.PlP1 => tenons
s . CommonRomance.VImper CommonRomance.PlP2 => tenez
s . CommonRomance.VPart CommonRomance.Masc ParamX.Sg => tenu
s . CommonRomance.VPart CommonRomance.Masc ParamX.Pl => tenus
s . CommonRomance.VPart CommonRomance.Fem ParamX.Sg => tenue
s . CommonRomance.VPart CommonRomance.Fem ParamX.Pl => tenues
s . CommonRomance.VGer => tenant
