s . CommonRomance.VInfin Prelude.False => sentir
s . CommonRomance.VInfin Prelude.True => sentir
s . CommonRomance.VFin (CommonRomance.VPres CommonRomance.Indic) ParamX.Sg ParamX.P1 => sens
s . CommonRomance.VFin (CommonRomance.VPres CommonRomance.Indic) ParamX.Sg ParamX.P2 => sens
s . CommonRomance.VFin (CommonRomance.VPres CommonRomance.Indic) ParamX.Sg ParamX.P3 => sent
s . CommonRomance.VFin (CommonRomance.VPres CommonRomance.Indic) ParamX.Pl ParamX.P1 => sentons
s . CommonRomance.VFin (CommonRomance.VPres CommonRomance.Indic) ParamX.Pl ParamX.P2 => sentez
s . CommonRomance.VFin (CommonRomance.VPres CommonRomance.Indic) ParamX.Pl ParamX.P3 => sentent
s . CommonRomance.VFin (CommonRomance.VPres CommonRomance.Conjunct) ParamX.Sg ParamX.P1 => sente
s . CommonRomance.VFin (CommonRomance.VPres CommonRomance.Conjunct) ParamX.Sg ParamX.P2 => sentes
s . CommonRomance.VFin (CommonRomance.VPres CommonRomance.Conjunct) ParamX.Sg ParamX.P3 => sente
s . CommonRomance.VFin (CommonRomance.VPres CommonRomance.Conjunct) ParamX.Pl ParamX.P1 => sentions
s . CommonRomance.VFin (CommonRomance.VPres CommonRomance.Conjunct) ParamX.Pl ParamX.P2 => sentiez
s . CommonRomance.VFin (CommonRomance.VPres CommonRomance.Conjunct) ParamX.Pl ParamX.P3 => sentent
s . CommonRomance.VFin (CommonRomance.VImperf CommonRomance.Indic) ParamX.Sg ParamX.P1 => sentais
s . CommonRomance.VFin (CommonRomance.VImperf CommonRomance.Indic) ParamX.Sg ParamX.P2 => sentais
s . CommonRomance.VFin (CommonRomance.VImperf CommonRomance.Indic) ParamX.Sg ParamX.P3 => sentait
s . CommonRomance.VFin (CommonRomance.VImperf CommonRomance.Indic) ParamX.Pl ParamX.P1 => sentions
s . CommonRomance.VFin (CommonRomance.VImperf CommonRomance.Indic) ParamX.Pl ParamX.P2 => sentiez
s . CommonRomance.VFin (CommonRomance.VImperf CommonRomance.Indic) ParamX.Pl ParamX.P3 => sentaient
s . CommonRomance.VFin (CommonRomance.VImperf CommonRomance.Conjunct) ParamX.Sg ParamX.P1 => sentisse
s . CommonRomance.VFin (CommonRomance.VImperf CommonRomance.Conjunct) ParamX.Sg ParamX.P2 => sentisses
s . CommonRomance.VFin (CommonRomance.VImperf CommonRomance.Conjunct) ParamX.Sg ParamX.P3 => sentÃ®t
s . CommonRomance.VFin (CommonRomance.VImperf CommonRomance.Conjunct) ParamX.Pl ParamX.P1 => sentissions
s . CommonRomance.VFin (CommonRomance.VImperf CommonRomance.Conjunct) ParamX.Pl ParamX.P2 => sentissiez
s . CommonRomance.VFin (CommonRomance.VImperf CommonRomance.Conjunct) ParamX.Pl ParamX.P3 => sentissent
s . CommonRomance.VFin CommonRomance.VPasse ParamX.Sg ParamX.P1 => sentis
s . CommonRomance.VFin CommonRomance.VPasse ParamX.Sg ParamX.P2 => sentis
s . CommonRomance.VFin CommonRomance.VPasse ParamX.Sg ParamX.P3 => sentit
s . CommonRomance.VFin CommonRomance.VPasse ParamX.Pl ParamX.P1 => sentÃ®mes
s . CommonRomance.VFin CommonRomance.VPasse ParamX.Pl ParamX.P2 => sentÃ®tes
s . CommonRomance.VFin CommonRomance.VPasse ParamX.Pl ParamX.P3 => sentirent
s . CommonRomance.VFin CommonRomance.VFut ParamX.Sg ParamX.P1 => sentirai
s . CommonRomance.VFin CommonRomance.VFut ParamX.Sg ParamX.P2 => sentiras
s . CommonRomance.VFin CommonRomance.VFut ParamX.Sg ParamX.P3 => sentira
s . CommonRomance.VFin CommonRomance.VFut ParamX.Pl ParamX.P1 => sentirons
s . CommonRomance.VFin CommonRomance.VFut ParamX.Pl ParamX.P2 => sentirez
s . CommonRomance.VFin CommonRomance.VFut ParamX.Pl ParamX.P3 => sentiront
s . CommonRomance.VFin CommonRomance.VCondit ParamX.Sg ParamX.P1 => sentirais
s . CommonRomance.VFin CommonRomance.VCondit ParamX.Sg ParamX.P2 => sentirais
s . CommonRomance.VFin CommonRomance.VCondit ParamX.Sg ParamX.P3 => sentirait
s . CommonRomance.VFin CommonRomance.VCondit ParamX.Pl ParamX.P1 => sentirions
s . CommonRomance.VFin CommonRomance.VCondit ParamX.Pl ParamX.P2 => sentiriez
s . CommonRomance.VFin CommonRomance.VCondit ParamX.Pl ParamX.P3 => sentiraient
s . CommonRomance.VImper CommonRomance.SgP2 => sens
s . CommonRomance.VImper CommonRomance.PlP1 => sentons
s . CommonRomance.VImper CommonRomance.PlP2 => sentez
s . CommonRomance.VPart CommonRomance.Masc ParamX.Sg => senti
s . CommonRomance.VPart CommonRomance.Masc ParamX.Pl => sentis
s . CommonRomance.VPart CommonRomance.Fem ParamX.Sg => sentie
s . CommonRomance.VPart CommonRomance.Fem ParamX.Pl => senties
s . CommonRomance.VGer => sentant
