s . CommonRomance.VInfin Prelude.False => couvrir
s . CommonRomance.VInfin Prelude.True => couvrir
s . CommonRomance.VFin (CommonRomance.VPres CommonRomance.Indic) ParamX.Sg ParamX.P1 => couvre
s . CommonRomance.VFin (CommonRomance.VPres CommonRomance.Indic) ParamX.Sg ParamX.P2 => couvres
s . CommonRomance.VFin (CommonRomance.VPres CommonRomance.Indic) ParamX.Sg ParamX.P3 => couvre
s . CommonRomance.VFin (CommonRomance.VPres CommonRomance.Indic) ParamX.Pl ParamX.P1 => couvrons
s . CommonRomance.VFin (CommonRomance.VPres CommonRomance.Indic) ParamX.Pl ParamX.P2 => couvrez
s . CommonRomance.VFin (CommonRomance.VPres CommonRomance.Indic) ParamX.Pl ParamX.P3 => couvrent
s . CommonRomance.VFin (CommonRomance.VPres CommonRomance.Conjunct) ParamX.Sg ParamX.P1 => couvre
s . CommonRomance.VFin (CommonRomance.VPres CommonRomance.Conjunct) ParamX.Sg ParamX.P2 => couvres
s . CommonRomance.VFin (CommonRomance.VPres CommonRomance.Conjunct) ParamX.Sg ParamX.P3 => couvre
s . CommonRomance.VFin (CommonRomance.VPres CommonRomance.Conjunct) ParamX.Pl ParamX.P1 => couvrions
s . CommonRomance.VFin (CommonRomance.VPres CommonRomance.Conjunct) ParamX.Pl ParamX.P2 => couvriez
s . CommonRomance.VFin (CommonRomance.VPres CommonRomance.Conjunct) ParamX.Pl ParamX.P3 => couvrent
s . CommonRomance.VFin (CommonRomance.VImperf CommonRomance.Indic) ParamX.Sg ParamX.P1 => couvrais
s . CommonRomance.VFin (CommonRomance.VImperf CommonRomance.Indic) ParamX.Sg ParamX.P2 => couvrais
s . CommonRomance.VFin (CommonRomance.VImperf CommonRomance.Indic) ParamX.Sg ParamX.P3 => couvrait
s . CommonRomance.VFin (CommonRomance.VImperf CommonRomance.Indic) ParamX.Pl ParamX.P1 => couvrions
s . CommonRomance.VFin (CommonRomance.VImperf CommonRomance.Indic) ParamX.Pl ParamX.P2 => couvriez
s . CommonRomance.VFin (CommonRomance.VImperf CommonRomance.Indic) ParamX.Pl ParamX.P3 => couvraient
s . CommonRomance.VFin (CommonRomance.VImperf CommonRomance.Conjunct) ParamX.Sg ParamX.P1 => couvrisse
s . CommonRomance.VFin (CommonRomance.VImperf CommonRomance.Conjunct) ParamX.Sg ParamX.P2 => couvrisses
s . CommonRomance.VFin (CommonRomance.VImperf CommonRomance.Conjunct) ParamX.Sg ParamX.P3 => couvrît
s . CommonRomance.VFin (CommonRomance.VImperf CommonRomance.Conjunct) ParamX.Pl ParamX.P1 => couvrissions
s . CommonRomance.VFin (CommonRomance.VImperf CommonRomance.Conjunct) ParamX.Pl ParamX.P2 => couvrissiez
s . CommonRomance.VFin (CommonRomance.VImperf CommonRomance.Conjunct) ParamX.Pl ParamX.P3 => couvrissent
s . CommonRomance.VFin CommonRomance.VPasse ParamX.Sg ParamX.P1 => couvris
s . CommonRomance.VFin CommonRomance.VPasse ParamX.Sg ParamX.P2 => couvris
s . CommonRomance.VFin CommonRomance.VPasse ParamX.Sg ParamX.P3 => couvrit
s . CommonRomance.VFin CommonRomance.VPasse ParamX.Pl ParamX.P1 => couvrîmes
s . CommonRomance.VFin CommonRomance.VPasse ParamX.Pl ParamX.P2 => couvrîtes
s . CommonRomance.VFin CommonRomance.VPasse ParamX.Pl ParamX.P3 => couvrirent
s . CommonRomance.VFin CommonRomance.VFut ParamX.Sg ParamX.P1 => couvrirai
s . CommonRomance.VFin CommonRomance.VFut ParamX.Sg ParamX.P2 => couvriras
s . CommonRomance.VFin CommonRomance.VFut ParamX.Sg ParamX.P3 => couvrira
s . CommonRomance.VFin CommonRomance.VFut ParamX.Pl ParamX.P1 => couvrirons
s . CommonRomance.VFin CommonRomance.VFut ParamX.Pl ParamX.P2 => couvrirez
s . CommonRomance.VFin CommonRomance.VFut ParamX.Pl ParamX.P3 => couvriront
s . CommonRomance.VFin CommonRomance.VCondit ParamX.Sg ParamX.P1 => couvrirais
s . CommonRomance.VFin CommonRomance.VCondit ParamX.Sg ParamX.P2 => couvrirais
s . CommonRomance.VFin CommonRomance.VCondit ParamX.Sg ParamX.P3 => couvrirait
s . CommonRomance.VFin CommonRomance.VCondit ParamX.Pl ParamX.P1 => couvririons
s . CommonRomance.VFin CommonRomance.VCondit ParamX.Pl ParamX.P2 => couvririez
s . CommonRomance.VFin CommonRomance.VCondit ParamX.Pl ParamX.P3 => couvriraient
s . CommonRomance.VImper CommonRomance.SgP2 => couvre
s . CommonRomance.VImper CommonRomance.PlP1 => couvrons
s . CommonRomance.VImper CommonRomance.PlP2 => couvrez
s . CommonRomance.VPart CommonRomance.Masc ParamX.Sg => couvert
s . CommonRomance.VPart CommonRomance.Masc ParamX.Pl => couverts
s . CommonRomance.VPart CommonRomance.Fem ParamX.Sg => couverte
s . CommonRomance.VPart CommonRomance.Fem ParamX.Pl => couvertes
s . CommonRomance.VGer => couvrant
