s . CommonRomance.VInfin Prelude.False => assaillir
s . CommonRomance.VInfin Prelude.True => assaillir
s . CommonRomance.VFin (CommonRomance.VPres CommonRomance.Indic) ParamX.Sg ParamX.P1 => assaille
s . CommonRomance.VFin (CommonRomance.VPres CommonRomance.Indic) ParamX.Sg ParamX.P2 => assailles
s . CommonRomance.VFin (CommonRomance.VPres CommonRomance.Indic) ParamX.Sg ParamX.P3 => assaille
s . CommonRomance.VFin (CommonRomance.VPres CommonRomance.Indic) ParamX.Pl ParamX.P1 => assaillons
s . CommonRomance.VFin (CommonRomance.VPres CommonRomance.Indic) ParamX.Pl ParamX.P2 => assaillez
s . CommonRomance.VFin (CommonRomance.VPres CommonRomance.Indic) ParamX.Pl ParamX.P3 => assaillent
s . CommonRomance.VFin (CommonRomance.VPres CommonRomance.Conjunct) ParamX.Sg ParamX.P1 => assaille
s . CommonRomance.VFin (CommonRomance.VPres CommonRomance.Conjunct) ParamX.Sg ParamX.P2 => assailles
s . CommonRomance.VFin (CommonRomance.VPres CommonRomance.Conjunct) ParamX.Sg ParamX.P3 => assaille
s . CommonRomance.VFin (CommonRomance.VPres CommonRomance.Conjunct) ParamX.Pl ParamX.P1 => assaillions
s . CommonRomance.VFin (CommonRomance.VPres CommonRomance.Conjunct) ParamX.Pl ParamX.P2 => assailliez
s . CommonRomance.VFin (CommonRomance.VPres CommonRomance.Conjunct) ParamX.Pl ParamX.P3 => assaillent
s . CommonRomance.VFin (CommonRomance.VImperf CommonRomance.Indic) ParamX.Sg ParamX.P1 => assaillais
s . CommonRomance.VFin (CommonRomance.VImperf CommonRomance.Indic) ParamX.Sg ParamX.P2 => assaillais
s . CommonRomance.VFin (CommonRomance.VImperf CommonRomance.Indic) ParamX.Sg ParamX.P3 => assaillait
s . CommonRomance.VFin (CommonRomance.VImperf CommonRomance.Indic) ParamX.Pl ParamX.P1 => assaillions
s . CommonRomance.VFin (CommonRomance.VImperf CommonRomance.Indic) ParamX.Pl ParamX.P2 => assailliez
s . CommonRomance.VFin (CommonRomance.VImperf CommonRomance.Indic) ParamX.Pl ParamX.P3 => assaillaient
s . CommonRomance.VFin (CommonRomance.VImperf CommonRomance.Conjunct) ParamX.Sg ParamX.P1 => assaillisse
s . CommonRomance.VFin (CommonRomance.VImperf CommonRomance.Conjunct) ParamX.Sg ParamX.P2 => assaillisses
s . CommonRomance.VFin (CommonRomance.VImperf CommonRomance.Conjunct) ParamX.Sg ParamX.P3 => assaillît
s . CommonRomance.VFin (CommonRomance.VImperf CommonRomance.Conjunct) ParamX.Pl ParamX.P1 => assaillissions
s . CommonRomance.VFin (CommonRomance.VImperf CommonRomance.Conjunct) ParamX.Pl ParamX.P2 => assaillissiez
s . CommonRomance.VFin (CommonRomance.VImperf CommonRomance.Conjunct) ParamX.Pl ParamX.P3 => assaillissent
s . CommonRomance.VFin CommonRomance.VPasse ParamX.Sg ParamX.P1 => assaillis
s . CommonRomance.VFin CommonRomance.VPasse ParamX.Sg ParamX.P2 => assaillis
s . CommonRomance.VFin CommonRomance.VPasse ParamX.Sg ParamX.P3 => assaillit
s . CommonRomance.VFin CommonRomance.VPasse ParamX.Pl ParamX.P1 => assaillîmes
s . CommonRomance.VFin CommonRomance.VPasse ParamX.Pl ParamX.P2 => assaillîtes
s . CommonRomance.VFin CommonRomance.VPasse ParamX.Pl ParamX.P3 => assaillirent
s . CommonRomance.VFin CommonRomance.VFut ParamX.Sg ParamX.P1 => assaillirai
s . CommonRomance.VFin CommonRomance.VFut ParamX.Sg ParamX.P2 => assailliras
s . CommonRomance.VFin CommonRomance.VFut ParamX.Sg ParamX.P3 => assaillira
s . CommonRomance.VFin CommonRomance.VFut ParamX.Pl ParamX.P1 => assaillirons
s . CommonRomance.VFin CommonRomance.VFut ParamX.Pl ParamX.P2 => assaillirez
s . CommonRomance.VFin CommonRomance.VFut ParamX.Pl ParamX.P3 => assailliront
s . CommonRomance.VFin CommonRomance.VCondit ParamX.Sg ParamX.P1 => assaillirais
s . CommonRomance.VFin CommonRomance.VCondit ParamX.Sg ParamX.P2 => assaillirais
s . CommonRomance.VFin CommonRomance.VCondit ParamX.Sg ParamX.P3 => assaillirait
s . CommonRomance.VFin CommonRomance.VCondit ParamX.Pl ParamX.P1 => assaillirions
s . CommonRomance.VFin CommonRomance.VCondit ParamX.Pl ParamX.P2 => assailliriez
s . CommonRomance.VFin CommonRomance.VCondit ParamX.Pl ParamX.P3 => assailliraient
s . CommonRomance.VImper CommonRomance.SgP2 => assaille
s . CommonRomance.VImper CommonRomance.PlP1 => assaillons
s . CommonRomance.VImper CommonRomance.PlP2 => assaillez
s . CommonRomance.VPart CommonRomance.Masc ParamX.Sg => assailli
s . CommonRomance.VPart CommonRomance.Masc ParamX.Pl => assaillis
s . CommonRomance.VPart CommonRomance.Fem ParamX.Sg => assaillie
s . CommonRomance.VPart CommonRomance.Fem ParamX.Pl => assaillies
s . CommonRomance.VGer => assaillant
