s . CommonRomance.VInfin Prelude.False => faillir
s . CommonRomance.VInfin Prelude.True => faillir
s . CommonRomance.VFin (CommonRomance.VPres CommonRomance.Indic) ParamX.Sg ParamX.P1 => faux
s . CommonRomance.VFin (CommonRomance.VPres CommonRomance.Indic) ParamX.Sg ParamX.P2 => faux
s . CommonRomance.VFin (CommonRomance.VPres CommonRomance.Indic) ParamX.Sg ParamX.P3 => faut
s . CommonRomance.VFin (CommonRomance.VPres CommonRomance.Indic) ParamX.Pl ParamX.P1 => faillons
s . CommonRomance.VFin (CommonRomance.VPres CommonRomance.Indic) ParamX.Pl ParamX.P2 => faillez
s . CommonRomance.VFin (CommonRomance.VPres CommonRomance.Indic) ParamX.Pl ParamX.P3 => faillent
s . CommonRomance.VFin (CommonRomance.VPres CommonRomance.Conjunct) ParamX.Sg ParamX.P1 => faille
s . CommonRomance.VFin (CommonRomance.VPres CommonRomance.Conjunct) ParamX.Sg ParamX.P2 => failles
s . CommonRomance.VFin (CommonRomance.VPres CommonRomance.Conjunct) ParamX.Sg ParamX.P3 => faille
s . CommonRomance.VFin (CommonRomance.VPres CommonRomance.Conjunct) ParamX.Pl ParamX.P1 => faillions
s . CommonRomance.VFin (CommonRomance.VPres CommonRomance.Conjunct) ParamX.Pl ParamX.P2 => failliez
s . CommonRomance.VFin (CommonRomance.VPres CommonRomance.Conjunct) ParamX.Pl ParamX.P3 => faillent
s . CommonRomance.VFin (CommonRomance.VImperf CommonRomance.Indic) ParamX.Sg ParamX.P1 => faillais
s . CommonRomance.VFin (CommonRomance.VImperf CommonRomance.Indic) ParamX.Sg ParamX.P2 => faillais
s . CommonRomance.VFin (CommonRomance.VImperf CommonRomance.Indic) ParamX.Sg ParamX.P3 => faillait
s . CommonRomance.VFin (CommonRomance.VImperf CommonRomance.Indic) ParamX.Pl ParamX.P1 => faillions
s . CommonRomance.VFin (CommonRomance.VImperf CommonRomance.Indic) ParamX.Pl ParamX.P2 => failliez
s . CommonRomance.VFin (CommonRomance.VImperf CommonRomance.Indic) ParamX.Pl ParamX.P3 => faillaient
s . CommonRomance.VFin (CommonRomance.VImperf CommonRomance.Conjunct) ParamX.Sg ParamX.P1 => faillisse
s . CommonRomance.VFin (CommonRomance.VImperf CommonRomance.Conjunct) ParamX.Sg ParamX.P2 => faillisses
s . CommonRomance.VFin (CommonRomance.VImperf CommonRomance.Conjunct) ParamX.Sg ParamX.P3 => faillît
s . CommonRomance.VFin (CommonRomance.VImperf CommonRomance.Conjunct) ParamX.Pl ParamX.P1 => faillissions
s . CommonRomance.VFin (CommonRomance.VImperf CommonRomance.Conjunct) ParamX.Pl ParamX.P2 => faillissiez
s . CommonRomance.VFin (CommonRomance.VImperf CommonRomance.Conjunct) ParamX.Pl ParamX.P3 => faillissent
s . CommonRomance.VFin CommonRomance.VPasse ParamX.Sg ParamX.P1 => faillis
s . CommonRomance.VFin CommonRomance.VPasse ParamX.Sg ParamX.P2 => faillis
s . CommonRomance.VFin CommonRomance.VPasse ParamX.Sg ParamX.P3 => faillit
s . CommonRomance.VFin CommonRomance.VPasse ParamX.Pl ParamX.P1 => faillîmes
s . CommonRomance.VFin CommonRomance.VPasse ParamX.Pl ParamX.P2 => faillîtes
s . CommonRomance.VFin CommonRomance.VPasse ParamX.Pl ParamX.P3 => faillirent
s . CommonRomance.VFin CommonRomance.VFut ParamX.Sg ParamX.P1 => faudrai
s . CommonRomance.VFin CommonRomance.VFut ParamX.Sg ParamX.P2 => faudras
s . CommonRomance.VFin CommonRomance.VFut ParamX.Sg ParamX.P3 => faudra
s . CommonRomance.VFin CommonRomance.VFut ParamX.Pl ParamX.P1 => faudrons
s . CommonRomance.VFin CommonRomance.VFut ParamX.Pl ParamX.P2 => faudrez
s . CommonRomance.VFin CommonRomance.VFut ParamX.Pl ParamX.P3 => faudront
s . CommonRomance.VFin CommonRomance.VCondit ParamX.Sg ParamX.P1 => faudrais
s . CommonRomance.VFin CommonRomance.VCondit ParamX.Sg ParamX.P2 => faudrais
s . CommonRomance.VFin CommonRomance.VCondit ParamX.Sg ParamX.P3 => faudrait
s . CommonRomance.VFin CommonRomance.VCondit ParamX.Pl ParamX.P1 => faudrions
s . CommonRomance.VFin CommonRomance.VCondit ParamX.Pl ParamX.P2 => faudriez
s . CommonRomance.VFin CommonRomance.VCondit ParamX.Pl ParamX.P3 => faudraient
s . CommonRomance.VImper CommonRomance.SgP2 => Predef.nonExist
s . CommonRomance.VImper CommonRomance.PlP1 => Predef.nonExist
s . CommonRomance.VImper CommonRomance.PlP2 => Predef.nonExist
s . CommonRomance.VPart CommonRomance.Masc ParamX.Sg => failli
s . CommonRomance.VPart CommonRomance.Masc ParamX.Pl => faillis
s . CommonRomance.VPart CommonRomance.Fem ParamX.Sg => faillie
s . CommonRomance.VPart CommonRomance.Fem ParamX.Pl => faillies
s . CommonRomance.VGer => faillant
