s . CommonRomance.VInfin Prelude.False => bouillir
s . CommonRomance.VInfin Prelude.True => bouillir
s . CommonRomance.VFin (CommonRomance.VPres CommonRomance.Indic) ParamX.Sg ParamX.P1 => bous
s . CommonRomance.VFin (CommonRomance.VPres CommonRomance.Indic) ParamX.Sg ParamX.P2 => bous
s . CommonRomance.VFin (CommonRomance.VPres CommonRomance.Indic) ParamX.Sg ParamX.P3 => bout
s . CommonRomance.VFin (CommonRomance.VPres CommonRomance.Indic) ParamX.Pl ParamX.P1 => bouillons
s . CommonRomance.VFin (CommonRomance.VPres CommonRomance.Indic) ParamX.Pl ParamX.P2 => bouillez
s . CommonRomance.VFin (CommonRomance.VPres CommonRomance.Indic) ParamX.Pl ParamX.P3 => bouillent
s . CommonRomance.VFin (CommonRomance.VPres CommonRomance.Conjunct) ParamX.Sg ParamX.P1 => bouille
s . CommonRomance.VFin (CommonRomance.VPres CommonRomance.Conjunct) ParamX.Sg ParamX.P2 => bouilles
s . CommonRomance.VFin (CommonRomance.VPres CommonRomance.Conjunct) ParamX.Sg ParamX.P3 => bouille
s . CommonRomance.VFin (CommonRomance.VPres CommonRomance.Conjunct) ParamX.Pl ParamX.P1 => bouillions
s . CommonRomance.VFin (CommonRomance.VPres CommonRomance.Conjunct) ParamX.Pl ParamX.P2 => bouilliez
s . CommonRomance.VFin (CommonRomance.VPres CommonRomance.Conjunct) ParamX.Pl ParamX.P3 => bouillent
s . CommonRomance.VFin (CommonRomance.VImperf CommonRomance.Indic) ParamX.Sg ParamX.P1 => bouillais
s . CommonRomance.VFin (CommonRomance.VImperf CommonRomance.Indic) ParamX.Sg ParamX.P2 => bouillais
s . CommonRomance.VFin (CommonRomance.VImperf CommonRomance.Indic) ParamX.Sg ParamX.P3 => bouillait
s . CommonRomance.VFin (CommonRomance.VImperf CommonRomance.Indic) ParamX.Pl ParamX.P1 => bouillions
s . CommonRomance.VFin (CommonRomance.VImperf CommonRomance.Indic) ParamX.Pl ParamX.P2 => bouilliez
s . CommonRomance.VFin (CommonRomance.VImperf CommonRomance.Indic) ParamX.Pl ParamX.P3 => bouillaient
s . CommonRomance.VFin (CommonRomance.VImperf CommonRomance.Conjunct) ParamX.Sg ParamX.P1 => bouillisse
s . CommonRomance.VFin (CommonRomance.VImperf CommonRomance.Conjunct) ParamX.Sg ParamX.P2 => bouillisses
s . CommonRomance.VFin (CommonRomance.VImperf CommonRomance.Conjunct) ParamX.Sg ParamX.P3 => bouillît
s . CommonRomance.VFin (CommonRomance.VImperf CommonRomance.Conjunct) ParamX.Pl ParamX.P1 => bouillissions
s . CommonRomance.VFin (CommonRomance.VImperf CommonRomance.Conjunct) ParamX.Pl ParamX.P2 => bouillissiez
s . CommonRomance.VFin (CommonRomance.VImperf CommonRomance.Conjunct) ParamX.Pl ParamX.P3 => bouillissent
s . CommonRomance.VFin CommonRomance.VPasse ParamX.Sg ParamX.P1 => bouillis
s . CommonRomance.VFin CommonRomance.VPasse ParamX.Sg ParamX.P2 => bouillis
s . CommonRomance.VFin CommonRomance.VPasse ParamX.Sg ParamX.P3 => bouillit
s . CommonRomance.VFin CommonRomance.VPasse ParamX.Pl ParamX.P1 => bouillîmes
s . CommonRomance.VFin CommonRomance.VPasse ParamX.Pl ParamX.P2 => bouillîtes
s . CommonRomance.VFin CommonRomance.VPasse ParamX.Pl ParamX.P3 => bouillirent
s . CommonRomance.VFin CommonRomance.VFut ParamX.Sg ParamX.P1 => bouillirai
s . CommonRomance.VFin CommonRomance.VFut ParamX.Sg ParamX.P2 => bouilliras
s . CommonRomance.VFin CommonRomance.VFut ParamX.Sg ParamX.P3 => bouillira
s . CommonRomance.VFin CommonRomance.VFut ParamX.Pl ParamX.P1 => bouillirons
s . CommonRomance.VFin CommonRomance.VFut ParamX.Pl ParamX.P2 => bouillirez
s . CommonRomance.VFin CommonRomance.VFut ParamX.Pl ParamX.P3 => bouilliront
s . CommonRomance.VFin CommonRomance.VCondit ParamX.Sg ParamX.P1 => bouillirais
s . CommonRomance.VFin CommonRomance.VCondit ParamX.Sg ParamX.P2 => bouillirais
s . CommonRomance.VFin CommonRomance.VCondit ParamX.Sg ParamX.P3 => bouillirait
s . CommonRomance.VFin CommonRomance.VCondit ParamX.Pl ParamX.P1 => bouillirions
s . CommonRomance.VFin CommonRomance.VCondit ParamX.Pl ParamX.P2 => bouilliriez
s . CommonRomance.VFin CommonRomance.VCondit ParamX.Pl ParamX.P3 => bouilliraient
s . CommonRomance.VImper CommonRomance.SgP2 => bous
s . CommonRomance.VImper CommonRomance.PlP1 => bouillons
s . CommonRomance.VImper CommonRomance.PlP2 => bouillez
s . CommonRomance.VPart CommonRomance.Masc ParamX.Sg => bouilli
s . CommonRomance.VPart CommonRomance.Masc ParamX.Pl => bouillis
s . CommonRomance.VPart CommonRomance.Fem ParamX.Sg => bouillie
s . CommonRomance.VPart CommonRomance.Fem ParamX.Pl => bouillies
s . CommonRomance.VGer => bouillant
