s . CommonRomance.VInfin Prelude.False => mourir
s . CommonRomance.VInfin Prelude.True => mourir
s . CommonRomance.VFin (CommonRomance.VPres CommonRomance.Indic) ParamX.Sg ParamX.P1 => meurs
s . CommonRomance.VFin (CommonRomance.VPres CommonRomance.Indic) ParamX.Sg ParamX.P2 => meurs
s . CommonRomance.VFin (CommonRomance.VPres CommonRomance.Indic) ParamX.Sg ParamX.P3 => meurt
s . CommonRomance.VFin (CommonRomance.VPres CommonRomance.Indic) ParamX.Pl ParamX.P1 => mourons
s . CommonRomance.VFin (CommonRomance.VPres CommonRomance.Indic) ParamX.Pl ParamX.P2 => mourez
s . CommonRomance.VFin (CommonRomance.VPres CommonRomance.Indic) ParamX.Pl ParamX.P3 => meurent
s . CommonRomance.VFin (CommonRomance.VPres CommonRomance.Conjunct) ParamX.Sg ParamX.P1 => meure
s . CommonRomance.VFin (CommonRomance.VPres CommonRomance.Conjunct) ParamX.Sg ParamX.P2 => meures
s . CommonRomance.VFin (CommonRomance.VPres CommonRomance.Conjunct) ParamX.Sg ParamX.P3 => meure
s . CommonRomance.VFin (CommonRomance.VPres CommonRomance.Conjunct) ParamX.Pl ParamX.P1 => mourions
s . CommonRomance.VFin (CommonRomance.VPres CommonRomance.Conjunct) ParamX.Pl ParamX.P2 => mouriez
s . CommonRomance.VFin (CommonRomance.VPres CommonRomance.Conjunct) ParamX.Pl ParamX.P3 => meurent
s . CommonRomance.VFin (CommonRomance.VImperf CommonRomance.Indic) ParamX.Sg ParamX.P1 => mourais
s . CommonRomance.VFin (CommonRomance.VImperf CommonRomance.Indic) ParamX.Sg ParamX.P2 => mourais
s . CommonRomance.VFin (CommonRomance.VImperf CommonRomance.Indic) ParamX.Sg ParamX.P3 => mourait
s . CommonRomance.VFin (CommonRomance.VImperf CommonRomance.Indic) ParamX.Pl ParamX.P1 => mourions
s . CommonRomance.VFin (CommonRomance.VImperf CommonRomance.Indic) ParamX.Pl ParamX.P2 => mouriez
s . CommonRomance.VFin (CommonRomance.VImperf CommonRomance.Indic) ParamX.Pl ParamX.P3 => mouraient
s . CommonRomance.VFin (CommonRomance.VImperf CommonRomance.Conjunct) ParamX.Sg ParamX.P1 => mourusse
s . CommonRomance.VFin (CommonRomance.VImperf CommonRomance.Conjunct) ParamX.Sg ParamX.P2 => mourusses
s . CommonRomance.VFin (CommonRomance.VImperf CommonRomance.Conjunct) ParamX.Sg ParamX.P3 => mourût
s . CommonRomance.VFin (CommonRomance.VImperf CommonRomance.Conjunct) ParamX.Pl ParamX.P1 => mourussions
s . CommonRomance.VFin (CommonRomance.VImperf CommonRomance.Conjunct) ParamX.Pl ParamX.P2 => mourussiez
s . CommonRomance.VFin (CommonRomance.VImperf CommonRomance.Conjunct) ParamX.Pl ParamX.P3 => mourussent
s . CommonRomance.VFin CommonRomance.VPasse ParamX.Sg ParamX.P1 => mourus
s . CommonRomance.VFin CommonRomance.VPasse ParamX.Sg ParamX.P2 => mourus
s . CommonRomance.VFin CommonRomance.VPasse ParamX.Sg ParamX.P3 => mourut
s . CommonRomance.VFin CommonRomance.VPasse ParamX.Pl ParamX.P1 => mourûmes
s . CommonRomance.VFin CommonRomance.VPasse ParamX.Pl ParamX.P2 => mourûtes
s . CommonRomance.VFin CommonRomance.VPasse ParamX.Pl ParamX.P3 => moururent
s . CommonRomance.VFin CommonRomance.VFut ParamX.Sg ParamX.P1 => mourrai
s . CommonRomance.VFin CommonRomance.VFut ParamX.Sg ParamX.P2 => mourras
s . CommonRomance.VFin CommonRomance.VFut ParamX.Sg ParamX.P3 => mourra
s . CommonRomance.VFin CommonRomance.VFut ParamX.Pl ParamX.P1 => mourrons
s . CommonRomance.VFin CommonRomance.VFut ParamX.Pl ParamX.P2 => mourrez
s . CommonRomance.VFin CommonRomance.VFut ParamX.Pl ParamX.P3 => mourront
s . CommonRomance.VFin CommonRomance.VCondit ParamX.Sg ParamX.P1 => mourrais
s . CommonRomance.VFin CommonRomance.VCondit ParamX.Sg ParamX.P2 => mourrais
s . CommonRomance.VFin CommonRomance.VCondit ParamX.Sg ParamX.P3 => mourrait
s . CommonRomance.VFin CommonRomance.VCondit ParamX.Pl ParamX.P1 => mourrions
s . CommonRomance.VFin CommonRomance.VCondit ParamX.Pl ParamX.P2 => mourriez
s . CommonRomance.VFin CommonRomance.VCondit ParamX.Pl ParamX.P3 => mourraient
s . CommonRomance.VImper CommonRomance.SgP2 => meurs
s . CommonRomance.VImper CommonRomance.PlP1 => mourons
s . CommonRomance.VImper CommonRomance.PlP2 => mourez
s . CommonRomance.VPart CommonRomance.Masc ParamX.Sg => mort
s . CommonRomance.VPart CommonRomance.Masc ParamX.Pl => morts
s . CommonRomance.VPart CommonRomance.Fem ParamX.Sg => morte
s . CommonRomance.VPart CommonRomance.Fem ParamX.Pl => mortes
s . CommonRomance.VGer => mourant
