s . CommonRomance.VInfin Prelude.False => fuir
s . CommonRomance.VInfin Prelude.True => fuir
s . CommonRomance.VFin (CommonRomance.VPres CommonRomance.Indic) ParamX.Sg ParamX.P1 => fuis
s . CommonRomance.VFin (CommonRomance.VPres CommonRomance.Indic) ParamX.Sg ParamX.P2 => fuis
s . CommonRomance.VFin (CommonRomance.VPres CommonRomance.Indic) ParamX.Sg ParamX.P3 => fuit
s . CommonRomance.VFin (CommonRomance.VPres CommonRomance.Indic) ParamX.Pl ParamX.P1 => fuyons
s . CommonRomance.VFin (CommonRomance.VPres CommonRomance.Indic) ParamX.Pl ParamX.P2 => fuyez
s . CommonRomance.VFin (CommonRomance.VPres CommonRomance.Indic) ParamX.Pl ParamX.P3 => fuient
s . CommonRomance.VFin (CommonRomance.VPres CommonRomance.Conjunct) ParamX.Sg ParamX.P1 => fuie
s . CommonRomance.VFin (CommonRomance.VPres CommonRomance.Conjunct) ParamX.Sg ParamX.P2 => fuies
s . CommonRomance.VFin (CommonRomance.VPres CommonRomance.Conjunct) ParamX.Sg ParamX.P3 => fuie
s . CommonRomance.VFin (CommonRomance.VPres CommonRomance.Conjunct) ParamX.Pl ParamX.P1 => fuyions
s . CommonRomance.VFin (CommonRomance.VPres CommonRomance.Conjunct) ParamX.Pl ParamX.P2 => fuyiez
s . CommonRomance.VFin (CommonRomance.VPres CommonRomance.Conjunct) ParamX.Pl ParamX.P3 => fuient
s . CommonRomance.VFin (CommonRomance.VImperf CommonRomance.Indic) ParamX.Sg ParamX.P1 => fuyais
s . CommonRomance.VFin (CommonRomance.VImperf CommonRomance.Indic) ParamX.Sg ParamX.P2 => fuyais
s . CommonRomance.VFin (CommonRomance.VImperf CommonRomance.Indic) ParamX.Sg ParamX.P3 => fuyait
s . CommonRomance.VFin (CommonRomance.VImperf CommonRomance.Indic) ParamX.Pl ParamX.P1 => fuyions
s . CommonRomance.VFin (CommonRomance.VImperf CommonRomance.Indic) ParamX.Pl ParamX.P2 => fuyiez
s . CommonRomance.VFin (CommonRomance.VImperf CommonRomance.Indic) ParamX.Pl ParamX.P3 => fuyaient
s . CommonRomance.VFin (CommonRomance.VImperf CommonRomance.Conjunct) ParamX.Sg ParamX.P1 => fuisse
s . CommonRomance.VFin (CommonRomance.VImperf CommonRomance.Conjunct) ParamX.Sg ParamX.P2 => fuisses
s . CommonRomance.VFin (CommonRomance.VImperf CommonRomance.Conjunct) ParamX.Sg ParamX.P3 => fuît
s . CommonRomance.VFin (CommonRomance.VImperf CommonRomance.Conjunct) ParamX.Pl ParamX.P1 => fuissions
s . CommonRomance.VFin (CommonRomance.VImperf CommonRomance.Conjunct) ParamX.Pl ParamX.P2 => fuissiez
s . CommonRomance.VFin (CommonRomance.VImperf CommonRomance.Conjunct) ParamX.Pl ParamX.P3 => fuissent
s . CommonRomance.VFin CommonRomance.VPasse ParamX.Sg ParamX.P1 => fuis
s . CommonRomance.VFin CommonRomance.VPasse ParamX.Sg ParamX.P2 => fuis
s . CommonRomance.VFin CommonRomance.VPasse ParamX.Sg ParamX.P3 => fuit
s . CommonRomance.VFin CommonRomance.VPasse ParamX.Pl ParamX.P1 => fuîmes
s . CommonRomance.VFin CommonRomance.VPasse ParamX.Pl ParamX.P2 => fuîtes
s . CommonRomance.VFin CommonRomance.VPasse ParamX.Pl ParamX.P3 => fuirent
s . CommonRomance.VFin CommonRomance.VFut ParamX.Sg ParamX.P1 => fuirai
s . CommonRomance.VFin CommonRomance.VFut ParamX.Sg ParamX.P2 => fuiras
s . CommonRomance.VFin CommonRomance.VFut ParamX.Sg ParamX.P3 => fuira
s . CommonRomance.VFin CommonRomance.VFut ParamX.Pl ParamX.P1 => fuirons
s . CommonRomance.VFin CommonRomance.VFut ParamX.Pl ParamX.P2 => fuirez
s . CommonRomance.VFin CommonRomance.VFut ParamX.Pl ParamX.P3 => fuiront
s . CommonRomance.VFin CommonRomance.VCondit ParamX.Sg ParamX.P1 => fuirais
s . CommonRomance.VFin CommonRomance.VCondit ParamX.Sg ParamX.P2 => fuirais
s . CommonRomance.VFin CommonRomance.VCondit ParamX.Sg ParamX.P3 => fuirait
s . CommonRomance.VFin CommonRomance.VCondit ParamX.Pl ParamX.P1 => fuirions
s . CommonRomance.VFin CommonRomance.VCondit ParamX.Pl ParamX.P2 => fuiriez
s . CommonRomance.VFin CommonRomance.VCondit ParamX.Pl ParamX.P3 => fuiraient
s . CommonRomance.VImper CommonRomance.SgP2 => fuis
s . CommonRomance.VImper CommonRomance.PlP1 => fuyons
s . CommonRomance.VImper CommonRomance.PlP2 => fuyez
s . CommonRomance.VPart CommonRomance.Masc ParamX.Sg => fui
s . CommonRomance.VPart CommonRomance.Masc ParamX.Pl => fuis
s . CommonRomance.VPart CommonRomance.Fem ParamX.Sg => fuie
s . CommonRomance.VPart CommonRomance.Fem ParamX.Pl => fuies
s . CommonRomance.VGer => fuyant
