s . CommonRomance.VInfin Prelude.False => ouïr
s . CommonRomance.VInfin Prelude.True => ouïr
s . CommonRomance.VFin (CommonRomance.VPres CommonRomance.Indic) ParamX.Sg ParamX.P1 => ois
s . CommonRomance.VFin (CommonRomance.VPres CommonRomance.Indic) ParamX.Sg ParamX.P2 => ois
s . CommonRomance.VFin (CommonRomance.VPres CommonRomance.Indic) ParamX.Sg ParamX.P3 => oit
s . CommonRomance.VFin (CommonRomance.VPres CommonRomance.Indic) ParamX.Pl ParamX.P1 => oyons
s . CommonRomance.VFin (CommonRomance.VPres CommonRomance.Indic) ParamX.Pl ParamX.P2 => oyez
s . CommonRomance.VFin (CommonRomance.VPres CommonRomance.Indic) ParamX.Pl ParamX.P3 => oient
s . CommonRomance.VFin (CommonRomance.VPres CommonRomance.Conjunct) ParamX.Sg ParamX.P1 => oie
s . CommonRomance.VFin (CommonRomance.VPres CommonRomance.Conjunct) ParamX.Sg ParamX.P2 => oies
s . CommonRomance.VFin (CommonRomance.VPres CommonRomance.Conjunct) ParamX.Sg ParamX.P3 => oie
s . CommonRomance.VFin (CommonRomance.VPres CommonRomance.Conjunct) ParamX.Pl ParamX.P1 => oyions
s . CommonRomance.VFin (CommonRomance.VPres CommonRomance.Conjunct) ParamX.Pl ParamX.P2 => oyiez
s . CommonRomance.VFin (CommonRomance.VPres CommonRomance.Conjunct) ParamX.Pl ParamX.P3 => oient
s . CommonRomance.VFin (CommonRomance.VImperf CommonRomance.Indic) ParamX.Sg ParamX.P1 => oyais
s . CommonRomance.VFin (CommonRomance.VImperf CommonRomance.Indic) ParamX.Sg ParamX.P2 => oyais
s . CommonRomance.VFin (CommonRomance.VImperf CommonRomance.Indic) ParamX.Sg ParamX.P3 => oyait
s . CommonRomance.VFin (CommonRomance.VImperf CommonRomance.Indic) ParamX.Pl ParamX.P1 => oyions
s . CommonRomance.VFin (CommonRomance.VImperf CommonRomance.Indic) ParamX.Pl ParamX.P2 => oyiez
s . CommonRomance.VFin (CommonRomance.VImperf CommonRomance.Indic) ParamX.Pl ParamX.P3 => oyaient
s . CommonRomance.VFin (CommonRomance.VImperf CommonRomance.Conjunct) ParamX.Sg ParamX.P1 => ouïsse
s . CommonRomance.VFin (CommonRomance.VImperf CommonRomance.Conjunct) ParamX.Sg ParamX.P2 => ouïsses
s . CommonRomance.VFin (CommonRomance.VImperf CommonRomance.Conjunct) ParamX.Sg ParamX.P3 => ouït
s . CommonRomance.VFin (CommonRomance.VImperf CommonRomance.Conjunct) ParamX.Pl ParamX.P1 => ouïssions
s . CommonRomance.VFin (CommonRomance.VImperf CommonRomance.Conjunct) ParamX.Pl ParamX.P2 => ouïssiez
s . CommonRomance.VFin (CommonRomance.VImperf CommonRomance.Conjunct) ParamX.Pl ParamX.P3 => ouïssent
s . CommonRomance.VFin CommonRomance.VPasse ParamX.Sg ParamX.P1 => ouïs
s . CommonRomance.VFin CommonRomance.VPasse ParamX.Sg ParamX.P2 => ouïs
s . CommonRomance.VFin CommonRomance.VPasse ParamX.Sg ParamX.P3 => ouït
s . CommonRomance.VFin CommonRomance.VPasse ParamX.Pl ParamX.P1 => ouïmes
s . CommonRomance.VFin CommonRomance.VPasse ParamX.Pl ParamX.P2 => ouïtes
s . CommonRomance.VFin CommonRomance.VPasse ParamX.Pl ParamX.P3 => ouïrent
s . CommonRomance.VFin CommonRomance.VFut ParamX.Sg ParamX.P1 => ouïrai
s . CommonRomance.VFin CommonRomance.VFut ParamX.Sg ParamX.P2 => ouïras
s . CommonRomance.VFin CommonRomance.VFut ParamX.Sg ParamX.P3 => ouïra
s . CommonRomance.VFin CommonRomance.VFut ParamX.Pl ParamX.P1 => ouïrons
s . CommonRomance.VFin CommonRomance.VFut ParamX.Pl ParamX.P2 => ouïrez
s . CommonRomance.VFin CommonRomance.VFut ParamX.Pl ParamX.P3 => ouïront
s . CommonRomance.VFin CommonRomance.VCondit ParamX.Sg ParamX.P1 => ouïrais
s . CommonRomance.VFin CommonRomance.VCondit ParamX.Sg ParamX.P2 => ouïrais
s . CommonRomance.VFin CommonRomance.VCondit ParamX.Sg ParamX.P3 => ouïrait
s . CommonRomance.VFin CommonRomance.VCondit ParamX.Pl ParamX.P1 => ouïrions
s . CommonRomance.VFin CommonRomance.VCondit ParamX.Pl ParamX.P2 => ouïriez
s . CommonRomance.VFin CommonRomance.VCondit ParamX.Pl ParamX.P3 => ouïraient
s . CommonRomance.VImper CommonRomance.SgP2 => ois
s . CommonRomance.VImper CommonRomance.PlP1 => oyons
s . CommonRomance.VImper CommonRomance.PlP2 => oyez
s . CommonRomance.VPart CommonRomance.Masc ParamX.Sg => ouï
s . CommonRomance.VPart CommonRomance.Masc ParamX.Pl => ouïs
s . CommonRomance.VPart CommonRomance.Fem ParamX.Sg => ouïe
s . CommonRomance.VPart CommonRomance.Fem ParamX.Pl => ouïes
s . CommonRomance.VGer => oyant
