s . CommonRomance.VInfin Prelude.False => pouvoir
s . CommonRomance.VInfin Prelude.True => pouvoir
s . CommonRomance.VFin (CommonRomance.VPres CommonRomance.Indic) ParamX.Sg ParamX.P1 => peux
s . CommonRomance.VFin (CommonRomance.VPres CommonRomance.Indic) ParamX.Sg ParamX.P2 => peux
s . CommonRomance.VFin (CommonRomance.VPres CommonRomance.Indic) ParamX.Sg ParamX.P3 => peut
s . CommonRomance.VFin (CommonRomance.VPres CommonRomance.Indic) ParamX.Pl ParamX.P1 => pouvons
s . CommonRomance.VFin (CommonRomance.VPres CommonRomance.Indic) ParamX.Pl ParamX.P2 => pouvez
s . CommonRomance.VFin (CommonRomance.VPres CommonRomance.Indic) ParamX.Pl ParamX.P3 => peuvent
s . CommonRomance.VFin (CommonRomance.VPres CommonRomance.Conjunct) ParamX.Sg ParamX.P1 => puisse
s . CommonRomance.VFin (CommonRomance.VPres CommonRomance.Conjunct) ParamX.Sg ParamX.P2 => puisses
s . CommonRomance.VFin (CommonRomance.VPres CommonRomance.Conjunct) ParamX.Sg ParamX.P3 => puisse
s . CommonRomance.VFin (CommonRomance.VPres CommonRomance.Conjunct) ParamX.Pl ParamX.P1 => puissions
s . CommonRomance.VFin (CommonRomance.VPres CommonRomance.Conjunct) ParamX.Pl ParamX.P2 => puissiez
s . CommonRomance.VFin (CommonRomance.VPres CommonRomance.Conjunct) ParamX.Pl ParamX.P3 => puissent
s . CommonRomance.VFin (CommonRomance.VImperf CommonRomance.Indic) ParamX.Sg ParamX.P1 => pouvais
s . CommonRomance.VFin (CommonRomance.VImperf CommonRomance.Indic) ParamX.Sg ParamX.P2 => pouvais
s . CommonRomance.VFin (CommonRomance.VImperf CommonRomance.Indic) ParamX.Sg ParamX.P3 => pouvait
s . CommonRomance.VFin (CommonRomance.VImperf CommonRomance.Indic) ParamX.Pl ParamX.P1 => pouvions
s . CommonRomance.VFin (CommonRomance.VImperf CommonRomance.Indic) ParamX.Pl ParamX.P2 => pouviez
s . CommonRomance.VFin (CommonRomance.VImperf CommonRomance.Indic) ParamX.Pl ParamX.P3 => pouvaient
s . CommonRomance.VFin (CommonRomance.VImperf CommonRomance.Conjunct) ParamX.Sg ParamX.P1 => pusse
s . CommonRomance.VFin (CommonRomance.VImperf CommonRomance.Conjunct) ParamX.Sg ParamX.P2 => pusses
s . CommonRomance.VFin (CommonRomance.VImperf CommonRomance.Conjunct) ParamX.Sg ParamX.P3 => pût
s . CommonRomance.VFin (CommonRomance.VImperf CommonRomance.Conjunct) ParamX.Pl ParamX.P1 => pussions
s . CommonRomance.VFin (CommonRomance.VImperf CommonRomance.Conjunct) ParamX.Pl ParamX.P2 => pussiez
s . CommonRomance.VFin (CommonRomance.VImperf CommonRomance.Conjunct) ParamX.Pl ParamX.P3 => pussent
s . CommonRomance.VFin CommonRomance.VPasse ParamX.Sg ParamX.P1 => pus
s . CommonRomance.VFin CommonRomance.VPasse ParamX.Sg ParamX.P2 => pus
s . CommonRomance.VFin CommonRomance.VPasse ParamX.Sg ParamX.P3 => put
s . CommonRomance.VFin CommonRomance.VPasse ParamX.Pl ParamX.P1 => pûmes
s . CommonRomance.VFin CommonRomance.VPasse ParamX.Pl ParamX.P2 => pûtes
s . CommonRomance.VFin CommonRomance.VPasse ParamX.Pl ParamX.P3 => purent
s . CommonRomance.VFin CommonRomance.VFut ParamX.Sg ParamX.P1 => pourrai
s . CommonRomance.VFin CommonRomance.VFut ParamX.Sg ParamX.P2 => pourras
s . CommonRomance.VFin CommonRomance.VFut ParamX.Sg ParamX.P3 => pourra
s . CommonRomance.VFin CommonRomance.VFut ParamX.Pl ParamX.P1 => pourrons
s . CommonRomance.VFin CommonRomance.VFut ParamX.Pl ParamX.P2 => pourrez
s . CommonRomance.VFin CommonRomance.VFut ParamX.Pl ParamX.P3 => pourront
s . CommonRomance.VFin CommonRomance.VCondit ParamX.Sg ParamX.P1 => pourrais
s . CommonRomance.VFin CommonRomance.VCondit ParamX.Sg ParamX.P2 => pourrais
s . CommonRomance.VFin CommonRomance.VCondit ParamX.Sg ParamX.P3 => pourrait
s . CommonRomance.VFin CommonRomance.VCondit ParamX.Pl ParamX.P1 => pourrions
s . CommonRomance.VFin CommonRomance.VCondit ParamX.Pl ParamX.P2 => pourriez
s . CommonRomance.VFin CommonRomance.VCondit ParamX.Pl ParamX.P3 => pourraient
s . CommonRomance.VImper CommonRomance.SgP2 => peux
s . CommonRomance.VImper CommonRomance.PlP1 => puissons
s . CommonRomance.VImper CommonRomance.PlP2 => puissez
s . CommonRomance.VPart CommonRomance.Masc ParamX.Sg => pu
s . CommonRomance.VPart CommonRomance.Masc ParamX.Pl => pus
s . CommonRomance.VPart CommonRomance.Fem ParamX.Sg => pue
s . CommonRomance.VPart CommonRomance.Fem ParamX.Pl => pues
s . CommonRomance.VGer => pouvant
