s . CommonRomance.VInfin Prelude.False => mouvoir
s . CommonRomance.VInfin Prelude.True => mouvoir
s . CommonRomance.VFin (CommonRomance.VPres CommonRomance.Indic) ParamX.Sg ParamX.P1 => meus
s . CommonRomance.VFin (CommonRomance.VPres CommonRomance.Indic) ParamX.Sg ParamX.P2 => meus
s . CommonRomance.VFin (CommonRomance.VPres CommonRomance.Indic) ParamX.Sg ParamX.P3 => meut
s . CommonRomance.VFin (CommonRomance.VPres CommonRomance.Indic) ParamX.Pl ParamX.P1 => mouvons
s . CommonRomance.VFin (CommonRomance.VPres CommonRomance.Indic) ParamX.Pl ParamX.P2 => mouvez
s . CommonRomance.VFin (CommonRomance.VPres CommonRomance.Indic) ParamX.Pl ParamX.P3 => meuvent
s . CommonRomance.VFin (CommonRomance.VPres CommonRomance.Conjunct) ParamX.Sg ParamX.P1 => meuve
s . CommonRomance.VFin (CommonRomance.VPres CommonRomance.Conjunct) ParamX.Sg ParamX.P2 => meuves
s . CommonRomance.VFin (CommonRomance.VPres CommonRomance.Conjunct) ParamX.Sg ParamX.P3 => meuve
s . CommonRomance.VFin (CommonRomance.VPres CommonRomance.Conjunct) ParamX.Pl ParamX.P1 => mouvions
s . CommonRomance.VFin (CommonRomance.VPres CommonRomance.Conjunct) ParamX.Pl ParamX.P2 => mouviez
s . CommonRomance.VFin (CommonRomance.VPres CommonRomance.Conjunct) ParamX.Pl ParamX.P3 => meuvent
s . CommonRomance.VFin (CommonRomance.VImperf CommonRomance.Indic) ParamX.Sg ParamX.P1 => mouvais
s . CommonRomance.VFin (CommonRomance.VImperf CommonRomance.Indic) ParamX.Sg ParamX.P2 => mouvais
s . CommonRomance.VFin (CommonRomance.VImperf CommonRomance.Indic) ParamX.Sg ParamX.P3 => mouvait
s . CommonRomance.VFin (CommonRomance.VImperf CommonRomance.Indic) ParamX.Pl ParamX.P1 => mouvions
s . CommonRomance.VFin (CommonRomance.VImperf CommonRomance.Indic) ParamX.Pl ParamX.P2 => mouviez
s . CommonRomance.VFin (CommonRomance.VImperf CommonRomance.Indic) ParamX.Pl ParamX.P3 => mouvaient
s . CommonRomance.VFin (CommonRomance.VImperf CommonRomance.Conjunct) ParamX.Sg ParamX.P1 => musse
s . CommonRomance.VFin (CommonRomance.VImperf CommonRomance.Conjunct) ParamX.Sg ParamX.P2 => musses
s . CommonRomance.VFin (CommonRomance.VImperf CommonRomance.Conjunct) ParamX.Sg ParamX.P3 => mût
s . CommonRomance.VFin (CommonRomance.VImperf CommonRomance.Conjunct) ParamX.Pl ParamX.P1 => mussions
s . CommonRomance.VFin (CommonRomance.VImperf CommonRomance.Conjunct) ParamX.Pl ParamX.P2 => mussiez
s . CommonRomance.VFin (CommonRomance.VImperf CommonRomance.Conjunct) ParamX.Pl ParamX.P3 => mussent
s . CommonRomance.VFin CommonRomance.VPasse ParamX.Sg ParamX.P1 => mus
s . CommonRomance.VFin CommonRomance.VPasse ParamX.Sg ParamX.P2 => mus
s . CommonRomance.VFin CommonRomance.VPasse ParamX.Sg ParamX.P3 => mut
s . CommonRomance.VFin CommonRomance.VPasse ParamX.Pl ParamX.P1 => mûmes
s . CommonRomance.VFin CommonRomance.VPasse ParamX.Pl ParamX.P2 => mûtes
s . CommonRomance.VFin CommonRomance.VPasse ParamX.Pl ParamX.P3 => murent
s . CommonRomance.VFin CommonRomance.VFut ParamX.Sg ParamX.P1 => mouvrai
s . CommonRomance.VFin CommonRomance.VFut ParamX.Sg ParamX.P2 => mouvras
s . CommonRomance.VFin CommonRomance.VFut ParamX.Sg ParamX.P3 => mouvra
s . CommonRomance.VFin CommonRomance.VFut ParamX.Pl ParamX.P1 => mouvrons
s . CommonRomance.VFin CommonRomance.VFut ParamX.Pl ParamX.P2 => mouvrez
s . CommonRomance.VFin CommonRomance.VFut ParamX.Pl ParamX.P3 => mouvront
s . CommonRomance.VFin CommonRomance.VCondit ParamX.Sg ParamX.P1 => mouvrais
s . CommonRomance.VFin CommonRomance.VCondit ParamX.Sg ParamX.P2 => mouvrais
s . CommonRomance.VFin CommonRomance.VCondit ParamX.Sg ParamX.P3 => mouvrait
s . CommonRomance.VFin CommonRomance.VCondit ParamX.Pl ParamX.P1 => mouvrions
s . CommonRomance.VFin CommonRomance.VCondit ParamX.Pl ParamX.P2 => mouvriez
s . CommonRomance.VFin CommonRomance.VCondit ParamX.Pl ParamX.P3 => mouvraient
s . CommonRomance.VImper CommonRomance.SgP2 => meus
s . CommonRomance.VImper CommonRomance.PlP1 => mouvons
s . CommonRomance.VImper CommonRomance.PlP2 => mouvez
s . CommonRomance.VPart CommonRomance.Masc ParamX.Sg => mû
s . CommonRomance.VPart CommonRomance.Masc ParamX.Pl => mûs
s . CommonRomance.VPart CommonRomance.Fem ParamX.Sg => mûe
s . CommonRomance.VPart CommonRomance.Fem ParamX.Pl => mûes
s . CommonRomance.VGer => mouvant
