s . CommonRomance.VInfin Prelude.False => falloir
s . CommonRomance.VInfin Prelude.True => falloir
s . CommonRomance.VFin (CommonRomance.VPres CommonRomance.Indic) ParamX.Sg ParamX.P1 => Predef.nonExist
s . CommonRomance.VFin (CommonRomance.VPres CommonRomance.Indic) ParamX.Sg ParamX.P2 => Predef.nonExist
s . CommonRomance.VFin (CommonRomance.VPres CommonRomance.Indic) ParamX.Sg ParamX.P3 => faut
s . CommonRomance.VFin (CommonRomance.VPres CommonRomance.Indic) ParamX.Pl ParamX.P1 => Predef.nonExist
s . CommonRomance.VFin (CommonRomance.VPres CommonRomance.Indic) ParamX.Pl ParamX.P2 => Predef.nonExist
s . CommonRomance.VFin (CommonRomance.VPres CommonRomance.Indic) ParamX.Pl ParamX.P3 => Predef.nonExist
s . CommonRomance.VFin (CommonRomance.VPres CommonRomance.Conjunct) ParamX.Sg ParamX.P1 => Predef.nonExist
s . CommonRomance.VFin (CommonRomance.VPres CommonRomance.Conjunct) ParamX.Sg ParamX.P2 => Predef.nonExist
s . CommonRomance.VFin (CommonRomance.VPres CommonRomance.Conjunct) ParamX.Sg ParamX.P3 => faille
s . CommonRomance.VFin (CommonRomance.VPres CommonRomance.Conjunct) ParamX.Pl ParamX.P1 => Predef.nonExist
s . CommonRomance.VFin (CommonRomance.VPres CommonRomance.Conjunct) ParamX.Pl ParamX.P2 => Predef.nonExist
s . CommonRomance.VFin (CommonRomance.VPres CommonRomance.Conjunct) ParamX.Pl ParamX.P3 => Predef.nonExist
s . CommonRomance.VFin (CommonRomance.VImperf CommonRomance.Indic) ParamX.Sg ParamX.P1 => Predef.nonExist
s . CommonRomance.VFin (CommonRomance.VImperf CommonRomance.Indic) ParamX.Sg ParamX.P2 => Predef.nonExist
s . CommonRomance.VFin (CommonRomance.VImperf CommonRomance.Indic) ParamX.Sg ParamX.P3 => fallait
s . CommonRomance.VFin (CommonRomance.VImperf CommonRomance.Indic) ParamX.Pl ParamX.P1 => Predef.nonExist
s . CommonRomance.VFin (CommonRomance.VImperf CommonRomance.Indic) ParamX.Pl ParamX.P2 => Predef.nonExist
s . CommonRomance.VFin (CommonRomance.VImperf CommonRomance.Indic) ParamX.Pl ParamX.P3 => Predef.nonExist
s . CommonRomance.VFin (CommonRomance.VImperf CommonRomance.Conjunct) ParamX.Sg ParamX.P1 => Predef.nonExist
s . CommonRomance.VFin (CommonRomance.VImperf CommonRomance.Conjunct) ParamX.Sg ParamX.P2 => Predef.nonExist
s . CommonRomance.VFin (CommonRomance.VImperf CommonRomance.Conjunct) ParamX.Sg ParamX.P3 => fallÃ»t
s . CommonRomance.VFin (CommonRomance.VImperf CommonRomance.Conjunct) ParamX.Pl ParamX.P1 => Predef.nonExist
s . CommonRomance.VFin (CommonRomance.VImperf CommonRomance.Conjunct) ParamX.Pl ParamX.P2 => Predef.nonExist
s . CommonRomance.VFin (CommonRomance.VImperf CommonRomance.Conjunct) ParamX.Pl ParamX.P3 => Predef.nonExist
s . CommonRomance.VFin CommonRomance.VPasse ParamX.Sg ParamX.P1 => Predef.nonExist
s . CommonRomance.VFin CommonRomance.VPasse ParamX.Sg ParamX.P2 => Predef.nonExist
s . CommonRomance.VFin CommonRomance.VPasse ParamX.Sg ParamX.P3 => fallut
s . CommonRomance.VFin CommonRomance.VPasse ParamX.Pl ParamX.P1 => Predef.nonExist
s . CommonRomance.VFin CommonRomance.VPasse ParamX.Pl ParamX.P2 => Predef.nonExist
s . CommonRomance.VFin CommonRomance.VPasse ParamX.Pl ParamX.P3 => Predef.nonExist
s . CommonRomance.VFin CommonRomance.VFut ParamX.Sg ParamX.P1 => Predef.nonExist
s . CommonRomance.VFin CommonRomance.VFut ParamX.Sg ParamX.P2 => Predef.nonExist
s . CommonRomance.VFin CommonRomance.VFut ParamX.Sg ParamX.P3 => faudra
s . CommonRomance.VFin CommonRomance.VFut ParamX.Pl ParamX.P1 => Predef.nonExist
s . CommonRomance.VFin CommonRomance.VFut ParamX.Pl ParamX.P2 => Predef.nonExist
s . CommonRomance.VFin CommonRomance.VFut ParamX.Pl ParamX.P3 => Predef.nonExist
s . CommonRomance.VFin CommonRomance.VCondit ParamX.Sg ParamX.P1 => Predef.nonExist
s . CommonRomance.VFin CommonRomance.VCondit ParamX.Sg ParamX.P2 => Predef.nonExist
s . CommonRomance.VFin CommonRomance.VCondit ParamX.Sg ParamX.P3 => faudrait
s . CommonRomance.VFin CommonRomance.VCondit ParamX.Pl ParamX.P1 => Predef.nonExist
s . CommonRomance.VFin CommonRomance.VCondit ParamX.Pl ParamX.P2 => Predef.nonExist
s . CommonRomance.VFin CommonRomance.VCondit ParamX.Pl ParamX.P3 => Predef.nonExist
s . CommonRomance.VImper CommonRomance.SgP2 => Predef.nonExist
s . CommonRomance.VImper CommonRomance.PlP1 => Predef.nonExist
s . CommonRomance.VImper CommonRomance.PlP2 => Predef.nonExist
s . CommonRomance.VPart CommonRomance.Masc ParamX.Sg => fallu
s . CommonRomance.VPart CommonRomance.Masc ParamX.Pl => fallus
s . CommonRomance.VPart CommonRomance.Fem ParamX.Sg => fallue
s . CommonRomance.VPart CommonRomance.Fem ParamX.Pl => fallues
s . CommonRomance.VGer => fallant
