s . CommonRomance.VInfin Prelude.False => messeoir
s . CommonRomance.VInfin Prelude.True => messeoir
s . CommonRomance.VFin (CommonRomance.VPres CommonRomance.Indic) ParamX.Sg ParamX.P1 => Predef.nonExist
s . CommonRomance.VFin (CommonRomance.VPres CommonRomance.Indic) ParamX.Sg ParamX.P2 => Predef.nonExist
s . CommonRomance.VFin (CommonRomance.VPres CommonRomance.Indic) ParamX.Sg ParamX.P3 => messied
s . CommonRomance.VFin (CommonRomance.VPres CommonRomance.Indic) ParamX.Pl ParamX.P1 => Predef.nonExist
s . CommonRomance.VFin (CommonRomance.VPres CommonRomance.Indic) ParamX.Pl ParamX.P2 => Predef.nonExist
s . CommonRomance.VFin (CommonRomance.VPres CommonRomance.Indic) ParamX.Pl ParamX.P3 => messiéent
s . CommonRomance.VFin (CommonRomance.VPres CommonRomance.Conjunct) ParamX.Sg ParamX.P1 => Predef.nonExist
s . CommonRomance.VFin (CommonRomance.VPres CommonRomance.Conjunct) ParamX.Sg ParamX.P2 => Predef.nonExist
s . CommonRomance.VFin (CommonRomance.VPres CommonRomance.Conjunct) ParamX.Sg ParamX.P3 => messiée
s . CommonRomance.VFin (CommonRomance.VPres CommonRomance.Conjunct) ParamX.Pl ParamX.P1 => Predef.nonExist
s . CommonRomance.VFin (CommonRomance.VPres CommonRomance.Conjunct) ParamX.Pl ParamX.P2 => Predef.nonExist
s . CommonRomance.VFin (CommonRomance.VPres CommonRomance.Conjunct) ParamX.Pl ParamX.P3 => messiéent
s . CommonRomance.VFin (CommonRomance.VImperf CommonRomance.Indic) ParamX.Sg ParamX.P1 => Predef.nonExist
s . CommonRomance.VFin (CommonRomance.VImperf CommonRomance.Indic) ParamX.Sg ParamX.P2 => Predef.nonExist
s . CommonRomance.VFin (CommonRomance.VImperf CommonRomance.Indic) ParamX.Sg ParamX.P3 => messeyait
s . CommonRomance.VFin (CommonRomance.VImperf CommonRomance.Indic) ParamX.Pl ParamX.P1 => Predef.nonExist
s . CommonRomance.VFin (CommonRomance.VImperf CommonRomance.Indic) ParamX.Pl ParamX.P2 => Predef.nonExist
s . CommonRomance.VFin (CommonRomance.VImperf CommonRomance.Indic) ParamX.Pl ParamX.P3 => messeyaient
s . CommonRomance.VFin (CommonRomance.VImperf CommonRomance.Conjunct) ParamX.Sg ParamX.P1 => Predef.nonExist
s . CommonRomance.VFin (CommonRomance.VImperf CommonRomance.Conjunct) ParamX.Sg ParamX.P2 => Predef.nonExist
s . CommonRomance.VFin (CommonRomance.VImperf CommonRomance.Conjunct) ParamX.Sg ParamX.P3 => Predef.nonExist
s . CommonRomance.VFin (CommonRomance.VImperf CommonRomance.Conjunct) ParamX.Pl ParamX.P1 => Predef.nonExist
s . CommonRomance.VFin (CommonRomance.VImperf CommonRomance.Conjunct) ParamX.Pl ParamX.P2 => Predef.nonExist
s . CommonRomance.VFin (CommonRomance.VImperf CommonRomance.Conjunct) ParamX.Pl ParamX.P3 => Predef.nonExist
s . CommonRomance.VFin CommonRomance.VPasse ParamX.Sg ParamX.P1 => Predef.nonExist
s . CommonRomance.VFin CommonRomance.VPasse ParamX.Sg ParamX.P2 => Predef.nonExist
s . CommonRomance.VFin CommonRomance.VPasse ParamX.Sg ParamX.P3 => Predef.nonExist
s . CommonRomance.VFin CommonRomance.VPasse ParamX.Pl ParamX.P1 => Predef.nonExist
s . CommonRomance.VFin CommonRomance.VPasse ParamX.Pl ParamX.P2 => Predef.nonExist
s . CommonRomance.VFin CommonRomance.VPasse ParamX.Pl ParamX.P3 => Predef.nonExist
s . CommonRomance.VFin CommonRomance.VFut ParamX.Sg ParamX.P1 => Predef.nonExist
s . CommonRomance.VFin CommonRomance.VFut ParamX.Sg ParamX.P2 => Predef.nonExist
s . CommonRomance.VFin CommonRomance.VFut ParamX.Sg ParamX.P3 => messiéra
s . CommonRomance.VFin CommonRomance.VFut ParamX.Pl ParamX.P1 => Predef.nonExist
s . CommonRomance.VFin CommonRomance.VFut ParamX.Pl ParamX.P2 => Predef.nonExist
s . CommonRomance.VFin CommonRomance.VFut ParamX.Pl ParamX.P3 => messiéront
s . CommonRomance.VFin CommonRomance.VCondit ParamX.Sg ParamX.P1 => Predef.nonExist
s . CommonRomance.VFin CommonRomance.VCondit ParamX.Sg ParamX.P2 => Predef.nonExist
s . CommonRomance.VFin CommonRomance.VCondit ParamX.Sg ParamX.P3 => messiérait
s . CommonRomance.VFin CommonRomance.VCondit ParamX.Pl ParamX.P1 => Predef.nonExist
s . CommonRomance.VFin CommonRomance.VCondit ParamX.Pl ParamX.P2 => Predef.nonExist
s . CommonRomance.VFin CommonRomance.VCondit ParamX.Pl ParamX.P3 => messiéraient
s . CommonRomance.VImper CommonRomance.SgP2 => Predef.nonExist
s . CommonRomance.VImper CommonRomance.PlP1 => Predef.nonExist
s . CommonRomance.VImper CommonRomance.PlP2 => Predef.nonExist
s . CommonRomance.VPart CommonRomance.Masc ParamX.Sg => Predef.nonExist
s . CommonRomance.VPart CommonRomance.Masc ParamX.Pl => Predef.nonExist
s . CommonRomance.VPart CommonRomance.Fem ParamX.Sg => Predef.nonExist
s . CommonRomance.VPart CommonRomance.Fem ParamX.Pl => Predef.nonExist
s . CommonRomance.VGer => messéant
