s . CommonRomance.VInfin Prelude.False => prendre
s . CommonRomance.VInfin Prelude.True => prendre
s . CommonRomance.VFin (CommonRomance.VPres CommonRomance.Indic) ParamX.Sg ParamX.P1 => prends
s . CommonRomance.VFin (CommonRomance.VPres CommonRomance.Indic) ParamX.Sg ParamX.P2 => prends
s . CommonRomance.VFin (CommonRomance.VPres CommonRomance.Indic) ParamX.Sg ParamX.P3 => prend
s . CommonRomance.VFin (CommonRomance.VPres CommonRomance.Indic) ParamX.Pl ParamX.P1 => prenons
s . CommonRomance.VFin (CommonRomance.VPres CommonRomance.Indic) ParamX.Pl ParamX.P2 => prenez
s . CommonRomance.VFin (CommonRomance.VPres CommonRomance.Indic) ParamX.Pl ParamX.P3 => prennent
s . CommonRomance.VFin (CommonRomance.VPres CommonRomance.Conjunct) ParamX.Sg ParamX.P1 => prenne
s . CommonRomance.VFin (CommonRomance.VPres CommonRomance.Conjunct) ParamX.Sg ParamX.P2 => prennes
s . CommonRomance.VFin (CommonRomance.VPres CommonRomance.Conjunct) ParamX.Sg ParamX.P3 => prenne
s . CommonRomance.VFin (CommonRomance.VPres CommonRomance.Conjunct) ParamX.Pl ParamX.P1 => prenions
s . CommonRomance.VFin (CommonRomance.VPres CommonRomance.Conjunct) ParamX.Pl ParamX.P2 => preniez
s . CommonRomance.VFin (CommonRomance.VPres CommonRomance.Conjunct) ParamX.Pl ParamX.P3 => prennent
s . CommonRomance.VFin (CommonRomance.VImperf CommonRomance.Indic) ParamX.Sg ParamX.P1 => prenais
s . CommonRomance.VFin (CommonRomance.VImperf CommonRomance.Indic) ParamX.Sg ParamX.P2 => prenais
s . CommonRomance.VFin (CommonRomance.VImperf CommonRomance.Indic) ParamX.Sg ParamX.P3 => prenait
s . CommonRomance.VFin (CommonRomance.VImperf CommonRomance.Indic) ParamX.Pl ParamX.P1 => prenions
s . CommonRomance.VFin (CommonRomance.VImperf CommonRomance.Indic) ParamX.Pl ParamX.P2 => preniez
s . CommonRomance.VFin (CommonRomance.VImperf CommonRomance.Indic) ParamX.Pl ParamX.P3 => prenaient
s . CommonRomance.VFin (CommonRomance.VImperf CommonRomance.Conjunct) ParamX.Sg ParamX.P1 => prisse
s . CommonRomance.VFin (CommonRomance.VImperf CommonRomance.Conjunct) ParamX.Sg ParamX.P2 => prisses
s . CommonRomance.VFin (CommonRomance.VImperf CommonRomance.Conjunct) ParamX.Sg ParamX.P3 => prÃ®t
s . CommonRomance.VFin (CommonRomance.VImperf CommonRomance.Conjunct) ParamX.Pl ParamX.P1 => prissions
s . CommonRomance.VFin (CommonRomance.VImperf CommonRomance.Conjunct) ParamX.Pl ParamX.P2 => prissiez
s . CommonRomance.VFin (CommonRomance.VImperf CommonRomance.Conjunct) ParamX.Pl ParamX.P3 => prissent
s . CommonRomance.VFin CommonRomance.VPasse ParamX.Sg ParamX.P1 => pris
s . CommonRomance.VFin CommonRomance.VPasse ParamX.Sg ParamX.P2 => pris
s . CommonRomance.VFin CommonRomance.VPasse ParamX.Sg ParamX.P3 => prit
s . CommonRomance.VFin CommonRomance.VPasse ParamX.Pl ParamX.P1 => prÃ®mes
s . CommonRomance.VFin CommonRomance.VPasse ParamX.Pl ParamX.P2 => prÃ®tes
s . CommonRomance.VFin CommonRomance.VPasse ParamX.Pl ParamX.P3 => prirent
s . CommonRomance.VFin CommonRomance.VFut ParamX.Sg ParamX.P1 => prendrai
s . CommonRomance.VFin CommonRomance.VFut ParamX.Sg ParamX.P2 => prendras
s . CommonRomance.VFin CommonRomance.VFut ParamX.Sg ParamX.P3 => prendra
s . CommonRomance.VFin CommonRomance.VFut ParamX.Pl ParamX.P1 => prendrons
s . CommonRomance.VFin CommonRomance.VFut ParamX.Pl ParamX.P2 => prendrez
s . CommonRomance.VFin CommonRomance.VFut ParamX.Pl ParamX.P3 => prendront
s . CommonRomance.VFin CommonRomance.VCondit ParamX.Sg ParamX.P1 => prendrais
s . CommonRomance.VFin CommonRomance.VCondit ParamX.Sg ParamX.P2 => prendrais
s . CommonRomance.VFin CommonRomance.VCondit ParamX.Sg ParamX.P3 => prendrait
s . CommonRomance.VFin CommonRomance.VCondit ParamX.Pl ParamX.P1 => prendrions
s . CommonRomance.VFin CommonRomance.VCondit ParamX.Pl ParamX.P2 => prendriez
s . CommonRomance.VFin CommonRomance.VCondit ParamX.Pl ParamX.P3 => prendraient
s . CommonRomance.VImper CommonRomance.SgP2 => prends
s . CommonRomance.VImper CommonRomance.PlP1 => prenons
s . CommonRomance.VImper CommonRomance.PlP2 => prenez
s . CommonRomance.VPart CommonRomance.Masc ParamX.Sg => pris
s . CommonRomance.VPart CommonRomance.Masc ParamX.Pl => pris
s . CommonRomance.VPart CommonRomance.Fem ParamX.Sg => prise
s . CommonRomance.VPart CommonRomance.Fem ParamX.Pl => prises
s . CommonRomance.VGer => prenant
