s . CommonRomance.VInfin Prelude.False => mettre
s . CommonRomance.VInfin Prelude.True => mettre
s . CommonRomance.VFin (CommonRomance.VPres CommonRomance.Indic) ParamX.Sg ParamX.P1 => mets
s . CommonRomance.VFin (CommonRomance.VPres CommonRomance.Indic) ParamX.Sg ParamX.P2 => mets
s . CommonRomance.VFin (CommonRomance.VPres CommonRomance.Indic) ParamX.Sg ParamX.P3 => met
s . CommonRomance.VFin (CommonRomance.VPres CommonRomance.Indic) ParamX.Pl ParamX.P1 => mettons
s . CommonRomance.VFin (CommonRomance.VPres CommonRomance.Indic) ParamX.Pl ParamX.P2 => mettez
s . CommonRomance.VFin (CommonRomance.VPres CommonRomance.Indic) ParamX.Pl ParamX.P3 => mettent
s . CommonRomance.VFin (CommonRomance.VPres CommonRomance.Conjunct) ParamX.Sg ParamX.P1 => mette
s . CommonRomance.VFin (CommonRomance.VPres CommonRomance.Conjunct) ParamX.Sg ParamX.P2 => mettes
s . CommonRomance.VFin (CommonRomance.VPres CommonRomance.Conjunct) ParamX.Sg ParamX.P3 => mette
s . CommonRomance.VFin (CommonRomance.VPres CommonRomance.Conjunct) ParamX.Pl ParamX.P1 => mettions
s . CommonRomance.VFin (CommonRomance.VPres CommonRomance.Conjunct) ParamX.Pl ParamX.P2 => mettiez
s . CommonRomance.VFin (CommonRomance.VPres CommonRomance.Conjunct) ParamX.Pl ParamX.P3 => mettent
s . CommonRomance.VFin (CommonRomance.VImperf CommonRomance.Indic) ParamX.Sg ParamX.P1 => mettais
s . CommonRomance.VFin (CommonRomance.VImperf CommonRomance.Indic) ParamX.Sg ParamX.P2 => mettais
s . CommonRomance.VFin (CommonRomance.VImperf CommonRomance.Indic) ParamX.Sg ParamX.P3 => mettait
s . CommonRomance.VFin (CommonRomance.VImperf CommonRomance.Indic) ParamX.Pl ParamX.P1 => mettions
s . CommonRomance.VFin (CommonRomance.VImperf CommonRomance.Indic) ParamX.Pl ParamX.P2 => mettiez
s . CommonRomance.VFin (CommonRomance.VImperf CommonRomance.Indic) ParamX.Pl ParamX.P3 => mettaient
s . CommonRomance.VFin (CommonRomance.VImperf CommonRomance.Conjunct) ParamX.Sg ParamX.P1 => misse
s . CommonRomance.VFin (CommonRomance.VImperf CommonRomance.Conjunct) ParamX.Sg ParamX.P2 => misses
s . CommonRomance.VFin (CommonRomance.VImperf CommonRomance.Conjunct) ParamX.Sg ParamX.P3 => mÃ®t
s . CommonRomance.VFin (CommonRomance.VImperf CommonRomance.Conjunct) ParamX.Pl ParamX.P1 => missions
s . CommonRomance.VFin (CommonRomance.VImperf CommonRomance.Conjunct) ParamX.Pl ParamX.P2 => missiez
s . CommonRomance.VFin (CommonRomance.VImperf CommonRomance.Conjunct) ParamX.Pl ParamX.P3 => missent
s . CommonRomance.VFin CommonRomance.VPasse ParamX.Sg ParamX.P1 => mis
s . CommonRomance.VFin CommonRomance.VPasse ParamX.Sg ParamX.P2 => mis
s . CommonRomance.VFin CommonRomance.VPasse ParamX.Sg ParamX.P3 => mit
s . CommonRomance.VFin CommonRomance.VPasse ParamX.Pl ParamX.P1 => mÃ®mes
s . CommonRomance.VFin CommonRomance.VPasse ParamX.Pl ParamX.P2 => mÃ®tes
s . CommonRomance.VFin CommonRomance.VPasse ParamX.Pl ParamX.P3 => mirent
s . CommonRomance.VFin CommonRomance.VFut ParamX.Sg ParamX.P1 => mettrai
s . CommonRomance.VFin CommonRomance.VFut ParamX.Sg ParamX.P2 => mettras
s . CommonRomance.VFin CommonRomance.VFut ParamX.Sg ParamX.P3 => mettra
s . CommonRomance.VFin CommonRomance.VFut ParamX.Pl ParamX.P1 => mettrons
s . CommonRomance.VFin CommonRomance.VFut ParamX.Pl ParamX.P2 => mettrez
s . CommonRomance.VFin CommonRomance.VFut ParamX.Pl ParamX.P3 => mettront
s . CommonRomance.VFin CommonRomance.VCondit ParamX.Sg ParamX.P1 => mettrais
s . CommonRomance.VFin CommonRomance.VCondit ParamX.Sg ParamX.P2 => mettrais
s . CommonRomance.VFin CommonRomance.VCondit ParamX.Sg ParamX.P3 => mettrait
s . CommonRomance.VFin CommonRomance.VCondit ParamX.Pl ParamX.P1 => mettrions
s . CommonRomance.VFin CommonRomance.VCondit ParamX.Pl ParamX.P2 => mettriez
s . CommonRomance.VFin CommonRomance.VCondit ParamX.Pl ParamX.P3 => mettraient
s . CommonRomance.VImper CommonRomance.SgP2 => mets
s . CommonRomance.VImper CommonRomance.PlP1 => mettons
s . CommonRomance.VImper CommonRomance.PlP2 => mettez
s . CommonRomance.VPart CommonRomance.Masc ParamX.Sg => mis
s . CommonRomance.VPart CommonRomance.Masc ParamX.Pl => mis
s . CommonRomance.VPart CommonRomance.Fem ParamX.Sg => mise
s . CommonRomance.VPart CommonRomance.Fem ParamX.Pl => mises
s . CommonRomance.VGer => mettant
