s . CommonRomance.VInfin Prelude.False => craindre
s . CommonRomance.VInfin Prelude.True => craindre
s . CommonRomance.VFin (CommonRomance.VPres CommonRomance.Indic) ParamX.Sg ParamX.P1 => crains
s . CommonRomance.VFin (CommonRomance.VPres CommonRomance.Indic) ParamX.Sg ParamX.P2 => crains
s . CommonRomance.VFin (CommonRomance.VPres CommonRomance.Indic) ParamX.Sg ParamX.P3 => craint
s . CommonRomance.VFin (CommonRomance.VPres CommonRomance.Indic) ParamX.Pl ParamX.P1 => craignons
s . CommonRomance.VFin (CommonRomance.VPres CommonRomance.Indic) ParamX.Pl ParamX.P2 => craignez
s . CommonRomance.VFin (CommonRomance.VPres CommonRomance.Indic) ParamX.Pl ParamX.P3 => craignent
s . CommonRomance.VFin (CommonRomance.VPres CommonRomance.Conjunct) ParamX.Sg ParamX.P1 => craigne
s . CommonRomance.VFin (CommonRomance.VPres CommonRomance.Conjunct) ParamX.Sg ParamX.P2 => craignes
s . CommonRomance.VFin (CommonRomance.VPres CommonRomance.Conjunct) ParamX.Sg ParamX.P3 => craigne
s . CommonRomance.VFin (CommonRomance.VPres CommonRomance.Conjunct) ParamX.Pl ParamX.P1 => craignions
s . CommonRomance.VFin (CommonRomance.VPres CommonRomance.Conjunct) ParamX.Pl ParamX.P2 => craigniez
s . CommonRomance.VFin (CommonRomance.VPres CommonRomance.Conjunct) ParamX.Pl ParamX.P3 => craignent
s . CommonRomance.VFin (CommonRomance.VImperf CommonRomance.Indic) ParamX.Sg ParamX.P1 => craignais
s . CommonRomance.VFin (CommonRomance.VImperf CommonRomance.Indic) ParamX.Sg ParamX.P2 => craignais
s . CommonRomance.VFin (CommonRomance.VImperf CommonRomance.Indic) ParamX.Sg ParamX.P3 => craignait
s . CommonRomance.VFin (CommonRomance.VImperf CommonRomance.Indic) ParamX.Pl ParamX.P1 => craignions
s . CommonRomance.VFin (CommonRomance.VImperf CommonRomance.Indic) ParamX.Pl ParamX.P2 => craigniez
s . CommonRomance.VFin (CommonRomance.VImperf CommonRomance.Indic) ParamX.Pl ParamX.P3 => craignaient
s . CommonRomance.VFin (CommonRomance.VImperf CommonRomance.Conjunct) ParamX.Sg ParamX.P1 => craignisse
s . CommonRomance.VFin (CommonRomance.VImperf CommonRomance.Conjunct) ParamX.Sg ParamX.P2 => craignisses
s . CommonRomance.VFin (CommonRomance.VImperf CommonRomance.Conjunct) ParamX.Sg ParamX.P3 => craignÃ®t
s . CommonRomance.VFin (CommonRomance.VImperf CommonRomance.Conjunct) ParamX.Pl ParamX.P1 => craignissions
s . CommonRomance.VFin (CommonRomance.VImperf CommonRomance.Conjunct) ParamX.Pl ParamX.P2 => craignissiez
s . CommonRomance.VFin (CommonRomance.VImperf CommonRomance.Conjunct) ParamX.Pl ParamX.P3 => craignissent
s . CommonRomance.VFin CommonRomance.VPasse ParamX.Sg ParamX.P1 => craignis
s . CommonRomance.VFin CommonRomance.VPasse ParamX.Sg ParamX.P2 => craignis
s . CommonRomance.VFin CommonRomance.VPasse ParamX.Sg ParamX.P3 => craignit
s . CommonRomance.VFin CommonRomance.VPasse ParamX.Pl ParamX.P1 => craignÃ®mes
s . CommonRomance.VFin CommonRomance.VPasse ParamX.Pl ParamX.P2 => craignÃ®tes
s . CommonRomance.VFin CommonRomance.VPasse ParamX.Pl ParamX.P3 => craignirent
s . CommonRomance.VFin CommonRomance.VFut ParamX.Sg ParamX.P1 => craindrai
s . CommonRomance.VFin CommonRomance.VFut ParamX.Sg ParamX.P2 => craindras
s . CommonRomance.VFin CommonRomance.VFut ParamX.Sg ParamX.P3 => craindra
s . CommonRomance.VFin CommonRomance.VFut ParamX.Pl ParamX.P1 => craindrons
s . CommonRomance.VFin CommonRomance.VFut ParamX.Pl ParamX.P2 => craindrez
s . CommonRomance.VFin CommonRomance.VFut ParamX.Pl ParamX.P3 => craindront
s . CommonRomance.VFin CommonRomance.VCondit ParamX.Sg ParamX.P1 => craindrais
s . CommonRomance.VFin CommonRomance.VCondit ParamX.Sg ParamX.P2 => craindrais
s . CommonRomance.VFin CommonRomance.VCondit ParamX.Sg ParamX.P3 => craindrait
s . CommonRomance.VFin CommonRomance.VCondit ParamX.Pl ParamX.P1 => craindrions
s . CommonRomance.VFin CommonRomance.VCondit ParamX.Pl ParamX.P2 => craindriez
s . CommonRomance.VFin CommonRomance.VCondit ParamX.Pl ParamX.P3 => craindraient
s . CommonRomance.VImper CommonRomance.SgP2 => crains
s . CommonRomance.VImper CommonRomance.PlP1 => craignons
s . CommonRomance.VImper CommonRomance.PlP2 => craignez
s . CommonRomance.VPart CommonRomance.Masc ParamX.Sg => craint
s . CommonRomance.VPart CommonRomance.Masc ParamX.Pl => craints
s . CommonRomance.VPart CommonRomance.Fem ParamX.Sg => crainte
s . CommonRomance.VPart CommonRomance.Fem ParamX.Pl => craintes
s . CommonRomance.VGer => craignant
