s . CommonRomance.VInfin Prelude.False => vaincre
s . CommonRomance.VInfin Prelude.True => vaincre
s . CommonRomance.VFin (CommonRomance.VPres CommonRomance.Indic) ParamX.Sg ParamX.P1 => vaincs
s . CommonRomance.VFin (CommonRomance.VPres CommonRomance.Indic) ParamX.Sg ParamX.P2 => vaincs
s . CommonRomance.VFin (CommonRomance.VPres CommonRomance.Indic) ParamX.Sg ParamX.P3 => vainc
s . CommonRomance.VFin (CommonRomance.VPres CommonRomance.Indic) ParamX.Pl ParamX.P1 => vainquons
s . CommonRomance.VFin (CommonRomance.VPres CommonRomance.Indic) ParamX.Pl ParamX.P2 => vainquez
s . CommonRomance.VFin (CommonRomance.VPres CommonRomance.Indic) ParamX.Pl ParamX.P3 => vainquent
s . CommonRomance.VFin (CommonRomance.VPres CommonRomance.Conjunct) ParamX.Sg ParamX.P1 => vainque
s . CommonRomance.VFin (CommonRomance.VPres CommonRomance.Conjunct) ParamX.Sg ParamX.P2 => vainques
s . CommonRomance.VFin (CommonRomance.VPres CommonRomance.Conjunct) ParamX.Sg ParamX.P3 => vainque
s . CommonRomance.VFin (CommonRomance.VPres CommonRomance.Conjunct) ParamX.Pl ParamX.P1 => vainquions
s . CommonRomance.VFin (CommonRomance.VPres CommonRomance.Conjunct) ParamX.Pl ParamX.P2 => vainquiez
s . CommonRomance.VFin (CommonRomance.VPres CommonRomance.Conjunct) ParamX.Pl ParamX.P3 => vainquent
s . CommonRomance.VFin (CommonRomance.VImperf CommonRomance.Indic) ParamX.Sg ParamX.P1 => vainquais
s . CommonRomance.VFin (CommonRomance.VImperf CommonRomance.Indic) ParamX.Sg ParamX.P2 => vainquais
s . CommonRomance.VFin (CommonRomance.VImperf CommonRomance.Indic) ParamX.Sg ParamX.P3 => vainquait
s . CommonRomance.VFin (CommonRomance.VImperf CommonRomance.Indic) ParamX.Pl ParamX.P1 => vainquions
s . CommonRomance.VFin (CommonRomance.VImperf CommonRomance.Indic) ParamX.Pl ParamX.P2 => vainquiez
s . CommonRomance.VFin (CommonRomance.VImperf CommonRomance.Indic) ParamX.Pl ParamX.P3 => vainquaient
s . CommonRomance.VFin (CommonRomance.VImperf CommonRomance.Conjunct) ParamX.Sg ParamX.P1 => vainquisse
s . CommonRomance.VFin (CommonRomance.VImperf CommonRomance.Conjunct) ParamX.Sg ParamX.P2 => vainquisses
s . CommonRomance.VFin (CommonRomance.VImperf CommonRomance.Conjunct) ParamX.Sg ParamX.P3 => vainquît
s . CommonRomance.VFin (CommonRomance.VImperf CommonRomance.Conjunct) ParamX.Pl ParamX.P1 => vainquissions
s . CommonRomance.VFin (CommonRomance.VImperf CommonRomance.Conjunct) ParamX.Pl ParamX.P2 => vainquissiez
s . CommonRomance.VFin (CommonRomance.VImperf CommonRomance.Conjunct) ParamX.Pl ParamX.P3 => vainquissent
s . CommonRomance.VFin CommonRomance.VPasse ParamX.Sg ParamX.P1 => vainquis
s . CommonRomance.VFin CommonRomance.VPasse ParamX.Sg ParamX.P2 => vainquis
s . CommonRomance.VFin CommonRomance.VPasse ParamX.Sg ParamX.P3 => vainquit
s . CommonRomance.VFin CommonRomance.VPasse ParamX.Pl ParamX.P1 => vainquîmes
s . CommonRomance.VFin CommonRomance.VPasse ParamX.Pl ParamX.P2 => vainquîtes
s . CommonRomance.VFin CommonRomance.VPasse ParamX.Pl ParamX.P3 => vainquirent
s . CommonRomance.VFin CommonRomance.VFut ParamX.Sg ParamX.P1 => vaincrai
s . CommonRomance.VFin CommonRomance.VFut ParamX.Sg ParamX.P2 => vaincras
s . CommonRomance.VFin CommonRomance.VFut ParamX.Sg ParamX.P3 => vaincra
s . CommonRomance.VFin CommonRomance.VFut ParamX.Pl ParamX.P1 => vaincrons
s . CommonRomance.VFin CommonRomance.VFut ParamX.Pl ParamX.P2 => vaincrez
s . CommonRomance.VFin CommonRomance.VFut ParamX.Pl ParamX.P3 => vaincront
s . CommonRomance.VFin CommonRomance.VCondit ParamX.Sg ParamX.P1 => vaincrais
s . CommonRomance.VFin CommonRomance.VCondit ParamX.Sg ParamX.P2 => vaincrais
s . CommonRomance.VFin CommonRomance.VCondit ParamX.Sg ParamX.P3 => vaincrait
s . CommonRomance.VFin CommonRomance.VCondit ParamX.Pl ParamX.P1 => vaincrions
s . CommonRomance.VFin CommonRomance.VCondit ParamX.Pl ParamX.P2 => vaincriez
s . CommonRomance.VFin CommonRomance.VCondit ParamX.Pl ParamX.P3 => vaincraient
s . CommonRomance.VImper CommonRomance.SgP2 => vaincs
s . CommonRomance.VImper CommonRomance.PlP1 => vainquons
s . CommonRomance.VImper CommonRomance.PlP2 => vainquez
s . CommonRomance.VPart CommonRomance.Masc ParamX.Sg => vaincu
s . CommonRomance.VPart CommonRomance.Masc ParamX.Pl => vaincus
s . CommonRomance.VPart CommonRomance.Fem ParamX.Sg => vaincue
s . CommonRomance.VPart CommonRomance.Fem ParamX.Pl => vaincues
s . CommonRomance.VGer => vainquant
