s . CommonRomance.VInfin Prelude.False => traire
s . CommonRomance.VInfin Prelude.True => traire
s . CommonRomance.VFin (CommonRomance.VPres CommonRomance.Indic) ParamX.Sg ParamX.P1 => trais
s . CommonRomance.VFin (CommonRomance.VPres CommonRomance.Indic) ParamX.Sg ParamX.P2 => trais
s . CommonRomance.VFin (CommonRomance.VPres CommonRomance.Indic) ParamX.Sg ParamX.P3 => trait
s . CommonRomance.VFin (CommonRomance.VPres CommonRomance.Indic) ParamX.Pl ParamX.P1 => trayons
s . CommonRomance.VFin (CommonRomance.VPres CommonRomance.Indic) ParamX.Pl ParamX.P2 => trayez
s . CommonRomance.VFin (CommonRomance.VPres CommonRomance.Indic) ParamX.Pl ParamX.P3 => traient
s . CommonRomance.VFin (CommonRomance.VPres CommonRomance.Conjunct) ParamX.Sg ParamX.P1 => traie
s . CommonRomance.VFin (CommonRomance.VPres CommonRomance.Conjunct) ParamX.Sg ParamX.P2 => traies
s . CommonRomance.VFin (CommonRomance.VPres CommonRomance.Conjunct) ParamX.Sg ParamX.P3 => traie
s . CommonRomance.VFin (CommonRomance.VPres CommonRomance.Conjunct) ParamX.Pl ParamX.P1 => trayions
s . CommonRomance.VFin (CommonRomance.VPres CommonRomance.Conjunct) ParamX.Pl ParamX.P2 => trayiez
s . CommonRomance.VFin (CommonRomance.VPres CommonRomance.Conjunct) ParamX.Pl ParamX.P3 => traient
s . CommonRomance.VFin (CommonRomance.VImperf CommonRomance.Indic) ParamX.Sg ParamX.P1 => trayais
s . CommonRomance.VFin (CommonRomance.VImperf CommonRomance.Indic) ParamX.Sg ParamX.P2 => trayais
s . CommonRomance.VFin (CommonRomance.VImperf CommonRomance.Indic) ParamX.Sg ParamX.P3 => trayait
s . CommonRomance.VFin (CommonRomance.VImperf CommonRomance.Indic) ParamX.Pl ParamX.P1 => trayions
s . CommonRomance.VFin (CommonRomance.VImperf CommonRomance.Indic) ParamX.Pl ParamX.P2 => trayiez
s . CommonRomance.VFin (CommonRomance.VImperf CommonRomance.Indic) ParamX.Pl ParamX.P3 => trayaient
s . CommonRomance.VFin (CommonRomance.VImperf CommonRomance.Conjunct) ParamX.Sg ParamX.P1 => Predef.nonExist
s . CommonRomance.VFin (CommonRomance.VImperf CommonRomance.Conjunct) ParamX.Sg ParamX.P2 => Predef.nonExist
s . CommonRomance.VFin (CommonRomance.VImperf CommonRomance.Conjunct) ParamX.Sg ParamX.P3 => Predef.nonExist
s . CommonRomance.VFin (CommonRomance.VImperf CommonRomance.Conjunct) ParamX.Pl ParamX.P1 => Predef.nonExist
s . CommonRomance.VFin (CommonRomance.VImperf CommonRomance.Conjunct) ParamX.Pl ParamX.P2 => Predef.nonExist
s . CommonRomance.VFin (CommonRomance.VImperf CommonRomance.Conjunct) ParamX.Pl ParamX.P3 => Predef.nonExist
s . CommonRomance.VFin CommonRomance.VPasse ParamX.Sg ParamX.P1 => Predef.nonExist
s . CommonRomance.VFin CommonRomance.VPasse ParamX.Sg ParamX.P2 => Predef.nonExist
s . CommonRomance.VFin CommonRomance.VPasse ParamX.Sg ParamX.P3 => Predef.nonExist
s . CommonRomance.VFin CommonRomance.VPasse ParamX.Pl ParamX.P1 => Predef.nonExist
s . CommonRomance.VFin CommonRomance.VPasse ParamX.Pl ParamX.P2 => Predef.nonExist
s . CommonRomance.VFin CommonRomance.VPasse ParamX.Pl ParamX.P3 => Predef.nonExist
s . CommonRomance.VFin CommonRomance.VFut ParamX.Sg ParamX.P1 => trairai
s . CommonRomance.VFin CommonRomance.VFut ParamX.Sg ParamX.P2 => trairas
s . CommonRomance.VFin CommonRomance.VFut ParamX.Sg ParamX.P3 => traira
s . CommonRomance.VFin CommonRomance.VFut ParamX.Pl ParamX.P1 => trairons
s . CommonRomance.VFin CommonRomance.VFut ParamX.Pl ParamX.P2 => trairez
s . CommonRomance.VFin CommonRomance.VFut ParamX.Pl ParamX.P3 => trairont
s . CommonRomance.VFin CommonRomance.VCondit ParamX.Sg ParamX.P1 => trairais
s . CommonRomance.VFin CommonRomance.VCondit ParamX.Sg ParamX.P2 => trairais
s . CommonRomance.VFin CommonRomance.VCondit ParamX.Sg ParamX.P3 => trairait
s . CommonRomance.VFin CommonRomance.VCondit ParamX.Pl ParamX.P1 => trairions
s . CommonRomance.VFin CommonRomance.VCondit ParamX.Pl ParamX.P2 => trairiez
s . CommonRomance.VFin CommonRomance.VCondit ParamX.Pl ParamX.P3 => trairaient
s . CommonRomance.VImper CommonRomance.SgP2 => trais
s . CommonRomance.VImper CommonRomance.PlP1 => trayons
s . CommonRomance.VImper CommonRomance.PlP2 => trayez
s . CommonRomance.VPart CommonRomance.Masc ParamX.Sg => trait
s . CommonRomance.VPart CommonRomance.Masc ParamX.Pl => traits
s . CommonRomance.VPart CommonRomance.Fem ParamX.Sg => traite
s . CommonRomance.VPart CommonRomance.Fem ParamX.Pl => traites
s . CommonRomance.VGer => trayant
