s . CommonRomance.VInfin Prelude.False => naître
s . CommonRomance.VInfin Prelude.True => naître
s . CommonRomance.VFin (CommonRomance.VPres CommonRomance.Indic) ParamX.Sg ParamX.P1 => nais
s . CommonRomance.VFin (CommonRomance.VPres CommonRomance.Indic) ParamX.Sg ParamX.P2 => nais
s . CommonRomance.VFin (CommonRomance.VPres CommonRomance.Indic) ParamX.Sg ParamX.P3 => naît
s . CommonRomance.VFin (CommonRomance.VPres CommonRomance.Indic) ParamX.Pl ParamX.P1 => naissons
s . CommonRomance.VFin (CommonRomance.VPres CommonRomance.Indic) ParamX.Pl ParamX.P2 => naissez
s . CommonRomance.VFin (CommonRomance.VPres CommonRomance.Indic) ParamX.Pl ParamX.P3 => naissent
s . CommonRomance.VFin (CommonRomance.VPres CommonRomance.Conjunct) ParamX.Sg ParamX.P1 => naisse
s . CommonRomance.VFin (CommonRomance.VPres CommonRomance.Conjunct) ParamX.Sg ParamX.P2 => naisses
s . CommonRomance.VFin (CommonRomance.VPres CommonRomance.Conjunct) ParamX.Sg ParamX.P3 => naisse
s . CommonRomance.VFin (CommonRomance.VPres CommonRomance.Conjunct) ParamX.Pl ParamX.P1 => naissions
s . CommonRomance.VFin (CommonRomance.VPres CommonRomance.Conjunct) ParamX.Pl ParamX.P2 => naissiez
s . CommonRomance.VFin (CommonRomance.VPres CommonRomance.Conjunct) ParamX.Pl ParamX.P3 => naissent
s . CommonRomance.VFin (CommonRomance.VImperf CommonRomance.Indic) ParamX.Sg ParamX.P1 => naissais
s . CommonRomance.VFin (CommonRomance.VImperf CommonRomance.Indic) ParamX.Sg ParamX.P2 => naissais
s . CommonRomance.VFin (CommonRomance.VImperf CommonRomance.Indic) ParamX.Sg ParamX.P3 => naissait
s . CommonRomance.VFin (CommonRomance.VImperf CommonRomance.Indic) ParamX.Pl ParamX.P1 => naissions
s . CommonRomance.VFin (CommonRomance.VImperf CommonRomance.Indic) ParamX.Pl ParamX.P2 => naissiez
s . CommonRomance.VFin (CommonRomance.VImperf CommonRomance.Indic) ParamX.Pl ParamX.P3 => naissaient
s . CommonRomance.VFin (CommonRomance.VImperf CommonRomance.Conjunct) ParamX.Sg ParamX.P1 => naquisse
s . CommonRomance.VFin (CommonRomance.VImperf CommonRomance.Conjunct) ParamX.Sg ParamX.P2 => naquisses
s . CommonRomance.VFin (CommonRomance.VImperf CommonRomance.Conjunct) ParamX.Sg ParamX.P3 => naquît
s . CommonRomance.VFin (CommonRomance.VImperf CommonRomance.Conjunct) ParamX.Pl ParamX.P1 => naquissions
s . CommonRomance.VFin (CommonRomance.VImperf CommonRomance.Conjunct) ParamX.Pl ParamX.P2 => naquissiez
s . CommonRomance.VFin (CommonRomance.VImperf CommonRomance.Conjunct) ParamX.Pl ParamX.P3 => naquissent
s . CommonRomance.VFin CommonRomance.VPasse ParamX.Sg ParamX.P1 => naquis
s . CommonRomance.VFin CommonRomance.VPasse ParamX.Sg ParamX.P2 => naquis
s . CommonRomance.VFin CommonRomance.VPasse ParamX.Sg ParamX.P3 => naquit
s . CommonRomance.VFin CommonRomance.VPasse ParamX.Pl ParamX.P1 => naquîmes
s . CommonRomance.VFin CommonRomance.VPasse ParamX.Pl ParamX.P2 => naquîtes
s . CommonRomance.VFin CommonRomance.VPasse ParamX.Pl ParamX.P3 => naquirent
s . CommonRomance.VFin CommonRomance.VFut ParamX.Sg ParamX.P1 => naîtrai
s . CommonRomance.VFin CommonRomance.VFut ParamX.Sg ParamX.P2 => naîtras
s . CommonRomance.VFin CommonRomance.VFut ParamX.Sg ParamX.P3 => naîtra
s . CommonRomance.VFin CommonRomance.VFut ParamX.Pl ParamX.P1 => naîtrons
s . CommonRomance.VFin CommonRomance.VFut ParamX.Pl ParamX.P2 => naîtrez
s . CommonRomance.VFin CommonRomance.VFut ParamX.Pl ParamX.P3 => naîtront
s . CommonRomance.VFin CommonRomance.VCondit ParamX.Sg ParamX.P1 => naîtrais
s . CommonRomance.VFin CommonRomance.VCondit ParamX.Sg ParamX.P2 => naîtrais
s . CommonRomance.VFin CommonRomance.VCondit ParamX.Sg ParamX.P3 => naîtrait
s . CommonRomance.VFin CommonRomance.VCondit ParamX.Pl ParamX.P1 => naîtrions
s . CommonRomance.VFin CommonRomance.VCondit ParamX.Pl ParamX.P2 => naîtriez
s . CommonRomance.VFin CommonRomance.VCondit ParamX.Pl ParamX.P3 => naîtraient
s . CommonRomance.VImper CommonRomance.SgP2 => nais
s . CommonRomance.VImper CommonRomance.PlP1 => naissons
s . CommonRomance.VImper CommonRomance.PlP2 => naissez
s . CommonRomance.VPart CommonRomance.Masc ParamX.Sg => né
s . CommonRomance.VPart CommonRomance.Masc ParamX.Pl => nés
s . CommonRomance.VPart CommonRomance.Fem ParamX.Sg => née
s . CommonRomance.VPart CommonRomance.Fem ParamX.Pl => nées
s . CommonRomance.VGer => naissant
