s . CommonRomance.VInfin Prelude.False => croître
s . CommonRomance.VInfin Prelude.True => croître
s . CommonRomance.VFin (CommonRomance.VPres CommonRomance.Indic) ParamX.Sg ParamX.P1 => croîs
s . CommonRomance.VFin (CommonRomance.VPres CommonRomance.Indic) ParamX.Sg ParamX.P2 => croîs
s . CommonRomance.VFin (CommonRomance.VPres CommonRomance.Indic) ParamX.Sg ParamX.P3 => croît
s . CommonRomance.VFin (CommonRomance.VPres CommonRomance.Indic) ParamX.Pl ParamX.P1 => croissons
s . CommonRomance.VFin (CommonRomance.VPres CommonRomance.Indic) ParamX.Pl ParamX.P2 => croissez
s . CommonRomance.VFin (CommonRomance.VPres CommonRomance.Indic) ParamX.Pl ParamX.P3 => croissent
s . CommonRomance.VFin (CommonRomance.VPres CommonRomance.Conjunct) ParamX.Sg ParamX.P1 => croisse
s . CommonRomance.VFin (CommonRomance.VPres CommonRomance.Conjunct) ParamX.Sg ParamX.P2 => croisses
s . CommonRomance.VFin (CommonRomance.VPres CommonRomance.Conjunct) ParamX.Sg ParamX.P3 => croisse
s . CommonRomance.VFin (CommonRomance.VPres CommonRomance.Conjunct) ParamX.Pl ParamX.P1 => croissions
s . CommonRomance.VFin (CommonRomance.VPres CommonRomance.Conjunct) ParamX.Pl ParamX.P2 => croissiez
s . CommonRomance.VFin (CommonRomance.VPres CommonRomance.Conjunct) ParamX.Pl ParamX.P3 => croissent
s . CommonRomance.VFin (CommonRomance.VImperf CommonRomance.Indic) ParamX.Sg ParamX.P1 => croissais
s . CommonRomance.VFin (CommonRomance.VImperf CommonRomance.Indic) ParamX.Sg ParamX.P2 => croissais
s . CommonRomance.VFin (CommonRomance.VImperf CommonRomance.Indic) ParamX.Sg ParamX.P3 => croissait
s . CommonRomance.VFin (CommonRomance.VImperf CommonRomance.Indic) ParamX.Pl ParamX.P1 => croissions
s . CommonRomance.VFin (CommonRomance.VImperf CommonRomance.Indic) ParamX.Pl ParamX.P2 => croissiez
s . CommonRomance.VFin (CommonRomance.VImperf CommonRomance.Indic) ParamX.Pl ParamX.P3 => croissaient
s . CommonRomance.VFin (CommonRomance.VImperf CommonRomance.Conjunct) ParamX.Sg ParamX.P1 => crûsse
s . CommonRomance.VFin (CommonRomance.VImperf CommonRomance.Conjunct) ParamX.Sg ParamX.P2 => crûsses
s . CommonRomance.VFin (CommonRomance.VImperf CommonRomance.Conjunct) ParamX.Sg ParamX.P3 => crût
s . CommonRomance.VFin (CommonRomance.VImperf CommonRomance.Conjunct) ParamX.Pl ParamX.P1 => crûssions
s . CommonRomance.VFin (CommonRomance.VImperf CommonRomance.Conjunct) ParamX.Pl ParamX.P2 => crûssiez
s . CommonRomance.VFin (CommonRomance.VImperf CommonRomance.Conjunct) ParamX.Pl ParamX.P3 => crûssent
s . CommonRomance.VFin CommonRomance.VPasse ParamX.Sg ParamX.P1 => crûs
s . CommonRomance.VFin CommonRomance.VPasse ParamX.Sg ParamX.P2 => crûs
s . CommonRomance.VFin CommonRomance.VPasse ParamX.Sg ParamX.P3 => crût
s . CommonRomance.VFin CommonRomance.VPasse ParamX.Pl ParamX.P1 => crûmes
s . CommonRomance.VFin CommonRomance.VPasse ParamX.Pl ParamX.P2 => crûtes
s . CommonRomance.VFin CommonRomance.VPasse ParamX.Pl ParamX.P3 => crûrent
s . CommonRomance.VFin CommonRomance.VFut ParamX.Sg ParamX.P1 => croîtrai
s . CommonRomance.VFin CommonRomance.VFut ParamX.Sg ParamX.P2 => croîtras
s . CommonRomance.VFin CommonRomance.VFut ParamX.Sg ParamX.P3 => croîtra
s . CommonRomance.VFin CommonRomance.VFut ParamX.Pl ParamX.P1 => croîtrons
s . CommonRomance.VFin CommonRomance.VFut ParamX.Pl ParamX.P2 => croîtrez
s . CommonRomance.VFin CommonRomance.VFut ParamX.Pl ParamX.P3 => croîtront
s . CommonRomance.VFin CommonRomance.VCondit ParamX.Sg ParamX.P1 => croîtrais
s . CommonRomance.VFin CommonRomance.VCondit ParamX.Sg ParamX.P2 => croîtrais
s . CommonRomance.VFin CommonRomance.VCondit ParamX.Sg ParamX.P3 => croîtrait
s . CommonRomance.VFin CommonRomance.VCondit ParamX.Pl ParamX.P1 => croîtrions
s . CommonRomance.VFin CommonRomance.VCondit ParamX.Pl ParamX.P2 => croîtriez
s . CommonRomance.VFin CommonRomance.VCondit ParamX.Pl ParamX.P3 => croîtraient
s . CommonRomance.VImper CommonRomance.SgP2 => croîs
s . CommonRomance.VImper CommonRomance.PlP1 => croissons
s . CommonRomance.VImper CommonRomance.PlP2 => croissez
s . CommonRomance.VPart CommonRomance.Masc ParamX.Sg => crû
s . CommonRomance.VPart CommonRomance.Masc ParamX.Pl => crûs
s . CommonRomance.VPart CommonRomance.Fem ParamX.Sg => crûe
s . CommonRomance.VPart CommonRomance.Fem ParamX.Pl => crûes
s . CommonRomance.VGer => croissant
