s . CommonRomance.VInfin Prelude.False => croire
s . CommonRomance.VInfin Prelude.True => croire
s . CommonRomance.VFin (CommonRomance.VPres CommonRomance.Indic) ParamX.Sg ParamX.P1 => crois
s . CommonRomance.VFin (CommonRomance.VPres CommonRomance.Indic) ParamX.Sg ParamX.P2 => crois
s . CommonRomance.VFin (CommonRomance.VPres CommonRomance.Indic) ParamX.Sg ParamX.P3 => croit
s . CommonRomance.VFin (CommonRomance.VPres CommonRomance.Indic) ParamX.Pl ParamX.P1 => croyons
s . CommonRomance.VFin (CommonRomance.VPres CommonRomance.Indic) ParamX.Pl ParamX.P2 => croyez
s . CommonRomance.VFin (CommonRomance.VPres CommonRomance.Indic) ParamX.Pl ParamX.P3 => croient
s . CommonRomance.VFin (CommonRomance.VPres CommonRomance.Conjunct) ParamX.Sg ParamX.P1 => croie
s . CommonRomance.VFin (CommonRomance.VPres CommonRomance.Conjunct) ParamX.Sg ParamX.P2 => croies
s . CommonRomance.VFin (CommonRomance.VPres CommonRomance.Conjunct) ParamX.Sg ParamX.P3 => croie
s . CommonRomance.VFin (CommonRomance.VPres CommonRomance.Conjunct) ParamX.Pl ParamX.P1 => croyions
s . CommonRomance.VFin (CommonRomance.VPres CommonRomance.Conjunct) ParamX.Pl ParamX.P2 => croyiez
s . CommonRomance.VFin (CommonRomance.VPres CommonRomance.Conjunct) ParamX.Pl ParamX.P3 => croient
s . CommonRomance.VFin (CommonRomance.VImperf CommonRomance.Indic) ParamX.Sg ParamX.P1 => croyais
s . CommonRomance.VFin (CommonRomance.VImperf CommonRomance.Indic) ParamX.Sg ParamX.P2 => croyais
s . CommonRomance.VFin (CommonRomance.VImperf CommonRomance.Indic) ParamX.Sg ParamX.P3 => croyait
s . CommonRomance.VFin (CommonRomance.VImperf CommonRomance.Indic) ParamX.Pl ParamX.P1 => croyions
s . CommonRomance.VFin (CommonRomance.VImperf CommonRomance.Indic) ParamX.Pl ParamX.P2 => croyiez
s . CommonRomance.VFin (CommonRomance.VImperf CommonRomance.Indic) ParamX.Pl ParamX.P3 => croyaient
s . CommonRomance.VFin (CommonRomance.VImperf CommonRomance.Conjunct) ParamX.Sg ParamX.P1 => crusse
s . CommonRomance.VFin (CommonRomance.VImperf CommonRomance.Conjunct) ParamX.Sg ParamX.P2 => crusses
s . CommonRomance.VFin (CommonRomance.VImperf CommonRomance.Conjunct) ParamX.Sg ParamX.P3 => crût
s . CommonRomance.VFin (CommonRomance.VImperf CommonRomance.Conjunct) ParamX.Pl ParamX.P1 => crussions
s . CommonRomance.VFin (CommonRomance.VImperf CommonRomance.Conjunct) ParamX.Pl ParamX.P2 => crussiez
s . CommonRomance.VFin (CommonRomance.VImperf CommonRomance.Conjunct) ParamX.Pl ParamX.P3 => crussent
s . CommonRomance.VFin CommonRomance.VPasse ParamX.Sg ParamX.P1 => crus
s . CommonRomance.VFin CommonRomance.VPasse ParamX.Sg ParamX.P2 => crus
s . CommonRomance.VFin CommonRomance.VPasse ParamX.Sg ParamX.P3 => crut
s . CommonRomance.VFin CommonRomance.VPasse ParamX.Pl ParamX.P1 => crûmes
s . CommonRomance.VFin CommonRomance.VPasse ParamX.Pl ParamX.P2 => crûtes
s . CommonRomance.VFin CommonRomance.VPasse ParamX.Pl ParamX.P3 => crurent
s . CommonRomance.VFin CommonRomance.VFut ParamX.Sg ParamX.P1 => croirai
s . CommonRomance.VFin CommonRomance.VFut ParamX.Sg ParamX.P2 => croiras
s . CommonRomance.VFin CommonRomance.VFut ParamX.Sg ParamX.P3 => croira
s . CommonRomance.VFin CommonRomance.VFut ParamX.Pl ParamX.P1 => croirons
s . CommonRomance.VFin CommonRomance.VFut ParamX.Pl ParamX.P2 => croirez
s . CommonRomance.VFin CommonRomance.VFut ParamX.Pl ParamX.P3 => croiront
s . CommonRomance.VFin CommonRomance.VCondit ParamX.Sg ParamX.P1 => croirais
s . CommonRomance.VFin CommonRomance.VCondit ParamX.Sg ParamX.P2 => croirais
s . CommonRomance.VFin CommonRomance.VCondit ParamX.Sg ParamX.P3 => croirait
s . CommonRomance.VFin CommonRomance.VCondit ParamX.Pl ParamX.P1 => croirions
s . CommonRomance.VFin CommonRomance.VCondit ParamX.Pl ParamX.P2 => croiriez
s . CommonRomance.VFin CommonRomance.VCondit ParamX.Pl ParamX.P3 => croiraient
s . CommonRomance.VImper CommonRomance.SgP2 => crois
s . CommonRomance.VImper CommonRomance.PlP1 => croyons
s . CommonRomance.VImper CommonRomance.PlP2 => croyez
s . CommonRomance.VPart CommonRomance.Masc ParamX.Sg => cru
s . CommonRomance.VPart CommonRomance.Masc ParamX.Pl => crus
s . CommonRomance.VPart CommonRomance.Fem ParamX.Sg => crue
s . CommonRomance.VPart CommonRomance.Fem ParamX.Pl => crues
s . CommonRomance.VGer => croyant
