s . CommonRomance.VInfin Prelude.False => conclure
s . CommonRomance.VInfin Prelude.True => conclure
s . CommonRomance.VFin (CommonRomance.VPres CommonRomance.Indic) ParamX.Sg ParamX.P1 => conclus
s . CommonRomance.VFin (CommonRomance.VPres CommonRomance.Indic) ParamX.Sg ParamX.P2 => conclus
s . CommonRomance.VFin (CommonRomance.VPres CommonRomance.Indic) ParamX.Sg ParamX.P3 => conclut
s . CommonRomance.VFin (CommonRomance.VPres CommonRomance.Indic) ParamX.Pl ParamX.P1 => concluons
s . CommonRomance.VFin (CommonRomance.VPres CommonRomance.Indic) ParamX.Pl ParamX.P2 => concluez
s . CommonRomance.VFin (CommonRomance.VPres CommonRomance.Indic) ParamX.Pl ParamX.P3 => concluent
s . CommonRomance.VFin (CommonRomance.VPres CommonRomance.Conjunct) ParamX.Sg ParamX.P1 => conclue
s . CommonRomance.VFin (CommonRomance.VPres CommonRomance.Conjunct) ParamX.Sg ParamX.P2 => conclues
s . CommonRomance.VFin (CommonRomance.VPres CommonRomance.Conjunct) ParamX.Sg ParamX.P3 => conclue
s . CommonRomance.VFin (CommonRomance.VPres CommonRomance.Conjunct) ParamX.Pl ParamX.P1 => concluions
s . CommonRomance.VFin (CommonRomance.VPres CommonRomance.Conjunct) ParamX.Pl ParamX.P2 => concluiez
s . CommonRomance.VFin (CommonRomance.VPres CommonRomance.Conjunct) ParamX.Pl ParamX.P3 => concluent
s . CommonRomance.VFin (CommonRomance.VImperf CommonRomance.Indic) ParamX.Sg ParamX.P1 => concluais
s . CommonRomance.VFin (CommonRomance.VImperf CommonRomance.Indic) ParamX.Sg ParamX.P2 => concluais
s . CommonRomance.VFin (CommonRomance.VImperf CommonRomance.Indic) ParamX.Sg ParamX.P3 => concluait
s . CommonRomance.VFin (CommonRomance.VImperf CommonRomance.Indic) ParamX.Pl ParamX.P1 => concluions
s . CommonRomance.VFin (CommonRomance.VImperf CommonRomance.Indic) ParamX.Pl ParamX.P2 => concluiez
s . CommonRomance.VFin (CommonRomance.VImperf CommonRomance.Indic) ParamX.Pl ParamX.P3 => concluaient
s . CommonRomance.VFin (CommonRomance.VImperf CommonRomance.Conjunct) ParamX.Sg ParamX.P1 => conclusse
s . CommonRomance.VFin (CommonRomance.VImperf CommonRomance.Conjunct) ParamX.Sg ParamX.P2 => conclusses
s . CommonRomance.VFin (CommonRomance.VImperf CommonRomance.Conjunct) ParamX.Sg ParamX.P3 => conclût
s . CommonRomance.VFin (CommonRomance.VImperf CommonRomance.Conjunct) ParamX.Pl ParamX.P1 => conclussions
s . CommonRomance.VFin (CommonRomance.VImperf CommonRomance.Conjunct) ParamX.Pl ParamX.P2 => conclussiez
s . CommonRomance.VFin (CommonRomance.VImperf CommonRomance.Conjunct) ParamX.Pl ParamX.P3 => conclussent
s . CommonRomance.VFin CommonRomance.VPasse ParamX.Sg ParamX.P1 => conclus
s . CommonRomance.VFin CommonRomance.VPasse ParamX.Sg ParamX.P2 => conclus
s . CommonRomance.VFin CommonRomance.VPasse ParamX.Sg ParamX.P3 => conclut
s . CommonRomance.VFin CommonRomance.VPasse ParamX.Pl ParamX.P1 => conclûmes
s . CommonRomance.VFin CommonRomance.VPasse ParamX.Pl ParamX.P2 => conclûtes
s . CommonRomance.VFin CommonRomance.VPasse ParamX.Pl ParamX.P3 => conclurent
s . CommonRomance.VFin CommonRomance.VFut ParamX.Sg ParamX.P1 => conclurai
s . CommonRomance.VFin CommonRomance.VFut ParamX.Sg ParamX.P2 => concluras
s . CommonRomance.VFin CommonRomance.VFut ParamX.Sg ParamX.P3 => conclura
s . CommonRomance.VFin CommonRomance.VFut ParamX.Pl ParamX.P1 => conclurons
s . CommonRomance.VFin CommonRomance.VFut ParamX.Pl ParamX.P2 => conclurez
s . CommonRomance.VFin CommonRomance.VFut ParamX.Pl ParamX.P3 => concluront
s . CommonRomance.VFin CommonRomance.VCondit ParamX.Sg ParamX.P1 => conclurais
s . CommonRomance.VFin CommonRomance.VCondit ParamX.Sg ParamX.P2 => conclurais
s . CommonRomance.VFin CommonRomance.VCondit ParamX.Sg ParamX.P3 => conclurait
s . CommonRomance.VFin CommonRomance.VCondit ParamX.Pl ParamX.P1 => conclurions
s . CommonRomance.VFin CommonRomance.VCondit ParamX.Pl ParamX.P2 => concluriez
s . CommonRomance.VFin CommonRomance.VCondit ParamX.Pl ParamX.P3 => concluraient
s . CommonRomance.VImper CommonRomance.SgP2 => conclus
s . CommonRomance.VImper CommonRomance.PlP1 => concluons
s . CommonRomance.VImper CommonRomance.PlP2 => concluez
s . CommonRomance.VPart CommonRomance.Masc ParamX.Sg => conclu
s . CommonRomance.VPart CommonRomance.Masc ParamX.Pl => conclus
s . CommonRomance.VPart CommonRomance.Fem ParamX.Sg => conclue
s . CommonRomance.VPart CommonRomance.Fem ParamX.Pl => conclues
s . CommonRomance.VGer => concluant
