s . CommonRomance.VInfin Prelude.False => coudre
s . CommonRomance.VInfin Prelude.True => coudre
s . CommonRomance.VFin (CommonRomance.VPres CommonRomance.Indic) ParamX.Sg ParamX.P1 => couds
s . CommonRomance.VFin (CommonRomance.VPres CommonRomance.Indic) ParamX.Sg ParamX.P2 => couds
s . CommonRomance.VFin (CommonRomance.VPres CommonRomance.Indic) ParamX.Sg ParamX.P3 => coud
s . CommonRomance.VFin (CommonRomance.VPres CommonRomance.Indic) ParamX.Pl ParamX.P1 => cousons
s . CommonRomance.VFin (CommonRomance.VPres CommonRomance.Indic) ParamX.Pl ParamX.P2 => cousez
s . CommonRomance.VFin (CommonRomance.VPres CommonRomance.Indic) ParamX.Pl ParamX.P3 => cousent
s . CommonRomance.VFin (CommonRomance.VPres CommonRomance.Conjunct) ParamX.Sg ParamX.P1 => couse
s . CommonRomance.VFin (CommonRomance.VPres CommonRomance.Conjunct) ParamX.Sg ParamX.P2 => couses
s . CommonRomance.VFin (CommonRomance.VPres CommonRomance.Conjunct) ParamX.Sg ParamX.P3 => couse
s . CommonRomance.VFin (CommonRomance.VPres CommonRomance.Conjunct) ParamX.Pl ParamX.P1 => cousions
s . CommonRomance.VFin (CommonRomance.VPres CommonRomance.Conjunct) ParamX.Pl ParamX.P2 => cousiez
s . CommonRomance.VFin (CommonRomance.VPres CommonRomance.Conjunct) ParamX.Pl ParamX.P3 => cousent
s . CommonRomance.VFin (CommonRomance.VImperf CommonRomance.Indic) ParamX.Sg ParamX.P1 => cousais
s . CommonRomance.VFin (CommonRomance.VImperf CommonRomance.Indic) ParamX.Sg ParamX.P2 => cousais
s . CommonRomance.VFin (CommonRomance.VImperf CommonRomance.Indic) ParamX.Sg ParamX.P3 => cousait
s . CommonRomance.VFin (CommonRomance.VImperf CommonRomance.Indic) ParamX.Pl ParamX.P1 => cousions
s . CommonRomance.VFin (CommonRomance.VImperf CommonRomance.Indic) ParamX.Pl ParamX.P2 => cousiez
s . CommonRomance.VFin (CommonRomance.VImperf CommonRomance.Indic) ParamX.Pl ParamX.P3 => cousaient
s . CommonRomance.VFin (CommonRomance.VImperf CommonRomance.Conjunct) ParamX.Sg ParamX.P1 => cousisse
s . CommonRomance.VFin (CommonRomance.VImperf CommonRomance.Conjunct) ParamX.Sg ParamX.P2 => cousisses
s . CommonRomance.VFin (CommonRomance.VImperf CommonRomance.Conjunct) ParamX.Sg ParamX.P3 => cousÃ®t
s . CommonRomance.VFin (CommonRomance.VImperf CommonRomance.Conjunct) ParamX.Pl ParamX.P1 => cousissions
s . CommonRomance.VFin (CommonRomance.VImperf CommonRomance.Conjunct) ParamX.Pl ParamX.P2 => cousissiez
s . CommonRomance.VFin (CommonRomance.VImperf CommonRomance.Conjunct) ParamX.Pl ParamX.P3 => cousissent
s . CommonRomance.VFin CommonRomance.VPasse ParamX.Sg ParamX.P1 => cousis
s . CommonRomance.VFin CommonRomance.VPasse ParamX.Sg ParamX.P2 => cousis
s . CommonRomance.VFin CommonRomance.VPasse ParamX.Sg ParamX.P3 => cousit
s . CommonRomance.VFin CommonRomance.VPasse ParamX.Pl ParamX.P1 => cousÃ®mes
s . CommonRomance.VFin CommonRomance.VPasse ParamX.Pl ParamX.P2 => cousÃ®tes
s . CommonRomance.VFin CommonRomance.VPasse ParamX.Pl ParamX.P3 => cousirent
s . CommonRomance.VFin CommonRomance.VFut ParamX.Sg ParamX.P1 => coudrai
s . CommonRomance.VFin CommonRomance.VFut ParamX.Sg ParamX.P2 => coudras
s . CommonRomance.VFin CommonRomance.VFut ParamX.Sg ParamX.P3 => coudra
s . CommonRomance.VFin CommonRomance.VFut ParamX.Pl ParamX.P1 => coudrons
s . CommonRomance.VFin CommonRomance.VFut ParamX.Pl ParamX.P2 => coudrez
s . CommonRomance.VFin CommonRomance.VFut ParamX.Pl ParamX.P3 => coudront
s . CommonRomance.VFin CommonRomance.VCondit ParamX.Sg ParamX.P1 => coudrais
s . CommonRomance.VFin CommonRomance.VCondit ParamX.Sg ParamX.P2 => coudrais
s . CommonRomance.VFin CommonRomance.VCondit ParamX.Sg ParamX.P3 => coudrait
s . CommonRomance.VFin CommonRomance.VCondit ParamX.Pl ParamX.P1 => coudrions
s . CommonRomance.VFin CommonRomance.VCondit ParamX.Pl ParamX.P2 => coudriez
s . CommonRomance.VFin CommonRomance.VCondit ParamX.Pl ParamX.P3 => coudraient
s . CommonRomance.VImper CommonRomance.SgP2 => couds
s . CommonRomance.VImper CommonRomance.PlP1 => cousons
s . CommonRomance.VImper CommonRomance.PlP2 => cousez
s . CommonRomance.VPart CommonRomance.Masc ParamX.Sg => cousu
s . CommonRomance.VPart CommonRomance.Masc ParamX.Pl => cousus
s . CommonRomance.VPart CommonRomance.Fem ParamX.Sg => cousue
s . CommonRomance.VPart CommonRomance.Fem ParamX.Pl => cousues
s . CommonRomance.VGer => cousant
