s . CommonRomance.VInfin Prelude.False => cuire
s . CommonRomance.VInfin Prelude.True => cuire
s . CommonRomance.VFin (CommonRomance.VPres CommonRomance.Indic) ParamX.Sg ParamX.P1 => cuis
s . CommonRomance.VFin (CommonRomance.VPres CommonRomance.Indic) ParamX.Sg ParamX.P2 => cuis
s . CommonRomance.VFin (CommonRomance.VPres CommonRomance.Indic) ParamX.Sg ParamX.P3 => cuit
s . CommonRomance.VFin (CommonRomance.VPres CommonRomance.Indic) ParamX.Pl ParamX.P1 => cuisons
s . CommonRomance.VFin (CommonRomance.VPres CommonRomance.Indic) ParamX.Pl ParamX.P2 => cuisez
s . CommonRomance.VFin (CommonRomance.VPres CommonRomance.Indic) ParamX.Pl ParamX.P3 => cuisent
s . CommonRomance.VFin (CommonRomance.VPres CommonRomance.Conjunct) ParamX.Sg ParamX.P1 => cuise
s . CommonRomance.VFin (CommonRomance.VPres CommonRomance.Conjunct) ParamX.Sg ParamX.P2 => cuises
s . CommonRomance.VFin (CommonRomance.VPres CommonRomance.Conjunct) ParamX.Sg ParamX.P3 => cuise
s . CommonRomance.VFin (CommonRomance.VPres CommonRomance.Conjunct) ParamX.Pl ParamX.P1 => cuisions
s . CommonRomance.VFin (CommonRomance.VPres CommonRomance.Conjunct) ParamX.Pl ParamX.P2 => cuisiez
s . CommonRomance.VFin (CommonRomance.VPres CommonRomance.Conjunct) ParamX.Pl ParamX.P3 => cuisent
s . CommonRomance.VFin (CommonRomance.VImperf CommonRomance.Indic) ParamX.Sg ParamX.P1 => cuisais
s . CommonRomance.VFin (CommonRomance.VImperf CommonRomance.Indic) ParamX.Sg ParamX.P2 => cuisais
s . CommonRomance.VFin (CommonRomance.VImperf CommonRomance.Indic) ParamX.Sg ParamX.P3 => cuisait
s . CommonRomance.VFin (CommonRomance.VImperf CommonRomance.Indic) ParamX.Pl ParamX.P1 => cuisions
s . CommonRomance.VFin (CommonRomance.VImperf CommonRomance.Indic) ParamX.Pl ParamX.P2 => cuisiez
s . CommonRomance.VFin (CommonRomance.VImperf CommonRomance.Indic) ParamX.Pl ParamX.P3 => cuisaient
s . CommonRomance.VFin (CommonRomance.VImperf CommonRomance.Conjunct) ParamX.Sg ParamX.P1 => cuisisse
s . CommonRomance.VFin (CommonRomance.VImperf CommonRomance.Conjunct) ParamX.Sg ParamX.P2 => cuisisses
s . CommonRomance.VFin (CommonRomance.VImperf CommonRomance.Conjunct) ParamX.Sg ParamX.P3 => cuisît
s . CommonRomance.VFin (CommonRomance.VImperf CommonRomance.Conjunct) ParamX.Pl ParamX.P1 => cuisissions
s . CommonRomance.VFin (CommonRomance.VImperf CommonRomance.Conjunct) ParamX.Pl ParamX.P2 => cuisissiez
s . CommonRomance.VFin (CommonRomance.VImperf CommonRomance.Conjunct) ParamX.Pl ParamX.P3 => cuisissent
s . CommonRomance.VFin CommonRomance.VPasse ParamX.Sg ParamX.P1 => cuisis
s . CommonRomance.VFin CommonRomance.VPasse ParamX.Sg ParamX.P2 => cuisis
s . CommonRomance.VFin CommonRomance.VPasse ParamX.Sg ParamX.P3 => cuisit
s . CommonRomance.VFin CommonRomance.VPasse ParamX.Pl ParamX.P1 => cuisîmes
s . CommonRomance.VFin CommonRomance.VPasse ParamX.Pl ParamX.P2 => cuisîtes
s . CommonRomance.VFin CommonRomance.VPasse ParamX.Pl ParamX.P3 => cuisirent
s . CommonRomance.VFin CommonRomance.VFut ParamX.Sg ParamX.P1 => cuirai
s . CommonRomance.VFin CommonRomance.VFut ParamX.Sg ParamX.P2 => cuiras
s . CommonRomance.VFin CommonRomance.VFut ParamX.Sg ParamX.P3 => cuira
s . CommonRomance.VFin CommonRomance.VFut ParamX.Pl ParamX.P1 => cuirons
s . CommonRomance.VFin CommonRomance.VFut ParamX.Pl ParamX.P2 => cuirez
s . CommonRomance.VFin CommonRomance.VFut ParamX.Pl ParamX.P3 => cuiront
s . CommonRomance.VFin CommonRomance.VCondit ParamX.Sg ParamX.P1 => cuirais
s . CommonRomance.VFin CommonRomance.VCondit ParamX.Sg ParamX.P2 => cuirais
s . CommonRomance.VFin CommonRomance.VCondit ParamX.Sg ParamX.P3 => cuirait
s . CommonRomance.VFin CommonRomance.VCondit ParamX.Pl ParamX.P1 => cuirions
s . CommonRomance.VFin CommonRomance.VCondit ParamX.Pl ParamX.P2 => cuiriez
s . CommonRomance.VFin CommonRomance.VCondit ParamX.Pl ParamX.P3 => cuiraient
s . CommonRomance.VImper CommonRomance.SgP2 => cuis
s . CommonRomance.VImper CommonRomance.PlP1 => cuisons
s . CommonRomance.VImper CommonRomance.PlP2 => cuisez
s . CommonRomance.VPart CommonRomance.Masc ParamX.Sg => cuit
s . CommonRomance.VPart CommonRomance.Masc ParamX.Pl => cuits
s . CommonRomance.VPart CommonRomance.Fem ParamX.Sg => cuite
s . CommonRomance.VPart CommonRomance.Fem ParamX.Pl => cuites
s . CommonRomance.VGer => cuisant
