s . CommonRomance.VInfin Prelude.False => manger
s . CommonRomance.VInfin Prelude.True => manger
s . CommonRomance.VFin (CommonRomance.VPres CommonRomance.Indic) ParamX.Sg ParamX.P1 => mange
s . CommonRomance.VFin (CommonRomance.VPres CommonRomance.Indic) ParamX.Sg ParamX.P2 => manges
s . CommonRomance.VFin (CommonRomance.VPres CommonRomance.Indic) ParamX.Sg ParamX.P3 => mange
s . CommonRomance.VFin (CommonRomance.VPres CommonRomance.Indic) ParamX.Pl ParamX.P1 => mangeons
s . CommonRomance.VFin (CommonRomance.VPres CommonRomance.Indic) ParamX.Pl ParamX.P2 => mangez
s . CommonRomance.VFin (CommonRomance.VPres CommonRomance.Indic) ParamX.Pl ParamX.P3 => mangent
s . CommonRomance.VFin (CommonRomance.VPres CommonRomance.Conjunct) ParamX.Sg ParamX.P1 => mange
s . CommonRomance.VFin (CommonRomance.VPres CommonRomance.Conjunct) ParamX.Sg ParamX.P2 => manges
s . CommonRomance.VFin (CommonRomance.VPres CommonRomance.Conjunct) ParamX.Sg ParamX.P3 => mange
s . CommonRomance.VFin (CommonRomance.VPres CommonRomance.Conjunct) ParamX.Pl ParamX.P1 => mangions
s . CommonRomance.VFin (CommonRomance.VPres CommonRomance.Conjunct) ParamX.Pl ParamX.P2 => mangiez
s . CommonRomance.VFin (CommonRomance.VPres CommonRomance.Conjunct) ParamX.Pl ParamX.P3 => mangent
s . CommonRomance.VFin (CommonRomance.VImperf CommonRomance.Indic) ParamX.Sg ParamX.P1 => mangeais
s . CommonRomance.VFin (CommonRomance.VImperf CommonRomance.Indic) ParamX.Sg ParamX.P2 => mangeais
s . CommonRomance.VFin (CommonRomance.VImperf CommonRomance.Indic) ParamX.Sg ParamX.P3 => mangeait
s . CommonRomance.VFin (CommonRomance.VImperf CommonRomance.Indic) ParamX.Pl ParamX.P1 => mangions
s . CommonRomance.VFin (CommonRomance.VImperf CommonRomance.Indic) ParamX.Pl ParamX.P2 => mangiez
s . CommonRomance.VFin (CommonRomance.VImperf CommonRomance.Indic) ParamX.Pl ParamX.P3 => mangeaient
s . CommonRomance.VFin (CommonRomance.VImperf CommonRomance.Conjunct) ParamX.Sg ParamX.P1 => mangeasse
s . CommonRomance.VFin (CommonRomance.VImperf CommonRomance.Conjunct) ParamX.Sg ParamX.P2 => mangeasses
s . CommonRomance.VFin (CommonRomance.VImperf CommonRomance.Conjunct) ParamX.Sg ParamX.P3 => mangeât
s . CommonRomance.VFin (CommonRomance.VImperf CommonRomance.Conjunct) ParamX.Pl ParamX.P1 => mangeassions
s . CommonRomance.VFin (CommonRomance.VImperf CommonRomance.Conjunct) ParamX.Pl ParamX.P2 => mangeassiez
s . CommonRomance.VFin (CommonRomance.VImperf CommonRomance.Conjunct) ParamX.Pl ParamX.P3 => mangeassent
s . CommonRomance.VFin CommonRomance.VPasse ParamX.Sg ParamX.P1 => mangeai
s . CommonRomance.VFin CommonRomance.VPasse ParamX.Sg ParamX.P2 => mangeas
s . CommonRomance.VFin CommonRomance.VPasse ParamX.Sg ParamX.P3 => mangea
s . CommonRomance.VFin CommonRomance.VPasse ParamX.Pl ParamX.P1 => mangeâmes
s . CommonRomance.VFin CommonRomance.VPasse ParamX.Pl ParamX.P2 => mangeâtes
s . CommonRomance.VFin CommonRomance.VPasse ParamX.Pl ParamX.P3 => mangèrent
s . CommonRomance.VFin CommonRomance.VFut ParamX.Sg ParamX.P1 => mangerai
s . CommonRomance.VFin CommonRomance.VFut ParamX.Sg ParamX.P2 => mangeras
s . CommonRomance.VFin CommonRomance.VFut ParamX.Sg ParamX.P3 => mangera
s . CommonRomance.VFin CommonRomance.VFut ParamX.Pl ParamX.P1 => mangerons
s . CommonRomance.VFin CommonRomance.VFut ParamX.Pl ParamX.P2 => mangerez
s . CommonRomance.VFin CommonRomance.VFut ParamX.Pl ParamX.P3 => mangeront
s . CommonRomance.VFin CommonRomance.VCondit ParamX.Sg ParamX.P1 => mangerais
s . CommonRomance.VFin CommonRomance.VCondit ParamX.Sg ParamX.P2 => mangerais
s . CommonRomance.VFin CommonRomance.VCondit ParamX.Sg ParamX.P3 => mangerait
s . CommonRomance.VFin CommonRomance.VCondit ParamX.Pl ParamX.P1 => mangerions
s . CommonRomance.VFin CommonRomance.VCondit ParamX.Pl ParamX.P2 => mangeriez
s . CommonRomance.VFin CommonRomance.VCondit ParamX.Pl ParamX.P3 => mangeraient
s . CommonRomance.VImper CommonRomance.SgP2 => mange
s . CommonRomance.VImper CommonRomance.PlP1 => mangeons
s . CommonRomance.VImper CommonRomance.PlP2 => mangez
s . CommonRomance.VPart CommonRomance.Masc ParamX.Sg => mangé
s . CommonRomance.VPart CommonRomance.Masc ParamX.Pl => mangés
s . CommonRomance.VPart CommonRomance.Fem ParamX.Sg => mangée
s . CommonRomance.VPart CommonRomance.Fem ParamX.Pl => mangées
s . CommonRomance.VGer => mangeant
