s . CommonRomance.VInfin Prelude.False => broyer
s . CommonRomance.VInfin Prelude.True => broyer
s . CommonRomance.VFin (CommonRomance.VPres CommonRomance.Indic) ParamX.Sg ParamX.P1 => broie
s . CommonRomance.VFin (CommonRomance.VPres CommonRomance.Indic) ParamX.Sg ParamX.P2 => broies
s . CommonRomance.VFin (CommonRomance.VPres CommonRomance.Indic) ParamX.Sg ParamX.P3 => broie
s . CommonRomance.VFin (CommonRomance.VPres CommonRomance.Indic) ParamX.Pl ParamX.P1 => broyons
s . CommonRomance.VFin (CommonRomance.VPres CommonRomance.Indic) ParamX.Pl ParamX.P2 => broyez
s . CommonRomance.VFin (CommonRomance.VPres CommonRomance.Indic) ParamX.Pl ParamX.P3 => broient
s . CommonRomance.VFin (CommonRomance.VPres CommonRomance.Conjunct) ParamX.Sg ParamX.P1 => broie
s . CommonRomance.VFin (CommonRomance.VPres CommonRomance.Conjunct) ParamX.Sg ParamX.P2 => broies
s . CommonRomance.VFin (CommonRomance.VPres CommonRomance.Conjunct) ParamX.Sg ParamX.P3 => broie
s . CommonRomance.VFin (CommonRomance.VPres CommonRomance.Conjunct) ParamX.Pl ParamX.P1 => broyions
s . CommonRomance.VFin (CommonRomance.VPres CommonRomance.Conjunct) ParamX.Pl ParamX.P2 => broyiez
s . CommonRomance.VFin (CommonRomance.VPres CommonRomance.Conjunct) ParamX.Pl ParamX.P3 => broient
s . CommonRomance.VFin (CommonRomance.VImperf CommonRomance.Indic) ParamX.Sg ParamX.P1 => broyais
s . CommonRomance.VFin (CommonRomance.VImperf CommonRomance.Indic) ParamX.Sg ParamX.P2 => broyais
s . CommonRomance.VFin (CommonRomance.VImperf CommonRomance.Indic) ParamX.Sg ParamX.P3 => broyait
s . CommonRomance.VFin (CommonRomance.VImperf CommonRomance.Indic) ParamX.Pl ParamX.P1 => broyions
s . CommonRomance.VFin (CommonRomance.VImperf CommonRomance.Indic) ParamX.Pl ParamX.P2 => broyiez
s . CommonRomance.VFin (CommonRomance.VImperf CommonRomance.Indic) ParamX.Pl ParamX.P3 => broyaient
s . CommonRomance.VFin (CommonRomance.VImperf CommonRomance.Conjunct) ParamX.Sg ParamX.P1 => broyasse
s . CommonRomance.VFin (CommonRomance.VImperf CommonRomance.Conjunct) ParamX.Sg ParamX.P2 => broyasses
s . CommonRomance.VFin (CommonRomance.VImperf CommonRomance.Conjunct) ParamX.Sg ParamX.P3 => broyât
s . CommonRomance.VFin (CommonRomance.VImperf CommonRomance.Conjunct) ParamX.Pl ParamX.P1 => broyassions
s . CommonRomance.VFin (CommonRomance.VImperf CommonRomance.Conjunct) ParamX.Pl ParamX.P2 => broyassiez
s . CommonRomance.VFin (CommonRomance.VImperf CommonRomance.Conjunct) ParamX.Pl ParamX.P3 => broyassent
s . CommonRomance.VFin CommonRomance.VPasse ParamX.Sg ParamX.P1 => broyai
s . CommonRomance.VFin CommonRomance.VPasse ParamX.Sg ParamX.P2 => broyas
s . CommonRomance.VFin CommonRomance.VPasse ParamX.Sg ParamX.P3 => broya
s . CommonRomance.VFin CommonRomance.VPasse ParamX.Pl ParamX.P1 => broyâmes
s . CommonRomance.VFin CommonRomance.VPasse ParamX.Pl ParamX.P2 => broyâtes
s . CommonRomance.VFin CommonRomance.VPasse ParamX.Pl ParamX.P3 => broyèrent
s . CommonRomance.VFin CommonRomance.VFut ParamX.Sg ParamX.P1 => broierai
s . CommonRomance.VFin CommonRomance.VFut ParamX.Sg ParamX.P2 => broieras
s . CommonRomance.VFin CommonRomance.VFut ParamX.Sg ParamX.P3 => broiera
s . CommonRomance.VFin CommonRomance.VFut ParamX.Pl ParamX.P1 => broierons
s . CommonRomance.VFin CommonRomance.VFut ParamX.Pl ParamX.P2 => broierez
s . CommonRomance.VFin CommonRomance.VFut ParamX.Pl ParamX.P3 => broieront
s . CommonRomance.VFin CommonRomance.VCondit ParamX.Sg ParamX.P1 => broierais
s . CommonRomance.VFin CommonRomance.VCondit ParamX.Sg ParamX.P2 => broierais
s . CommonRomance.VFin CommonRomance.VCondit ParamX.Sg ParamX.P3 => broierait
s . CommonRomance.VFin CommonRomance.VCondit ParamX.Pl ParamX.P1 => broierions
s . CommonRomance.VFin CommonRomance.VCondit ParamX.Pl ParamX.P2 => broieriez
s . CommonRomance.VFin CommonRomance.VCondit ParamX.Pl ParamX.P3 => broieraient
s . CommonRomance.VImper CommonRomance.SgP2 => broie
s . CommonRomance.VImper CommonRomance.PlP1 => broyons
s . CommonRomance.VImper CommonRomance.PlP2 => broyez
s . CommonRomance.VPart CommonRomance.Masc ParamX.Sg => broyé
s . CommonRomance.VPart CommonRomance.Masc ParamX.Pl => broyés
s . CommonRomance.VPart CommonRomance.Fem ParamX.Sg => broyée
s . CommonRomance.VPart CommonRomance.Fem ParamX.Pl => broyées
s . CommonRomance.VGer => broyant
