s . CommonRomance.VInfin Prelude.False => recevoir
s . CommonRomance.VInfin Prelude.True => recevoir
s . CommonRomance.VFin (CommonRomance.VPres CommonRomance.Indic) ParamX.Sg ParamX.P1 => reçois
s . CommonRomance.VFin (CommonRomance.VPres CommonRomance.Indic) ParamX.Sg ParamX.P2 => reçois
s . CommonRomance.VFin (CommonRomance.VPres CommonRomance.Indic) ParamX.Sg ParamX.P3 => reçoit
s . CommonRomance.VFin (CommonRomance.VPres CommonRomance.Indic) ParamX.Pl ParamX.P1 => recevons
s . CommonRomance.VFin (CommonRomance.VPres CommonRomance.Indic) ParamX.Pl ParamX.P2 => recevez
s . CommonRomance.VFin (CommonRomance.VPres CommonRomance.Indic) ParamX.Pl ParamX.P3 => reçoivent
s . CommonRomance.VFin (CommonRomance.VPres CommonRomance.Conjunct) ParamX.Sg ParamX.P1 => reçoive
s . CommonRomance.VFin (CommonRomance.VPres CommonRomance.Conjunct) ParamX.Sg ParamX.P2 => reçoives
s . CommonRomance.VFin (CommonRomance.VPres CommonRomance.Conjunct) ParamX.Sg ParamX.P3 => reçoive
s . CommonRomance.VFin (CommonRomance.VPres CommonRomance.Conjunct) ParamX.Pl ParamX.P1 => recevions
s . CommonRomance.VFin (CommonRomance.VPres CommonRomance.Conjunct) ParamX.Pl ParamX.P2 => receviez
s . CommonRomance.VFin (CommonRomance.VPres CommonRomance.Conjunct) ParamX.Pl ParamX.P3 => reçoivent
s . CommonRomance.VFin (CommonRomance.VImperf CommonRomance.Indic) ParamX.Sg ParamX.P1 => recevais
s . CommonRomance.VFin (CommonRomance.VImperf CommonRomance.Indic) ParamX.Sg ParamX.P2 => recevais
s . CommonRomance.VFin (CommonRomance.VImperf CommonRomance.Indic) ParamX.Sg ParamX.P3 => recevait
s . CommonRomance.VFin (CommonRomance.VImperf CommonRomance.Indic) ParamX.Pl ParamX.P1 => recevions
s . CommonRomance.VFin (CommonRomance.VImperf CommonRomance.Indic) ParamX.Pl ParamX.P2 => receviez
s . CommonRomance.VFin (CommonRomance.VImperf CommonRomance.Indic) ParamX.Pl ParamX.P3 => recevaient
s . CommonRomance.VFin (CommonRomance.VImperf CommonRomance.Conjunct) ParamX.Sg ParamX.P1 => reçusse
s . CommonRomance.VFin (CommonRomance.VImperf CommonRomance.Conjunct) ParamX.Sg ParamX.P2 => reçusses
s . CommonRomance.VFin (CommonRomance.VImperf CommonRomance.Conjunct) ParamX.Sg ParamX.P3 => reçût
s . CommonRomance.VFin (CommonRomance.VImperf CommonRomance.Conjunct) ParamX.Pl ParamX.P1 => reçussions
s . CommonRomance.VFin (CommonRomance.VImperf CommonRomance.Conjunct) ParamX.Pl ParamX.P2 => reçussiez
s . CommonRomance.VFin (CommonRomance.VImperf CommonRomance.Conjunct) ParamX.Pl ParamX.P3 => reçussent
s . CommonRomance.VFin CommonRomance.VPasse ParamX.Sg ParamX.P1 => reçus
s . CommonRomance.VFin CommonRomance.VPasse ParamX.Sg ParamX.P2 => reçus
s . CommonRomance.VFin CommonRomance.VPasse ParamX.Sg ParamX.P3 => reçut
s . CommonRomance.VFin CommonRomance.VPasse ParamX.Pl ParamX.P1 => reçûmes
s . CommonRomance.VFin CommonRomance.VPasse ParamX.Pl ParamX.P2 => reçûtes
s . CommonRomance.VFin CommonRomance.VPasse ParamX.Pl ParamX.P3 => reçurent
s . CommonRomance.VFin CommonRomance.VFut ParamX.Sg ParamX.P1 => recevrai
s . CommonRomance.VFin CommonRomance.VFut ParamX.Sg ParamX.P2 => recevras
s . CommonRomance.VFin CommonRomance.VFut ParamX.Sg ParamX.P3 => recevra
s . CommonRomance.VFin CommonRomance.VFut ParamX.Pl ParamX.P1 => recevrons
s . CommonRomance.VFin CommonRomance.VFut ParamX.Pl ParamX.P2 => recevrez
s . CommonRomance.VFin CommonRomance.VFut ParamX.Pl ParamX.P3 => recevront
s . CommonRomance.VFin CommonRomance.VCondit ParamX.Sg ParamX.P1 => recevrais
s . CommonRomance.VFin CommonRomance.VCondit ParamX.Sg ParamX.P2 => recevrais
s . CommonRomance.VFin CommonRomance.VCondit ParamX.Sg ParamX.P3 => recevrait
s . CommonRomance.VFin CommonRomance.VCondit ParamX.Pl ParamX.P1 => recevrions
s . CommonRomance.VFin CommonRomance.VCondit ParamX.Pl ParamX.P2 => recevriez
s . CommonRomance.VFin CommonRomance.VCondit ParamX.Pl ParamX.P3 => recevraient
s . CommonRomance.VImper CommonRomance.SgP2 => reçois
s . CommonRomance.VImper CommonRomance.PlP1 => recevons
s . CommonRomance.VImper CommonRomance.PlP2 => recevez
s . CommonRomance.VPart CommonRomance.Masc ParamX.Sg => reçu
s . CommonRomance.VPart CommonRomance.Masc ParamX.Pl => reçus
s . CommonRomance.VPart CommonRomance.Fem ParamX.Sg => reçue
s . CommonRomance.VPart CommonRomance.Fem ParamX.Pl => reçues
s . CommonRomance.VGer => recevant
