s . CommonRomance.VInfin Prelude.False => voir
s . CommonRomance.VInfin Prelude.True => voir
s . CommonRomance.VFin (CommonRomance.VPres CommonRomance.Indic) ParamX.Sg ParamX.P1 => vois
s . CommonRomance.VFin (CommonRomance.VPres CommonRomance.Indic) ParamX.Sg ParamX.P2 => vois
s . CommonRomance.VFin (CommonRomance.VPres CommonRomance.Indic) ParamX.Sg ParamX.P3 => voit
s . CommonRomance.VFin (CommonRomance.VPres CommonRomance.Indic) ParamX.Pl ParamX.P1 => voyons
s . CommonRomance.VFin (CommonRomance.VPres CommonRomance.Indic) ParamX.Pl ParamX.P2 => voyez
s . CommonRomance.VFin (CommonRomance.VPres CommonRomance.Indic) ParamX.Pl ParamX.P3 => voient
s . CommonRomance.VFin (CommonRomance.VPres CommonRomance.Conjunct) ParamX.Sg ParamX.P1 => voie
s . CommonRomance.VFin (CommonRomance.VPres CommonRomance.Conjunct) ParamX.Sg ParamX.P2 => voies
s . CommonRomance.VFin (CommonRomance.VPres CommonRomance.Conjunct) ParamX.Sg ParamX.P3 => voie
s . CommonRomance.VFin (CommonRomance.VPres CommonRomance.Conjunct) ParamX.Pl ParamX.P1 => voyions
s . CommonRomance.VFin (CommonRomance.VPres CommonRomance.Conjunct) ParamX.Pl ParamX.P2 => voyiez
s . CommonRomance.VFin (CommonRomance.VPres CommonRomance.Conjunct) ParamX.Pl ParamX.P3 => voient
s . CommonRomance.VFin (CommonRomance.VImperf CommonRomance.Indic) ParamX.Sg ParamX.P1 => voyais
s . CommonRomance.VFin (CommonRomance.VImperf CommonRomance.Indic) ParamX.Sg ParamX.P2 => voyais
s . CommonRomance.VFin (CommonRomance.VImperf CommonRomance.Indic) ParamX.Sg ParamX.P3 => voyait
s . CommonRomance.VFin (CommonRomance.VImperf CommonRomance.Indic) ParamX.Pl ParamX.P1 => voyions
s . CommonRomance.VFin (CommonRomance.VImperf CommonRomance.Indic) ParamX.Pl ParamX.P2 => voyiez
s . CommonRomance.VFin (CommonRomance.VImperf CommonRomance.Indic) ParamX.Pl ParamX.P3 => voyaient
s . CommonRomance.VFin (CommonRomance.VImperf CommonRomance.Conjunct) ParamX.Sg ParamX.P1 => visse
s . CommonRomance.VFin (CommonRomance.VImperf CommonRomance.Conjunct) ParamX.Sg ParamX.P2 => visses
s . CommonRomance.VFin (CommonRomance.VImperf CommonRomance.Conjunct) ParamX.Sg ParamX.P3 => vît
s . CommonRomance.VFin (CommonRomance.VImperf CommonRomance.Conjunct) ParamX.Pl ParamX.P1 => vissions
s . CommonRomance.VFin (CommonRomance.VImperf CommonRomance.Conjunct) ParamX.Pl ParamX.P2 => vissiez
s . CommonRomance.VFin (CommonRomance.VImperf CommonRomance.Conjunct) ParamX.Pl ParamX.P3 => vissent
s . CommonRomance.VFin CommonRomance.VPasse ParamX.Sg ParamX.P1 => vis
s . CommonRomance.VFin CommonRomance.VPasse ParamX.Sg ParamX.P2 => vis
s . CommonRomance.VFin CommonRomance.VPasse ParamX.Sg ParamX.P3 => vit
s . CommonRomance.VFin CommonRomance.VPasse ParamX.Pl ParamX.P1 => vîmes
s . CommonRomance.VFin CommonRomance.VPasse ParamX.Pl ParamX.P2 => vîtes
s . CommonRomance.VFin CommonRomance.VPasse ParamX.Pl ParamX.P3 => virent
s . CommonRomance.VFin CommonRomance.VFut ParamX.Sg ParamX.P1 => verrai
s . CommonRomance.VFin CommonRomance.VFut ParamX.Sg ParamX.P2 => verras
s . CommonRomance.VFin CommonRomance.VFut ParamX.Sg ParamX.P3 => verra
s . CommonRomance.VFin CommonRomance.VFut ParamX.Pl ParamX.P1 => verrons
s . CommonRomance.VFin CommonRomance.VFut ParamX.Pl ParamX.P2 => verrez
s . CommonRomance.VFin CommonRomance.VFut ParamX.Pl ParamX.P3 => verront
s . CommonRomance.VFin CommonRomance.VCondit ParamX.Sg ParamX.P1 => verrais
s . CommonRomance.VFin CommonRomance.VCondit ParamX.Sg ParamX.P2 => verrais
s . CommonRomance.VFin CommonRomance.VCondit ParamX.Sg ParamX.P3 => verrait
s . CommonRomance.VFin CommonRomance.VCondit ParamX.Pl ParamX.P1 => verrions
s . CommonRomance.VFin CommonRomance.VCondit ParamX.Pl ParamX.P2 => verriez
s . CommonRomance.VFin CommonRomance.VCondit ParamX.Pl ParamX.P3 => verraient
s . CommonRomance.VImper CommonRomance.SgP2 => vois
s . CommonRomance.VImper CommonRomance.PlP1 => voyons
s . CommonRomance.VImper CommonRomance.PlP2 => voyez
s . CommonRomance.VPart CommonRomance.Masc ParamX.Sg => vu
s . CommonRomance.VPart CommonRomance.Masc ParamX.Pl => vus
s . CommonRomance.VPart CommonRomance.Fem ParamX.Sg => vue
s . CommonRomance.VPart CommonRomance.Fem ParamX.Pl => vues
s . CommonRomance.VGer => voyant
