s . CommonRomance.VInfin Prelude.False => asseoir
s . CommonRomance.VInfin Prelude.True => asseoir
s . CommonRomance.VFin (CommonRomance.VPres CommonRomance.Indic) ParamX.Sg ParamX.P1 => assieds
s . CommonRomance.VFin (CommonRomance.VPres CommonRomance.Indic) ParamX.Sg ParamX.P2 => assieds
s . CommonRomance.VFin (CommonRomance.VPres CommonRomance.Indic) ParamX.Sg ParamX.P3 => assied
s . CommonRomance.VFin (CommonRomance.VPres CommonRomance.Indic) ParamX.Pl ParamX.P1 => asseyons
s . CommonRomance.VFin (CommonRomance.VPres CommonRomance.Indic) ParamX.Pl ParamX.P2 => asseyez
s . CommonRomance.VFin (CommonRomance.VPres CommonRomance.Indic) ParamX.Pl ParamX.P3 => asseyent
s . CommonRomance.VFin (CommonRomance.VPres CommonRomance.Conjunct) ParamX.Sg ParamX.P1 => asseye
s . CommonRomance.VFin (CommonRomance.VPres CommonRomance.Conjunct) ParamX.Sg ParamX.P2 => asseyes
s . CommonRomance.VFin (CommonRomance.VPres CommonRomance.Conjunct) ParamX.Sg ParamX.P3 => asseye
s . CommonRomance.VFin (CommonRomance.VPres CommonRomance.Conjunct) ParamX.Pl ParamX.P1 => asseyions
s . CommonRomance.VFin (CommonRomance.VPres CommonRomance.Conjunct) ParamX.Pl ParamX.P2 => asseyiez
s . CommonRomance.VFin (CommonRomance.VPres CommonRomance.Conjunct) ParamX.Pl ParamX.P3 => asseyent
s . CommonRomance.VFin (CommonRomance.VImperf CommonRomance.Indic) ParamX.Sg ParamX.P1 => asseyais
s . CommonRomance.VFin (CommonRomance.VImperf CommonRomance.Indic) ParamX.Sg ParamX.P2 => asseyais
s . CommonRomance.VFin (CommonRomance.VImperf CommonRomance.Indic) ParamX.Sg ParamX.P3 => asseyait
s . CommonRomance.VFin (CommonRomance.VImperf CommonRomance.Indic) ParamX.Pl ParamX.P1 => asseyions
s . CommonRomance.VFin (CommonRomance.VImperf CommonRomance.Indic) ParamX.Pl ParamX.P2 => asseyiez
s . CommonRomance.VFin (CommonRomance.VImperf CommonRomance.Indic) ParamX.Pl ParamX.P3 => asseyaient
s . CommonRomance.VFin (CommonRomance.VImperf CommonRomance.Conjunct) ParamX.Sg ParamX.P1 => assisse
s . CommonRomance.VFin (CommonRomance.VImperf CommonRomance.Conjunct) ParamX.Sg ParamX.P2 => assisses
s . CommonRomance.VFin (CommonRomance.VImperf CommonRomance.Conjunct) ParamX.Sg ParamX.P3 => assît
s . CommonRomance.VFin (CommonRomance.VImperf CommonRomance.Conjunct) ParamX.Pl ParamX.P1 => assissions
s . CommonRomance.VFin (CommonRomance.VImperf CommonRomance.Conjunct) ParamX.Pl ParamX.P2 => assissiez
s . CommonRomance.VFin (CommonRomance.VImperf CommonRomance.Conjunct) ParamX.Pl ParamX.P3 => assissent
s . CommonRomance.VFin CommonRomance.VPasse ParamX.Sg ParamX.P1 => assis
s . CommonRomance.VFin CommonRomance.VPasse ParamX.Sg ParamX.P2 => assis
s . CommonRomance.VFin CommonRomance.VPasse ParamX.Sg ParamX.P3 => assit
s . CommonRomance.VFin CommonRomance.VPasse ParamX.Pl ParamX.P1 => assîmes
s . CommonRomance.VFin CommonRomance.VPasse ParamX.Pl ParamX.P2 => assîtes
s . CommonRomance.VFin CommonRomance.VPasse ParamX.Pl ParamX.P3 => assirent
s . CommonRomance.VFin CommonRomance.VFut ParamX.Sg ParamX.P1 => assiérai
s . CommonRomance.VFin CommonRomance.VFut ParamX.Sg ParamX.P2 => assiéras
s . CommonRomance.VFin CommonRomance.VFut ParamX.Sg ParamX.P3 => assiéra
s . CommonRomance.VFin CommonRomance.VFut ParamX.Pl ParamX.P1 => assiérons
s . CommonRomance.VFin CommonRomance.VFut ParamX.Pl ParamX.P2 => assiérez
s . CommonRomance.VFin CommonRomance.VFut ParamX.Pl ParamX.P3 => assiéront
s . CommonRomance.VFin CommonRomance.VCondit ParamX.Sg ParamX.P1 => assiérais
s . CommonRomance.VFin CommonRomance.VCondit ParamX.Sg ParamX.P2 => assiérais
s . CommonRomance.VFin CommonRomance.VCondit ParamX.Sg ParamX.P3 => assiérait
s . CommonRomance.VFin CommonRomance.VCondit ParamX.Pl ParamX.P1 => assiérions
s . CommonRomance.VFin CommonRomance.VCondit ParamX.Pl ParamX.P2 => assiériez
s . CommonRomance.VFin CommonRomance.VCondit ParamX.Pl ParamX.P3 => assiéraient
s . CommonRomance.VImper CommonRomance.SgP2 => assieds
s . CommonRomance.VImper CommonRomance.PlP1 => asseyons
s . CommonRomance.VImper CommonRomance.PlP2 => asseyez
s . CommonRomance.VPart CommonRomance.Masc ParamX.Sg => assis
s . CommonRomance.VPart CommonRomance.Masc ParamX.Pl => assis
s . CommonRomance.VPart CommonRomance.Fem ParamX.Sg => assise
s . CommonRomance.VPart CommonRomance.Fem ParamX.Pl => assises
s . CommonRomance.VGer => asseyant
