s . CommonRomance.VInfin Prelude.False => seoir
s . CommonRomance.VInfin Prelude.True => seoir
s . CommonRomance.VFin (CommonRomance.VPres CommonRomance.Indic) ParamX.Sg ParamX.P1 => Predef.nonExist
s . CommonRomance.VFin (CommonRomance.VPres CommonRomance.Indic) ParamX.Sg ParamX.P2 => Predef.nonExist
s . CommonRomance.VFin (CommonRomance.VPres CommonRomance.Indic) ParamX.Sg ParamX.P3 => sied
s . CommonRomance.VFin (CommonRomance.VPres CommonRomance.Indic) ParamX.Pl ParamX.P1 => Predef.nonExist
s . CommonRomance.VFin (CommonRomance.VPres CommonRomance.Indic) ParamX.Pl ParamX.P2 => Predef.nonExist
s . CommonRomance.VFin (CommonRomance.VPres CommonRomance.Indic) ParamX.Pl ParamX.P3 => siéent
s . CommonRomance.VFin (CommonRomance.VPres CommonRomance.Conjunct) ParamX.Sg ParamX.P1 => Predef.nonExist
s . CommonRomance.VFin (CommonRomance.VPres CommonRomance.Conjunct) ParamX.Sg ParamX.P2 => Predef.nonExist
s . CommonRomance.VFin (CommonRomance.VPres CommonRomance.Conjunct) ParamX.Sg ParamX.P3 => siée
s . CommonRomance.VFin (CommonRomance.VPres CommonRomance.Conjunct) ParamX.Pl ParamX.P1 => Predef.nonExist
s . CommonRomance.VFin (CommonRomance.VPres CommonRomance.Conjunct) ParamX.Pl ParamX.P2 => Predef.nonExist
s . CommonRomance.VFin (CommonRomance.VPres CommonRomance.Conjunct) ParamX.Pl ParamX.P3 => siéent
s . CommonRomance.VFin (CommonRomance.VImperf CommonRomance.Indic) ParamX.Sg ParamX.P1 => Predef.nonExist
s . CommonRomance.VFin (CommonRomance.VImperf CommonRomance.Indic) ParamX.Sg ParamX.P2 => Predef.nonExist
s . CommonRomance.VFin (CommonRomance.VImperf CommonRomance.Indic) ParamX.Sg ParamX.P3 => seyait
s . CommonRomance.VFin (CommonRomance.VImperf CommonRomance.Indic) ParamX.Pl ParamX.P1 => Predef.nonExist
s . CommonRomance.VFin (CommonRomance.VImperf CommonRomance.Indic) ParamX.Pl ParamX.P2 => Predef.nonExist
s . CommonRomance.VFin (CommonRomance.VImperf CommonRomance.Indic) ParamX.Pl ParamX.P3 => seyaient
s . CommonRomance.VFin (CommonRomance.VImperf CommonRomance.Conjunct) ParamX.Sg ParamX.P1 => Predef.nonExist
s . CommonRomance.VFin (CommonRomance.VImperf CommonRomance.Conjunct) ParamX.Sg ParamX.P2 => Predef.nonExist
s . CommonRomance.VFin (CommonRomance.VImperf CommonRomance.Conjunct) ParamX.Sg ParamX.P3 => Predef.nonExist
s . CommonRomance.VFin (CommonRomance.VImperf CommonRomance.Conjunct) ParamX.Pl ParamX.P1 => Predef.nonExist
s . CommonRomance.VFin (CommonRomance.VImperf CommonRomance.Conjunct) ParamX.Pl ParamX.P2 => Predef.nonExist
s . CommonRomance.VFin (CommonRomance.VImperf CommonRomance.Conjunct) ParamX.Pl ParamX.P3 => Predef.nonExist
s . CommonRomance.VFin CommonRomance.VPasse ParamX.Sg ParamX.P1 => Predef.nonExist
s . CommonRomance.VFin CommonRomance.VPasse ParamX.Sg ParamX.P2 => Predef.nonExist
s . CommonRomance.VFin CommonRomance.VPasse ParamX.Sg ParamX.P3 => Predef.nonExist
s . CommonRomance.VFin CommonRomance.VPasse ParamX.Pl ParamX.P1 => Predef.nonExist
s . CommonRomance.VFin CommonRomance.VPasse ParamX.Pl ParamX.P2 => Predef.nonExist
s . CommonRomance.VFin CommonRomance.VPasse ParamX.Pl ParamX.P3 => Predef.nonExist
s . CommonRomance.VFin CommonRomance.VFut ParamX.Sg ParamX.P1 => Predef.nonExist
s . CommonRomance.VFin CommonRomance.VFut ParamX.Sg ParamX.P2 => Predef.nonExist
s . CommonRomance.VFin CommonRomance.VFut ParamX.Sg ParamX.P3 => siéra
s . CommonRomance.VFin CommonRomance.VFut ParamX.Pl ParamX.P1 => Predef.nonExist
s . CommonRomance.VFin CommonRomance.VFut ParamX.Pl ParamX.P2 => Predef.nonExist
s . CommonRomance.VFin CommonRomance.VFut ParamX.Pl ParamX.P3 => siéront
s . CommonRomance.VFin CommonRomance.VCondit ParamX.Sg ParamX.P1 => Predef.nonExist
s . CommonRomance.VFin CommonRomance.VCondit ParamX.Sg ParamX.P2 => Predef.nonExist
s . CommonRomance.VFin CommonRomance.VCondit ParamX.Sg ParamX.P3 => siérait
s . CommonRomance.VFin CommonRomance.VCondit ParamX.Pl ParamX.P1 => Predef.nonExist
s . CommonRomance.VFin CommonRomance.VCondit ParamX.Pl ParamX.P2 => Predef.nonExist
s . CommonRomance.VFin CommonRomance.VCondit ParamX.Pl ParamX.P3 => siéraient
s . CommonRomance.VImper CommonRomance.SgP2 => Predef.nonExist
s . CommonRomance.VImper CommonRomance.PlP1 => Predef.nonExist
s . CommonRomance.VImper CommonRomance.PlP2 => Predef.nonExist
s . CommonRomance.VPart CommonRomance.Masc ParamX.Sg => Predef.nonExist
s . CommonRomance.VPart CommonRomance.Masc ParamX.Pl => Predef.nonExist
s . CommonRomance.VPart CommonRomance.Fem ParamX.Sg => Predef.nonExist
s . CommonRomance.VPart CommonRomance.Fem ParamX.Pl => Predef.nonExist
s . CommonRomance.VGer => séant
