s . CommonRomance.VInfin Prelude.False => échoir
s . CommonRomance.VInfin Prelude.True => échoir
s . CommonRomance.VFin (CommonRomance.VPres CommonRomance.Indic) ParamX.Sg ParamX.P1 => Predef.nonExist
s . CommonRomance.VFin (CommonRomance.VPres CommonRomance.Indic) ParamX.Sg ParamX.P2 => Predef.nonExist
s . CommonRomance.VFin (CommonRomance.VPres CommonRomance.Indic) ParamX.Sg ParamX.P3 => échoit
s . CommonRomance.VFin (CommonRomance.VPres CommonRomance.Indic) ParamX.Pl ParamX.P1 => Predef.nonExist
s . CommonRomance.VFin (CommonRomance.VPres CommonRomance.Indic) ParamX.Pl ParamX.P2 => Predef.nonExist
s . CommonRomance.VFin (CommonRomance.VPres CommonRomance.Indic) ParamX.Pl ParamX.P3 => échoient
s . CommonRomance.VFin (CommonRomance.VPres CommonRomance.Conjunct) ParamX.Sg ParamX.P1 => Predef.nonExist
s . CommonRomance.VFin (CommonRomance.VPres CommonRomance.Conjunct) ParamX.Sg ParamX.P2 => Predef.nonExist
s . CommonRomance.VFin (CommonRomance.VPres CommonRomance.Conjunct) ParamX.Sg ParamX.P3 => échoie
s . CommonRomance.VFin (CommonRomance.VPres CommonRomance.Conjunct) ParamX.Pl ParamX.P1 => Predef.nonExist
s . CommonRomance.VFin (CommonRomance.VPres CommonRomance.Conjunct) ParamX.Pl ParamX.P2 => Predef.nonExist
s . CommonRomance.VFin (CommonRomance.VPres CommonRomance.Conjunct) ParamX.Pl ParamX.P3 => échoient
s . CommonRomance.VFin (CommonRomance.VImperf CommonRomance.Indic) ParamX.Sg ParamX.P1 => Predef.nonExist
s . CommonRomance.VFin (CommonRomance.VImperf CommonRomance.Indic) ParamX.Sg ParamX.P2 => Predef.nonExist
s . CommonRomance.VFin (CommonRomance.VImperf CommonRomance.Indic) ParamX.Sg ParamX.P3 => échoyait
s . CommonRomance.VFin (CommonRomance.VImperf CommonRomance.Indic) ParamX.Pl ParamX.P1 => Predef.nonExist
s . CommonRomance.VFin (CommonRomance.VImperf CommonRomance.Indic) ParamX.Pl ParamX.P2 => Predef.nonExist
s . CommonRomance.VFin (CommonRomance.VImperf CommonRomance.Indic) ParamX.Pl ParamX.P3 => échoyaient
s . CommonRomance.VFin (CommonRomance.VImperf CommonRomance.Conjunct) ParamX.Sg ParamX.P1 => Predef.nonExist
s . CommonRomance.VFin (CommonRomance.VImperf CommonRomance.Conjunct) ParamX.Sg ParamX.P2 => Predef.nonExist
s . CommonRomance.VFin (CommonRomance.VImperf CommonRomance.Conjunct) ParamX.Sg ParamX.P3 => échût
s . CommonRomance.VFin (CommonRomance.VImperf CommonRomance.Conjunct) ParamX.Pl ParamX.P1 => Predef.nonExist
s . CommonRomance.VFin (CommonRomance.VImperf CommonRomance.Conjunct) ParamX.Pl ParamX.P2 => Predef.nonExist
s . CommonRomance.VFin (CommonRomance.VImperf CommonRomance.Conjunct) ParamX.Pl ParamX.P3 => échussent
s . CommonRomance.VFin CommonRomance.VPasse ParamX.Sg ParamX.P1 => Predef.nonExist
s . CommonRomance.VFin CommonRomance.VPasse ParamX.Sg ParamX.P2 => Predef.nonExist
s . CommonRomance.VFin CommonRomance.VPasse ParamX.Sg ParamX.P3 => échut
s . CommonRomance.VFin CommonRomance.VPasse ParamX.Pl ParamX.P1 => Predef.nonExist
s . CommonRomance.VFin CommonRomance.VPasse ParamX.Pl ParamX.P2 => Predef.nonExist
s . CommonRomance.VFin CommonRomance.VPasse ParamX.Pl ParamX.P3 => échurent
s . CommonRomance.VFin CommonRomance.VFut ParamX.Sg ParamX.P1 => Predef.nonExist
s . CommonRomance.VFin CommonRomance.VFut ParamX.Sg ParamX.P2 => Predef.nonExist
s . CommonRomance.VFin CommonRomance.VFut ParamX.Sg ParamX.P3 => écherra
s . CommonRomance.VFin CommonRomance.VFut ParamX.Pl ParamX.P1 => Predef.nonExist
s . CommonRomance.VFin CommonRomance.VFut ParamX.Pl ParamX.P2 => Predef.nonExist
s . CommonRomance.VFin CommonRomance.VFut ParamX.Pl ParamX.P3 => écherront
s . CommonRomance.VFin CommonRomance.VCondit ParamX.Sg ParamX.P1 => Predef.nonExist
s . CommonRomance.VFin CommonRomance.VCondit ParamX.Sg ParamX.P2 => Predef.nonExist
s . CommonRomance.VFin CommonRomance.VCondit ParamX.Sg ParamX.P3 => écherrait
s . CommonRomance.VFin CommonRomance.VCondit ParamX.Pl ParamX.P1 => Predef.nonExist
s . CommonRomance.VFin CommonRomance.VCondit ParamX.Pl ParamX.P2 => Predef.nonExist
s . CommonRomance.VFin CommonRomance.VCondit ParamX.Pl ParamX.P3 => écherraient
s . CommonRomance.VImper CommonRomance.SgP2 => Predef.nonExist
s . CommonRomance.VImper CommonRomance.PlP1 => Predef.nonExist
s . CommonRomance.VImper CommonRomance.PlP2 => Predef.nonExist
s . CommonRomance.VPart CommonRomance.Masc ParamX.Sg => échu
s . CommonRomance.VPart CommonRomance.Masc ParamX.Pl => échus
s . CommonRomance.VPart CommonRomance.Fem ParamX.Sg => échue
s . CommonRomance.VPart CommonRomance.Fem ParamX.Pl => échues
s . CommonRomance.VGer => échéant
