s . CommonRomance.VInfin Prelude.False => rendre
s . CommonRomance.VInfin Prelude.True => rendre
s . CommonRomance.VFin (CommonRomance.VPres CommonRomance.Indic) ParamX.Sg ParamX.P1 => rends
s . CommonRomance.VFin (CommonRomance.VPres CommonRomance.Indic) ParamX.Sg ParamX.P2 => rends
s . CommonRomance.VFin (CommonRomance.VPres CommonRomance.Indic) ParamX.Sg ParamX.P3 => rend
s . CommonRomance.VFin (CommonRomance.VPres CommonRomance.Indic) ParamX.Pl ParamX.P1 => rendons
s . CommonRomance.VFin (CommonRomance.VPres CommonRomance.Indic) ParamX.Pl ParamX.P2 => rendez
s . CommonRomance.VFin (CommonRomance.VPres CommonRomance.Indic) ParamX.Pl ParamX.P3 => rendent
s . CommonRomance.VFin (CommonRomance.VPres CommonRomance.Conjunct) ParamX.Sg ParamX.P1 => rende
s . CommonRomance.VFin (CommonRomance.VPres CommonRomance.Conjunct) ParamX.Sg ParamX.P2 => rendes
s . CommonRomance.VFin (CommonRomance.VPres CommonRomance.Conjunct) ParamX.Sg ParamX.P3 => rende
s . CommonRomance.VFin (CommonRomance.VPres CommonRomance.Conjunct) ParamX.Pl ParamX.P1 => rendions
s . CommonRomance.VFin (CommonRomance.VPres CommonRomance.Conjunct) ParamX.Pl ParamX.P2 => rendiez
s . CommonRomance.VFin (CommonRomance.VPres CommonRomance.Conjunct) ParamX.Pl ParamX.P3 => rendent
s . CommonRomance.VFin (CommonRomance.VImperf CommonRomance.Indic) ParamX.Sg ParamX.P1 => rendais
s . CommonRomance.VFin (CommonRomance.VImperf CommonRomance.Indic) ParamX.Sg ParamX.P2 => rendais
s . CommonRomance.VFin (CommonRomance.VImperf CommonRomance.Indic) ParamX.Sg ParamX.P3 => rendait
s . CommonRomance.VFin (CommonRomance.VImperf CommonRomance.Indic) ParamX.Pl ParamX.P1 => rendions
s . CommonRomance.VFin (CommonRomance.VImperf CommonRomance.Indic) ParamX.Pl ParamX.P2 => rendiez
s . CommonRomance.VFin (CommonRomance.VImperf CommonRomance.Indic) ParamX.Pl ParamX.P3 => rendaient
s . CommonRomance.VFin (CommonRomance.VImperf CommonRomance.Conjunct) ParamX.Sg ParamX.P1 => rendisse
s . CommonRomance.VFin (CommonRomance.VImperf CommonRomance.Conjunct) ParamX.Sg ParamX.P2 => rendisses
s . CommonRomance.VFin (CommonRomance.VImperf CommonRomance.Conjunct) ParamX.Sg ParamX.P3 => rendÃ®t
s . CommonRomance.VFin (CommonRomance.VImperf CommonRomance.Conjunct) ParamX.Pl ParamX.P1 => rendissions
s . CommonRomance.VFin (CommonRomance.VImperf CommonRomance.Conjunct) ParamX.Pl ParamX.P2 => rendissiez
s . CommonRomance.VFin (CommonRomance.VImperf CommonRomance.Conjunct) ParamX.Pl ParamX.P3 => rendissent
s . CommonRomance.VFin CommonRomance.VPasse ParamX.Sg ParamX.P1 => rendis
s . CommonRomance.VFin CommonRomance.VPasse ParamX.Sg ParamX.P2 => rendis
s . CommonRomance.VFin CommonRomance.VPasse ParamX.Sg ParamX.P3 => rendit
s . CommonRomance.VFin CommonRomance.VPasse ParamX.Pl ParamX.P1 => rendÃ®mes
s . CommonRomance.VFin CommonRomance.VPasse ParamX.Pl ParamX.P2 => rendÃ®tes
s . CommonRomance.VFin CommonRomance.VPasse ParamX.Pl ParamX.P3 => rendirent
s . CommonRomance.VFin CommonRomance.VFut ParamX.Sg ParamX.P1 => rendrai
s . CommonRomance.VFin CommonRomance.VFut ParamX.Sg ParamX.P2 => rendras
s . CommonRomance.VFin CommonRomance.VFut ParamX.Sg ParamX.P3 => rendra
s . CommonRomance.VFin CommonRomance.VFut ParamX.Pl ParamX.P1 => rendrons
s . CommonRomance.VFin CommonRomance.VFut ParamX.Pl ParamX.P2 => rendrez
s . CommonRomance.VFin CommonRomance.VFut ParamX.Pl ParamX.P3 => rendront
s . CommonRomance.VFin CommonRomance.VCondit ParamX.Sg ParamX.P1 => rendrais
s . CommonRomance.VFin CommonRomance.VCondit ParamX.Sg ParamX.P2 => rendrais
s . CommonRomance.VFin CommonRomance.VCondit ParamX.Sg ParamX.P3 => rendrait
s . CommonRomance.VFin CommonRomance.VCondit ParamX.Pl ParamX.P1 => rendrions
s . CommonRomance.VFin CommonRomance.VCondit ParamX.Pl ParamX.P2 => rendriez
s . CommonRomance.VFin CommonRomance.VCondit ParamX.Pl ParamX.P3 => rendraient
s . CommonRomance.VImper CommonRomance.SgP2 => rends
s . CommonRomance.VImper CommonRomance.PlP1 => rendons
s . CommonRomance.VImper CommonRomance.PlP2 => rendez
s . CommonRomance.VPart CommonRomance.Masc ParamX.Sg => rendu
s . CommonRomance.VPart CommonRomance.Masc ParamX.Pl => rendus
s . CommonRomance.VPart CommonRomance.Fem ParamX.Sg => rendue
s . CommonRomance.VPart CommonRomance.Fem ParamX.Pl => rendues
s . CommonRomance.VGer => rendant
