s . CommonRomance.VInfin Prelude.False => battre
s . CommonRomance.VInfin Prelude.True => battre
s . CommonRomance.VFin (CommonRomance.VPres CommonRomance.Indic) ParamX.Sg ParamX.P1 => bats
s . CommonRomance.VFin (CommonRomance.VPres CommonRomance.Indic) ParamX.Sg ParamX.P2 => bats
s . CommonRomance.VFin (CommonRomance.VPres CommonRomance.Indic) ParamX.Sg ParamX.P3 => bat
s . CommonRomance.VFin (CommonRomance.VPres CommonRomance.Indic) ParamX.Pl ParamX.P1 => battons
s . CommonRomance.VFin (CommonRomance.VPres CommonRomance.Indic) ParamX.Pl ParamX.P2 => battez
s . CommonRomance.VFin (CommonRomance.VPres CommonRomance.Indic) ParamX.Pl ParamX.P3 => battent
s . CommonRomance.VFin (CommonRomance.VPres CommonRomance.Conjunct) ParamX.Sg ParamX.P1 => batte
s . CommonRomance.VFin (CommonRomance.VPres CommonRomance.Conjunct) ParamX.Sg ParamX.P2 => battes
s . CommonRomance.VFin (CommonRomance.VPres CommonRomance.Conjunct) ParamX.Sg ParamX.P3 => batte
s . CommonRomance.VFin (CommonRomance.VPres CommonRomance.Conjunct) ParamX.Pl ParamX.P1 => battions
s . CommonRomance.VFin (CommonRomance.VPres CommonRomance.Conjunct) ParamX.Pl ParamX.P2 => battiez
s . CommonRomance.VFin (CommonRomance.VPres CommonRomance.Conjunct) ParamX.Pl ParamX.P3 => battent
s . CommonRomance.VFin (CommonRomance.VImperf CommonRomance.Indic) ParamX.Sg ParamX.P1 => battais
s . CommonRomance.VFin (CommonRomance.VImperf CommonRomance.Indic) ParamX.Sg ParamX.P2 => battais
s . CommonRomance.VFin (CommonRomance.VImperf CommonRomance.Indic) ParamX.Sg ParamX.P3 => battait
s . CommonRomance.VFin (CommonRomance.VImperf CommonRomance.Indic) ParamX.Pl ParamX.P1 => battions
s . CommonRomance.VFin (CommonRomance.VImperf CommonRomance.Indic) ParamX.Pl ParamX.P2 => battiez
s . CommonRomance.VFin (CommonRomance.VImperf CommonRomance.Indic) ParamX.Pl ParamX.P3 => battaient
s . CommonRomance.VFin (CommonRomance.VImperf CommonRomance.Conjunct) ParamX.Sg ParamX.P1 => battisse
s . CommonRomance.VFin (CommonRomance.VImperf CommonRomance.Conjunct) ParamX.Sg ParamX.P2 => battisses
s . CommonRomance.VFin (CommonRomance.VImperf CommonRomance.Conjunct) ParamX.Sg ParamX.P3 => battÃ®t
s . CommonRomance.VFin (CommonRomance.VImperf CommonRomance.Conjunct) ParamX.Pl ParamX.P1 => battissions
s . CommonRomance.VFin (CommonRomance.VImperf CommonRomance.Conjunct) ParamX.Pl ParamX.P2 => battissiez
s . CommonRomance.VFin (CommonRomance.VImperf CommonRomance.Conjunct) ParamX.Pl ParamX.P3 => battissent
s . CommonRomance.VFin CommonRomance.VPasse ParamX.Sg ParamX.P1 => battis
s . CommonRomance.VFin CommonRomance.VPasse ParamX.Sg ParamX.P2 => battis
s . CommonRomance.VFin CommonRomance.VPasse ParamX.Sg ParamX.P3 => battit
s . CommonRomance.VFin CommonRomance.VPasse ParamX.Pl ParamX.P1 => battÃ®mes
s . CommonRomance.VFin CommonRomance.VPasse ParamX.Pl ParamX.P2 => battÃ®tes
s . CommonRomance.VFin CommonRomance.VPasse ParamX.Pl ParamX.P3 => battirent
s . CommonRomance.VFin CommonRomance.VFut ParamX.Sg ParamX.P1 => battrai
s . CommonRomance.VFin CommonRomance.VFut ParamX.Sg ParamX.P2 => battras
s . CommonRomance.VFin CommonRomance.VFut ParamX.Sg ParamX.P3 => battra
s . CommonRomance.VFin CommonRomance.VFut ParamX.Pl ParamX.P1 => battrons
s . CommonRomance.VFin CommonRomance.VFut ParamX.Pl ParamX.P2 => battrez
s . CommonRomance.VFin CommonRomance.VFut ParamX.Pl ParamX.P3 => battront
s . CommonRomance.VFin CommonRomance.VCondit ParamX.Sg ParamX.P1 => battrais
s . CommonRomance.VFin CommonRomance.VCondit ParamX.Sg ParamX.P2 => battrais
s . CommonRomance.VFin CommonRomance.VCondit ParamX.Sg ParamX.P3 => battrait
s . CommonRomance.VFin CommonRomance.VCondit ParamX.Pl ParamX.P1 => battrions
s . CommonRomance.VFin CommonRomance.VCondit ParamX.Pl ParamX.P2 => battriez
s . CommonRomance.VFin CommonRomance.VCondit ParamX.Pl ParamX.P3 => battraient
s . CommonRomance.VImper CommonRomance.SgP2 => bats
s . CommonRomance.VImper CommonRomance.PlP1 => battons
s . CommonRomance.VImper CommonRomance.PlP2 => battez
s . CommonRomance.VPart CommonRomance.Masc ParamX.Sg => battu
s . CommonRomance.VPart CommonRomance.Masc ParamX.Pl => battus
s . CommonRomance.VPart CommonRomance.Fem ParamX.Sg => battue
s . CommonRomance.VPart CommonRomance.Fem ParamX.Pl => battues
s . CommonRomance.VGer => battant
