s . CommonRomance.VInfin Prelude.False => faire
s . CommonRomance.VInfin Prelude.True => faire
s . CommonRomance.VFin (CommonRomance.VPres CommonRomance.Indic) ParamX.Sg ParamX.P1 => fais
s . CommonRomance.VFin (CommonRomance.VPres CommonRomance.Indic) ParamX.Sg ParamX.P2 => fais
s . CommonRomance.VFin (CommonRomance.VPres CommonRomance.Indic) ParamX.Sg ParamX.P3 => fait
s . CommonRomance.VFin (CommonRomance.VPres CommonRomance.Indic) ParamX.Pl ParamX.P1 => faisons
s . CommonRomance.VFin (CommonRomance.VPres CommonRomance.Indic) ParamX.Pl ParamX.P2 => faites
s . CommonRomance.VFin (CommonRomance.VPres CommonRomance.Indic) ParamX.Pl ParamX.P3 => font
s . CommonRomance.VFin (CommonRomance.VPres CommonRomance.Conjunct) ParamX.Sg ParamX.P1 => fasse
s . CommonRomance.VFin (CommonRomance.VPres CommonRomance.Conjunct) ParamX.Sg ParamX.P2 => fasses
s . CommonRomance.VFin (CommonRomance.VPres CommonRomance.Conjunct) ParamX.Sg ParamX.P3 => fasse
s . CommonRomance.VFin (CommonRomance.VPres CommonRomance.Conjunct) ParamX.Pl ParamX.P1 => fassions
s . CommonRomance.VFin (CommonRomance.VPres CommonRomance.Conjunct) ParamX.Pl ParamX.P2 => fassiez
s . CommonRomance.VFin (CommonRomance.VPres CommonRomance.Conjunct) ParamX.Pl ParamX.P3 => fassent
s . CommonRomance.VFin (CommonRomance.VImperf CommonRomance.Indic) ParamX.Sg ParamX.P1 => faisais
s . CommonRomance.VFin (CommonRomance.VImperf CommonRomance.Indic) ParamX.Sg ParamX.P2 => faisais
s . CommonRomance.VFin (CommonRomance.VImperf CommonRomance.Indic) ParamX.Sg ParamX.P3 => faisait
s . CommonRomance.VFin (CommonRomance.VImperf CommonRomance.Indic) ParamX.Pl ParamX.P1 => faisions
s . CommonRomance.VFin (CommonRomance.VImperf CommonRomance.Indic) ParamX.Pl ParamX.P2 => faisiez
s . CommonRomance.VFin (CommonRomance.VImperf CommonRomance.Indic) ParamX.Pl ParamX.P3 => faisaient
s . CommonRomance.VFin (CommonRomance.VImperf CommonRomance.Conjunct) ParamX.Sg ParamX.P1 => fisse
s . CommonRomance.VFin (CommonRomance.VImperf CommonRomance.Conjunct) ParamX.Sg ParamX.P2 => fisses
s . CommonRomance.VFin (CommonRomance.VImperf CommonRomance.Conjunct) ParamX.Sg ParamX.P3 => fÃ®t
s . CommonRomance.VFin (CommonRomance.VImperf CommonRomance.Conjunct) ParamX.Pl ParamX.P1 => fissions
s . CommonRomance.VFin (CommonRomance.VImperf CommonRomance.Conjunct) ParamX.Pl ParamX.P2 => fissiez
s . CommonRomance.VFin (CommonRomance.VImperf CommonRomance.Conjunct) ParamX.Pl ParamX.P3 => fissent
s . CommonRomance.VFin CommonRomance.VPasse ParamX.Sg ParamX.P1 => fis
s . CommonRomance.VFin CommonRomance.VPasse ParamX.Sg ParamX.P2 => fis
s . CommonRomance.VFin CommonRomance.VPasse ParamX.Sg ParamX.P3 => fit
s . CommonRomance.VFin CommonRomance.VPasse ParamX.Pl ParamX.P1 => fÃ®mes
s . CommonRomance.VFin CommonRomance.VPasse ParamX.Pl ParamX.P2 => fÃ®tes
s . CommonRomance.VFin CommonRomance.VPasse ParamX.Pl ParamX.P3 => firent
s . CommonRomance.VFin CommonRomance.VFut ParamX.Sg ParamX.P1 => ferai
s . CommonRomance.VFin CommonRomance.VFut ParamX.Sg ParamX.P2 => feras
s . CommonRomance.VFin CommonRomance.VFut ParamX.Sg ParamX.P3 => fera
s . CommonRomance.VFin CommonRomance.VFut ParamX.Pl ParamX.P1 => ferons
s . CommonRomance.VFin CommonRomance.VFut ParamX.Pl ParamX.P2 => ferez
s . CommonRomance.VFin CommonRomance.VFut ParamX.Pl ParamX.P3 => feront
s . CommonRomance.VFin CommonRomance.VCondit ParamX.Sg ParamX.P1 => ferais
s . CommonRomance.VFin CommonRomance.VCondit ParamX.Sg ParamX.P2 => ferais
s . CommonRomance.VFin CommonRomance.VCondit ParamX.Sg ParamX.P3 => ferait
s . CommonRomance.VFin CommonRomance.VCondit ParamX.Pl ParamX.P1 => ferions
s . CommonRomance.VFin CommonRomance.VCondit ParamX.Pl ParamX.P2 => feriez
s . CommonRomance.VFin CommonRomance.VCondit ParamX.Pl ParamX.P3 => feraient
s . CommonRomance.VImper CommonRomance.SgP2 => fais
s . CommonRomance.VImper CommonRomance.PlP1 => faisons
s . CommonRomance.VImper CommonRomance.PlP2 => faites
s . CommonRomance.VPart CommonRomance.Masc ParamX.Sg => fait
s . CommonRomance.VPart CommonRomance.Masc ParamX.Pl => faits
s . CommonRomance.VPart CommonRomance.Fem ParamX.Sg => faite
s . CommonRomance.VPart CommonRomance.Fem ParamX.Pl => faites
s . CommonRomance.VGer => faisant
