s . CommonRomance.VInfin Prelude.False => plaire
s . CommonRomance.VInfin Prelude.True => plaire
s . CommonRomance.VFin (CommonRomance.VPres CommonRomance.Indic) ParamX.Sg ParamX.P1 => plais
s . CommonRomance.VFin (CommonRomance.VPres CommonRomance.Indic) ParamX.Sg ParamX.P2 => plais
s . CommonRomance.VFin (CommonRomance.VPres CommonRomance.Indic) ParamX.Sg ParamX.P3 => plaît
s . CommonRomance.VFin (CommonRomance.VPres CommonRomance.Indic) ParamX.Pl ParamX.P1 => plaisons
s . CommonRomance.VFin (CommonRomance.VPres CommonRomance.Indic) ParamX.Pl ParamX.P2 => plaisez
s . CommonRomance.VFin (CommonRomance.VPres CommonRomance.Indic) ParamX.Pl ParamX.P3 => plaisent
s . CommonRomance.VFin (CommonRomance.VPres CommonRomance.Conjunct) ParamX.Sg ParamX.P1 => plaise
s . CommonRomance.VFin (CommonRomance.VPres CommonRomance.Conjunct) ParamX.Sg ParamX.P2 => plaises
s . CommonRomance.VFin (CommonRomance.VPres CommonRomance.Conjunct) ParamX.Sg ParamX.P3 => plaise
s . CommonRomance.VFin (CommonRomance.VPres CommonRomance.Conjunct) ParamX.Pl ParamX.P1 => plaisions
s . CommonRomance.VFin (CommonRomance.VPres CommonRomance.Conjunct) ParamX.Pl ParamX.P2 => plaisiez
s . CommonRomance.VFin (CommonRomance.VPres CommonRomance.Conjunct) ParamX.Pl ParamX.P3 => plaisent
s . CommonRomance.VFin (CommonRomance.VImperf CommonRomance.Indic) ParamX.Sg ParamX.P1 => plaisais
s . CommonRomance.VFin (CommonRomance.VImperf CommonRomance.Indic) ParamX.Sg ParamX.P2 => plaisais
s . CommonRomance.VFin (CommonRomance.VImperf CommonRomance.Indic) ParamX.Sg ParamX.P3 => plaisait
s . CommonRomance.VFin (CommonRomance.VImperf CommonRomance.Indic) ParamX.Pl ParamX.P1 => plaisions
s . CommonRomance.VFin (CommonRomance.VImperf CommonRomance.Indic) ParamX.Pl ParamX.P2 => plaisiez
s . CommonRomance.VFin (CommonRomance.VImperf CommonRomance.Indic) ParamX.Pl ParamX.P3 => plaisaient
s . CommonRomance.VFin (CommonRomance.VImperf CommonRomance.Conjunct) ParamX.Sg ParamX.P1 => plusse
s . CommonRomance.VFin (CommonRomance.VImperf CommonRomance.Conjunct) ParamX.Sg ParamX.P2 => plusses
s . CommonRomance.VFin (CommonRomance.VImperf CommonRomance.Conjunct) ParamX.Sg ParamX.P3 => plût
s . CommonRomance.VFin (CommonRomance.VImperf CommonRomance.Conjunct) ParamX.Pl ParamX.P1 => plussions
s . CommonRomance.VFin (CommonRomance.VImperf CommonRomance.Conjunct) ParamX.Pl ParamX.P2 => plussiez
s . CommonRomance.VFin (CommonRomance.VImperf CommonRomance.Conjunct) ParamX.Pl ParamX.P3 => plussent
s . CommonRomance.VFin CommonRomance.VPasse ParamX.Sg ParamX.P1 => plus
s . CommonRomance.VFin CommonRomance.VPasse ParamX.Sg ParamX.P2 => plus
s . CommonRomance.VFin CommonRomance.VPasse ParamX.Sg ParamX.P3 => plut
s . CommonRomance.VFin CommonRomance.VPasse ParamX.Pl ParamX.P1 => plûmes
s . CommonRomance.VFin CommonRomance.VPasse ParamX.Pl ParamX.P2 => plûtes
s . CommonRomance.VFin CommonRomance.VPasse ParamX.Pl ParamX.P3 => plurent
s . CommonRomance.VFin CommonRomance.VFut ParamX.Sg ParamX.P1 => plairai
s . CommonRomance.VFin CommonRomance.VFut ParamX.Sg ParamX.P2 => plairas
s . CommonRomance.VFin CommonRomance.VFut ParamX.Sg ParamX.P3 => plaira
s . CommonRomance.VFin CommonRomance.VFut ParamX.Pl ParamX.P1 => plairons
s . CommonRomance.VFin CommonRomance.VFut ParamX.Pl ParamX.P2 => plairez
s . CommonRomance.VFin CommonRomance.VFut ParamX.Pl ParamX.P3 => plairont
s . CommonRomance.VFin CommonRomance.VCondit ParamX.Sg ParamX.P1 => plairais
s . CommonRomance.VFin CommonRomance.VCondit ParamX.Sg ParamX.P2 => plairais
s . CommonRomance.VFin CommonRomance.VCondit ParamX.Sg ParamX.P3 => plairait
s . CommonRomance.VFin CommonRomance.VCondit ParamX.Pl ParamX.P1 => plairions
s . CommonRomance.VFin CommonRomance.VCondit ParamX.Pl ParamX.P2 => plairiez
s . CommonRomance.VFin CommonRomance.VCondit ParamX.Pl ParamX.P3 => plairaient
s . CommonRomance.VImper CommonRomance.SgP2 => plais
s . CommonRomance.VImper CommonRomance.PlP1 => plaisons
s . CommonRomance.VImper CommonRomance.PlP2 => plaisez
s . CommonRomance.VPart CommonRomance.Masc ParamX.Sg => plu
s . CommonRomance.VPart CommonRomance.Masc ParamX.Pl => plus
s . CommonRomance.VPart CommonRomance.Fem ParamX.Sg => plue
s . CommonRomance.VPart CommonRomance.Fem ParamX.Pl => plues
s . CommonRomance.VGer => plaisant
