s . CommonRomance.VInfin Prelude.False => moudre
s . CommonRomance.VInfin Prelude.True => moudre
s . CommonRomance.VFin (CommonRomance.VPres CommonRomance.Indic) ParamX.Sg ParamX.P1 => mouds
s . CommonRomance.VFin (CommonRomance.VPres CommonRomance.Indic) ParamX.Sg ParamX.P2 => mouds
s . CommonRomance.VFin (CommonRomance.VPres CommonRomance.Indic) ParamX.Sg ParamX.P3 => moud
s . CommonRomance.VFin (CommonRomance.VPres CommonRomance.Indic) ParamX.Pl ParamX.P1 => moulons
s . CommonRomance.VFin (CommonRomance.VPres CommonRomance.Indic) ParamX.Pl ParamX.P2 => moulez
s . CommonRomance.VFin (CommonRomance.VPres CommonRomance.Indic) ParamX.Pl ParamX.P3 => moulent
s . CommonRomance.VFin (CommonRomance.VPres CommonRomance.Conjunct) ParamX.Sg ParamX.P1 => moule
s . CommonRomance.VFin (CommonRomance.VPres CommonRomance.Conjunct) ParamX.Sg ParamX.P2 => moules
s . CommonRomance.VFin (CommonRomance.VPres CommonRomance.Conjunct) ParamX.Sg ParamX.P3 => moule
s . CommonRomance.VFin (CommonRomance.VPres CommonRomance.Conjunct) ParamX.Pl ParamX.P1 => moulions
s . CommonRomance.VFin (CommonRomance.VPres CommonRomance.Conjunct) ParamX.Pl ParamX.P2 => mouliez
s . CommonRomance.VFin (CommonRomance.VPres CommonRomance.Conjunct) ParamX.Pl ParamX.P3 => moulent
s . CommonRomance.VFin (CommonRomance.VImperf CommonRomance.Indic) ParamX.Sg ParamX.P1 => moulais
s . CommonRomance.VFin (CommonRomance.VImperf CommonRomance.Indic) ParamX.Sg ParamX.P2 => moulais
s . CommonRomance.VFin (CommonRomance.VImperf CommonRomance.Indic) ParamX.Sg ParamX.P3 => moulait
s . CommonRomance.VFin (CommonRomance.VImperf CommonRomance.Indic) ParamX.Pl ParamX.P1 => moulions
s . CommonRomance.VFin (CommonRomance.VImperf CommonRomance.Indic) ParamX.Pl ParamX.P2 => mouliez
s . CommonRomance.VFin (CommonRomance.VImperf CommonRomance.Indic) ParamX.Pl ParamX.P3 => moulaient
s . CommonRomance.VFin (CommonRomance.VImperf CommonRomance.Conjunct) ParamX.Sg ParamX.P1 => moulusse
s . CommonRomance.VFin (CommonRomance.VImperf CommonRomance.Conjunct) ParamX.Sg ParamX.P2 => moulusses
s . CommonRomance.VFin (CommonRomance.VImperf CommonRomance.Conjunct) ParamX.Sg ParamX.P3 => moulût
s . CommonRomance.VFin (CommonRomance.VImperf CommonRomance.Conjunct) ParamX.Pl ParamX.P1 => moulussions
s . CommonRomance.VFin (CommonRomance.VImperf CommonRomance.Conjunct) ParamX.Pl ParamX.P2 => moulussiez
s . CommonRomance.VFin (CommonRomance.VImperf CommonRomance.Conjunct) ParamX.Pl ParamX.P3 => moulussent
s . CommonRomance.VFin CommonRomance.VPasse ParamX.Sg ParamX.P1 => moulus
s . CommonRomance.VFin CommonRomance.VPasse ParamX.Sg ParamX.P2 => moulus
s . CommonRomance.VFin CommonRomance.VPasse ParamX.Sg ParamX.P3 => moulut
s . CommonRomance.VFin CommonRomance.VPasse ParamX.Pl ParamX.P1 => moulûmes
s . CommonRomance.VFin CommonRomance.VPasse ParamX.Pl ParamX.P2 => moulûtes
s . CommonRomance.VFin CommonRomance.VPasse ParamX.Pl ParamX.P3 => moulurent
s . CommonRomance.VFin CommonRomance.VFut ParamX.Sg ParamX.P1 => moudrai
s . CommonRomance.VFin CommonRomance.VFut ParamX.Sg ParamX.P2 => moudras
s . CommonRomance.VFin CommonRomance.VFut ParamX.Sg ParamX.P3 => moudra
s . CommonRomance.VFin CommonRomance.VFut ParamX.Pl ParamX.P1 => moudrons
s . CommonRomance.VFin CommonRomance.VFut ParamX.Pl ParamX.P2 => moudrez
s . CommonRomance.VFin CommonRomance.VFut ParamX.Pl ParamX.P3 => moudront
s . CommonRomance.VFin CommonRomance.VCondit ParamX.Sg ParamX.P1 => moudrais
s . CommonRomance.VFin CommonRomance.VCondit ParamX.Sg ParamX.P2 => moudrais
s . CommonRomance.VFin CommonRomance.VCondit ParamX.Sg ParamX.P3 => moudrait
s . CommonRomance.VFin CommonRomance.VCondit ParamX.Pl ParamX.P1 => moudrions
s . CommonRomance.VFin CommonRomance.VCondit ParamX.Pl ParamX.P2 => moudriez
s . CommonRomance.VFin CommonRomance.VCondit ParamX.Pl ParamX.P3 => moudraient
s . CommonRomance.VImper CommonRomance.SgP2 => mouds
s . CommonRomance.VImper CommonRomance.PlP1 => moulons
s . CommonRomance.VImper CommonRomance.PlP2 => moulez
s . CommonRomance.VPart CommonRomance.Masc ParamX.Sg => moulu
s . CommonRomance.VPart CommonRomance.Masc ParamX.Pl => moulus
s . CommonRomance.VPart CommonRomance.Fem ParamX.Sg => moulue
s . CommonRomance.VPart CommonRomance.Fem ParamX.Pl => moulues
s . CommonRomance.VGer => moulant
