s . CommonRomance.VInfin Prelude.False => suivre
s . CommonRomance.VInfin Prelude.True => suivre
s . CommonRomance.VFin (CommonRomance.VPres CommonRomance.Indic) ParamX.Sg ParamX.P1 => suis
s . CommonRomance.VFin (CommonRomance.VPres CommonRomance.Indic) ParamX.Sg ParamX.P2 => suis
s . CommonRomance.VFin (CommonRomance.VPres CommonRomance.Indic) ParamX.Sg ParamX.P3 => suit
s . CommonRomance.VFin (CommonRomance.VPres CommonRomance.Indic) ParamX.Pl ParamX.P1 => suivons
s . CommonRomance.VFin (CommonRomance.VPres CommonRomance.Indic) ParamX.Pl ParamX.P2 => suivez
s . CommonRomance.VFin (CommonRomance.VPres CommonRomance.Indic) ParamX.Pl ParamX.P3 => suivent
s . CommonRomance.VFin (CommonRomance.VPres CommonRomance.Conjunct) ParamX.Sg ParamX.P1 => suive
s . CommonRomance.VFin (CommonRomance.VPres CommonRomance.Conjunct) ParamX.Sg ParamX.P2 => suives
s . CommonRomance.VFin (CommonRomance.VPres CommonRomance.Conjunct) ParamX.Sg ParamX.P3 => suive
s . CommonRomance.VFin (CommonRomance.VPres CommonRomance.Conjunct) ParamX.Pl ParamX.P1 => suivions
s . CommonRomance.VFin (CommonRomance.VPres CommonRomance.Conjunct) ParamX.Pl ParamX.P2 => suiviez
s . CommonRomance.VFin (CommonRomance.VPres CommonRomance.Conjunct) ParamX.Pl ParamX.P3 => suivent
s . CommonRomance.VFin (CommonRomance.VImperf CommonRomance.Indic) ParamX.Sg ParamX.P1 => suivais
s . CommonRomance.VFin (CommonRomance.VImperf CommonRomance.Indic) ParamX.Sg ParamX.P2 => suivais
s . CommonRomance.VFin (CommonRomance.VImperf CommonRomance.Indic) ParamX.Sg ParamX.P3 => suivait
s . CommonRomance.VFin (CommonRomance.VImperf CommonRomance.Indic) ParamX.Pl ParamX.P1 => suivions
s . CommonRomance.VFin (CommonRomance.VImperf CommonRomance.Indic) ParamX.Pl ParamX.P2 => suiviez
s . CommonRomance.VFin (CommonRomance.VImperf CommonRomance.Indic) ParamX.Pl ParamX.P3 => suivaient
s . CommonRomance.VFin (CommonRomance.VImperf CommonRomance.Conjunct) ParamX.Sg ParamX.P1 => suivisse
s . CommonRomance.VFin (CommonRomance.VImperf CommonRomance.Conjunct) ParamX.Sg ParamX.P2 => suivisses
s . CommonRomance.VFin (CommonRomance.VImperf CommonRomance.Conjunct) ParamX.Sg ParamX.P3 => suivÃ®t
s . CommonRomance.VFin (CommonRomance.VImperf CommonRomance.Conjunct) ParamX.Pl ParamX.P1 => suivissions
s . CommonRomance.VFin (CommonRomance.VImperf CommonRomance.Conjunct) ParamX.Pl ParamX.P2 => suivissiez
s . CommonRomance.VFin (CommonRomance.VImperf CommonRomance.Conjunct) ParamX.Pl ParamX.P3 => suivissent
s . CommonRomance.VFin CommonRomance.VPasse ParamX.Sg ParamX.P1 => suivis
s . CommonRomance.VFin CommonRomance.VPasse ParamX.Sg ParamX.P2 => suivis
s . CommonRomance.VFin CommonRomance.VPasse ParamX.Sg ParamX.P3 => suivit
s . CommonRomance.VFin CommonRomance.VPasse ParamX.Pl ParamX.P1 => suivÃ®mes
s . CommonRomance.VFin CommonRomance.VPasse ParamX.Pl ParamX.P2 => suivÃ®tes
s . CommonRomance.VFin CommonRomance.VPasse ParamX.Pl ParamX.P3 => suivirent
s . CommonRomance.VFin CommonRomance.VFut ParamX.Sg ParamX.P1 => suivrai
s . CommonRomance.VFin CommonRomance.VFut ParamX.Sg ParamX.P2 => suivras
s . CommonRomance.VFin CommonRomance.VFut ParamX.Sg ParamX.P3 => suivra
s . CommonRomance.VFin CommonRomance.VFut ParamX.Pl ParamX.P1 => suivrons
s . CommonRomance.VFin CommonRomance.VFut ParamX.Pl ParamX.P2 => suivrez
s . CommonRomance.VFin CommonRomance.VFut ParamX.Pl ParamX.P3 => suivront
s . CommonRomance.VFin CommonRomance.VCondit ParamX.Sg ParamX.P1 => suivrais
s . CommonRomance.VFin CommonRomance.VCondit ParamX.Sg ParamX.P2 => suivrais
s . CommonRomance.VFin CommonRomance.VCondit ParamX.Sg ParamX.P3 => suivrait
s . CommonRomance.VFin CommonRomance.VCondit ParamX.Pl ParamX.P1 => suivrions
s . CommonRomance.VFin CommonRomance.VCondit ParamX.Pl ParamX.P2 => suivriez
s . CommonRomance.VFin CommonRomance.VCondit ParamX.Pl ParamX.P3 => suivraient
s . CommonRomance.VImper CommonRomance.SgP2 => suis
s . CommonRomance.VImper CommonRomance.PlP1 => suivons
s . CommonRomance.VImper CommonRomance.PlP2 => suivez
s . CommonRomance.VPart CommonRomance.Masc ParamX.Sg => suivi
s . CommonRomance.VPart CommonRomance.Masc ParamX.Pl => suivis
s . CommonRomance.VPart CommonRomance.Fem ParamX.Sg => suivie
s . CommonRomance.VPart CommonRomance.Fem ParamX.Pl => suivies
s . CommonRomance.VGer => suivant
