s . CommonRomance.VInfin Prelude.False => dire
s . CommonRomance.VInfin Prelude.True => dire
s . CommonRomance.VFin (CommonRomance.VPres CommonRomance.Indic) ParamX.Sg ParamX.P1 => dis
s . CommonRomance.VFin (CommonRomance.VPres CommonRomance.Indic) ParamX.Sg ParamX.P2 => dis
s . CommonRomance.VFin (CommonRomance.VPres CommonRomance.Indic) ParamX.Sg ParamX.P3 => dit
s . CommonRomance.VFin (CommonRomance.VPres CommonRomance.Indic) ParamX.Pl ParamX.P1 => disons
s . CommonRomance.VFin (CommonRomance.VPres CommonRomance.Indic) ParamX.Pl ParamX.P2 => dites
s . CommonRomance.VFin (CommonRomance.VPres CommonRomance.Indic) ParamX.Pl ParamX.P3 => disent
s . CommonRomance.VFin (CommonRomance.VPres CommonRomance.Conjunct) ParamX.Sg ParamX.P1 => dise
s . CommonRomance.VFin (CommonRomance.VPres CommonRomance.Conjunct) ParamX.Sg ParamX.P2 => dises
s . CommonRomance.VFin (CommonRomance.VPres CommonRomance.Conjunct) ParamX.Sg ParamX.P3 => dise
s . CommonRomance.VFin (CommonRomance.VPres CommonRomance.Conjunct) ParamX.Pl ParamX.P1 => disions
s . CommonRomance.VFin (CommonRomance.VPres CommonRomance.Conjunct) ParamX.Pl ParamX.P2 => disiez
s . CommonRomance.VFin (CommonRomance.VPres CommonRomance.Conjunct) ParamX.Pl ParamX.P3 => disent
s . CommonRomance.VFin (CommonRomance.VImperf CommonRomance.Indic) ParamX.Sg ParamX.P1 => disais
s . CommonRomance.VFin (CommonRomance.VImperf CommonRomance.Indic) ParamX.Sg ParamX.P2 => disais
s . CommonRomance.VFin (CommonRomance.VImperf CommonRomance.Indic) ParamX.Sg ParamX.P3 => disait
s . CommonRomance.VFin (CommonRomance.VImperf CommonRomance.Indic) ParamX.Pl ParamX.P1 => disions
s . CommonRomance.VFin (CommonRomance.VImperf CommonRomance.Indic) ParamX.Pl ParamX.P2 => disiez
s . CommonRomance.VFin (CommonRomance.VImperf CommonRomance.Indic) ParamX.Pl ParamX.P3 => disaient
s . CommonRomance.VFin (CommonRomance.VImperf CommonRomance.Conjunct) ParamX.Sg ParamX.P1 => disse
s . CommonRomance.VFin (CommonRomance.VImperf CommonRomance.Conjunct) ParamX.Sg ParamX.P2 => disses
s . CommonRomance.VFin (CommonRomance.VImperf CommonRomance.Conjunct) ParamX.Sg ParamX.P3 => dît
s . CommonRomance.VFin (CommonRomance.VImperf CommonRomance.Conjunct) ParamX.Pl ParamX.P1 => dissions
s . CommonRomance.VFin (CommonRomance.VImperf CommonRomance.Conjunct) ParamX.Pl ParamX.P2 => dissiez
s . CommonRomance.VFin (CommonRomance.VImperf CommonRomance.Conjunct) ParamX.Pl ParamX.P3 => dissent
s . CommonRomance.VFin CommonRomance.VPasse ParamX.Sg ParamX.P1 => dis
s . CommonRomance.VFin CommonRomance.VPasse ParamX.Sg ParamX.P2 => dis
s . CommonRomance.VFin CommonRomance.VPasse ParamX.Sg ParamX.P3 => dit
s . CommonRomance.VFin CommonRomance.VPasse ParamX.Pl ParamX.P1 => dîmes
s . CommonRomance.VFin CommonRomance.VPasse ParamX.Pl ParamX.P2 => dîtes
s . CommonRomance.VFin CommonRomance.VPasse ParamX.Pl ParamX.P3 => dirent
s . CommonRomance.VFin CommonRomance.VFut ParamX.Sg ParamX.P1 => dirai
s . CommonRomance.VFin CommonRomance.VFut ParamX.Sg ParamX.P2 => diras
s . CommonRomance.VFin CommonRomance.VFut ParamX.Sg ParamX.P3 => dira
s . CommonRomance.VFin CommonRomance.VFut ParamX.Pl ParamX.P1 => dirons
s . CommonRomance.VFin CommonRomance.VFut ParamX.Pl ParamX.P2 => direz
s . CommonRomance.VFin CommonRomance.VFut ParamX.Pl ParamX.P3 => diront
s . CommonRomance.VFin CommonRomance.VCondit ParamX.Sg ParamX.P1 => dirais
s . CommonRomance.VFin CommonRomance.VCondit ParamX.Sg ParamX.P2 => dirais
s . CommonRomance.VFin CommonRomance.VCondit ParamX.Sg ParamX.P3 => dirait
s . CommonRomance.VFin CommonRomance.VCondit ParamX.Pl ParamX.P1 => dirions
s . CommonRomance.VFin CommonRomance.VCondit ParamX.Pl ParamX.P2 => diriez
s . CommonRomance.VFin CommonRomance.VCondit ParamX.Pl ParamX.P3 => diraient
s . CommonRomance.VImper CommonRomance.SgP2 => dis
s . CommonRomance.VImper CommonRomance.PlP1 => disons
s . CommonRomance.VImper CommonRomance.PlP2 => dites
s . CommonRomance.VPart CommonRomance.Masc ParamX.Sg => dit
s . CommonRomance.VPart CommonRomance.Masc ParamX.Pl => dits
s . CommonRomance.VPart CommonRomance.Fem ParamX.Sg => dite
s . CommonRomance.VPart CommonRomance.Fem ParamX.Pl => dites
s . CommonRomance.VGer => disant
